2026-09-07 15:49:57,138 | INFO | JSON lookup loaded: 0 Maps URLs
2026-09-07 15:50:02,095 | INFO | Existing URL check | maps_col=google_maps_url | url_col=URL | maps='' | url='' | reusable=''
2026-09-07 15:50:02,098 | INFO | Google Maps ADDRESS search 1/3: Hotel, Khách sạn Minh Thư
2026-09-07 15:50:07,354 | INFO | VERIFY ADDRESS | input_title='Khách sạn Minh Thư' | actual_title='HOTEL MINH THƯ 2' | input_address='Hotel' | actual_address='' | title_score=0.588 | address_score=0.000 | location_score=0.000 | exact_identity=False | input_has_address=True | success=False | reason=ADDRESS_TITLE_MISMATCH | url='https://www.google.com/maps/place/HOTEL+MINH+TH%C6%AF+2/data=!4m10!3m9!1s0x3175291689e653af:0xc6b81791415680c0!5m2!4m1!1i2!8m2!3d10.8400344!4d106.6500637!16s/g/11h7_nf3lt!19sChIJr1PmiRYpdTERwIBWQZEXuMY?authuser=0&hl=vi&g_ep=EgoyMDI2MDkwMi4wIJJjKgBIAVAD&rclk=1'
2026-09-07 15:50:10,599 | INFO | VERIFY ADDRESS | input_title='Khách sạn Minh Thư' | actual_title='Khách Sạn Minh Thư' | input_address='Hotel' | actual_address='' | title_score=1.000 | address_score=0.000 | location_score=0.000 | exact_identity=True | input_has_address=True | success=False | reason=ADDRESS_UNAVAILABLE | url='https://www.google.com/maps/place/Kh%C3%A1ch+S%E1%BA%A1n+Minh+Th%C6%B0/data=!4m10!3m9!1s0x3175297a864d1849:0x31be75d22f2a10a7!5m2!4m1!1i2!8m2!3d10.8275196!4d106.6402091!16s/g/1hc97xkns!19sChIJSRhNhnopdTERpxAqL9J1vjE?authuser=0&hl=vi&g_ep=EgoyMDI2MDkwMi4wIJJjKgBIAVAD&rclk=1'
2026-09-07 15:50:12,503 | INFO | VERIFY ADDRESS | input_title='Khách sạn Minh Thư' | actual_title='Khách Sạn minh thư' | input_address='Hotel' | actual_address='' | title_score=1.000 | address_score=0.000 | location_score=0.000 | exact_identity=True | input_has_address=True | success=False | reason=ADDRESS_UNAVAILABLE | url='https://www.google.com/maps/place/Kh%C3%A1ch+S%E1%BA%A1n+minh+th%C6%B0/data=!4m7!3m6!1s0x317529a66c9d7585:0x2bcbfc22906c048f!8m2!3d10.844736!4d106.6606079!16s/g/11gfk5_cr_!19sChIJhXWdbKYpdTERjwRskCL8yys?authuser=0&hl=vi&g_ep=EgoyMDI2MDkwMi4wIJJjKgBIAVAD&rclk=1'
2026-09-07 15:50:12,503 | INFO | Google Maps ADDRESS search 2/3: Khách sạn Minh Thư, Hotel
2026-09-07 15:50:17,217 | INFO | VERIFY ADDRESS | input_title='Khách sạn Minh Thư' | actual_title='HOTEL MINH THƯ 2' | input_address='Hotel' | actual_address='' | title_score=0.588 | address_score=0.000 | location_score=0.000 | exact_identity=False | input_has_address=True | success=False | reason=ADDRESS_TITLE_MISMATCH | url='https://www.google.com/maps/place/HOTEL+MINH+TH%C6%AF+2/data=!4m10!3m9!1s0x3175291689e653af:0xc6b81791415680c0!5m2!4m1!1i2!8m2!3d10.8400344!4d106.6500637!16s/g/11h7_nf3lt!19sChIJr1PmiRYpdTERwIBWQZEXuMY?authuser=0&hl=vi&g_ep=EgoyMDI2MDkwMi4wIJJjKgBIAVAD&rclk=1'
2026-09-07 15:50:19,026 | INFO | VERIFY ADDRESS | input_title='Khách sạn Minh Thư' | actual_title='Khách Sạn Minh Thư' | input_address='Hotel' | actual_address='' | title_score=1.000 | address_score=0.000 | location_score=0.000 | exact_identity=True | input_has_address=True | success=False | reason=ADDRESS_UNAVAILABLE | url='https://www.google.com/maps/place/Kh%C3%A1ch+S%E1%BA%A1n+Minh+Th%C6%B0/data=!4m10!3m9!1s0x3175297a864d1849:0x31be75d22f2a10a7!5m2!4m1!1i2!8m2!3d10.8275196!4d106.6402091!16s/g/1hc97xkns!19sChIJSRhNhnopdTERpxAqL9J1vjE?authuser=0&hl=vi&g_ep=EgoyMDI2MDkwMi4wIJJjKgBIAVAD&rclk=1'
2026-09-07 15:50:20,689 | INFO | VERIFY ADDRESS | input_title='Khách sạn Minh Thư' | actual_title='Khách Sạn minh thư' | input_address='Hotel' | actual_address='' | title_score=1.000 | address_score=0.000 | location_score=0.000 | exact_identity=True | input_has_address=True | success=False | reason=ADDRESS_UNAVAILABLE | url='https://www.google.com/maps/place/Kh%C3%A1ch+S%E1%BA%A1n+minh+th%C6%B0/data=!4m7!3m6!1s0x317529a66c9d7585:0x2bcbfc22906c048f!8m2!3d10.844736!4d106.6606079!16s/g/11gfk5_cr_!19sChIJhXWdbKYpdTERjwRskCL8yys?authuser=0&hl=vi&g_ep=EgoyMDI2MDkwMi4wIJJjKgBIAVAD&rclk=1'
2026-09-07 15:50:20,689 | INFO | Google Maps ADDRESS search 3/3: Hotel
2026-09-07 15:50:28,933 | INFO | VERIFY ADDRESS | input_title='Khách sạn Minh Thư' | actual_title='Khách Sạn Minh Thư' | input_address='Hotel' | actual_address='' | title_score=1.000 | address_score=0.000 | location_score=0.000 | exact_identity=True | input_has_address=True | success=False | reason=ADDRESS_UNAVAILABLE | url='https://www.google.com/maps/place/Kh%C3%A1ch+S%E1%BA%A1n+Minh+Th%C6%B0/data=!4m10!3m9!1s0x3175297a864d1849:0x31be75d22f2a10a7!5m2!4m1!1i2!8m2!3d10.8275196!4d106.6402091!16s/g/1hc97xkns!19sChIJSRhNhnopdTERpxAqL9J1vjE?authuser=0&hl=vi&g_ep=EgoyMDI2MDkwMi4wIJJjKgBIAVAD&rclk=1'
2026-09-07 15:50:30,365 | INFO | VERIFY ADDRESS | input_title='Khách sạn Minh Thư' | actual_title='Khách Sạn Anh Anh' | input_address='Hotel' | actual_address='' | title_score=0.800 | address_score=0.000 | location_score=0.000 | exact_identity=False | input_has_address=True | success=False | reason=ADDRESS_TITLE_MISMATCH | url='https://www.google.com/maps/place/Kh%C3%A1ch+S%E1%BA%A1n+Anh+Anh/data=!4m10!3m9!1s0x3175296541a3dc53:0x7128c28389863843!5m2!4m1!1i2!8m2!3d10.824012!4d106.6398122!16s/g/11b67p25x2!19sChIJU9yjQWUpdTERQziGiYPCKHE?authuser=0&hl=vi&g_ep=EgoyMDI2MDkwMi4wIJJjKgBIAVAD&rclk=1'
2026-09-07 15:50:30,366 | INFO | ADDRESS PHASE FAILED -> TITLE FALLBACK | Khách sạn Minh Thư | Hotel
2026-09-07 15:50:30,366 | INFO | Google Maps TITLE fallback 1/2: Khách sạn Minh Thư
2026-09-07 15:50:37,216 | INFO | VERIFY TITLE | input_title='Khách sạn Minh Thư' | actual_title='Khách Sạn Minh Thư' | input_address='Hotel' | actual_address='' | title_score=1.000 | address_score=0.000 | location_score=0.000 | exact_identity=True | input_has_address=True | success=False | reason=ADDRESS_UNAVAILABLE | url='https://www.google.com/maps/place/Kh%C3%A1ch+S%E1%BA%A1n+Minh+Th%C6%B0/data=!4m10!3m9!1s0x3175297a864d1849:0x31be75d22f2a10a7!5m2!4m1!1i2!8m2!3d10.8275196!4d106.6402091!16s/g/1hc97xkns!19sChIJSRhNhnopdTERpxAqL9J1vjE?authuser=0&hl=vi&g_ep=EgoyMDI2MDkwMi4wIJJjKgBIAVAD&rclk=1'
2026-09-07 15:50:38,361 | INFO | VERIFY TITLE | input_title='Khách sạn Minh Thư' | actual_title='HOTEL MINH THƯ 2' | input_address='Hotel' | actual_address='' | title_score=0.588 | address_score=0.000 | location_score=0.000 | exact_identity=False | input_has_address=True | success=False | reason=TITLE_MISMATCH | url='https://www.google.com/maps/place/HOTEL+MINH+TH%C6%AF+2/data=!4m10!3m9!1s0x3175291689e653af:0xc6b81791415680c0!5m2!4m1!1i2!8m2!3d10.8400344!4d106.6500637!16s/g/11h7_nf3lt!19sChIJr1PmiRYpdTERwIBWQZEXuMY?authuser=0&hl=vi&g_ep=EgoyMDI2MDkwMi4wIJJjKgBIAVAD&rclk=1'
2026-09-07 15:50:40,187 | INFO | VERIFY TITLE | input_title='Khách sạn Minh Thư' | actual_title='Khách Sạn minh thư' | input_address='Hotel' | actual_address='' | title_score=1.000 | address_score=0.000 | location_score=0.000 | exact_identity=True | input_has_address=True | success=False | reason=ADDRESS_UNAVAILABLE | url='https://www.google.com/maps/place/Kh%C3%A1ch+S%E1%BA%A1n+minh+th%C6%B0/data=!4m7!3m6!1s0x317529a66c9d7585:0x2bcbfc22906c048f!8m2!3d10.844736!4d106.6606079!16s/g/11gfk5_cr_!19sChIJhXWdbKYpdTERjwRskCL8yys?authuser=0&hl=vi&g_ep=EgoyMDI2MDkwMi4wIJJjKgBIAVAD&rclk=1'
2026-09-07 15:50:40,188 | INFO | Google Maps TITLE fallback 2/2: Khách sạn Minh Thư, hotel
2026-09-07 15:50:47,520 | INFO | VERIFY TITLE | input_title='Khách sạn Minh Thư' | actual_title='Khách Sạn Minh Thư' | input_address='Hotel' | actual_address='' | title_score=1.000 | address_score=0.000 | location_score=0.000 | exact_identity=True | input_has_address=True | success=False | reason=ADDRESS_UNAVAILABLE | url='https://www.google.com/maps/place/Kh%C3%A1ch+S%E1%BA%A1n+Minh+Th%C6%B0/data=!4m10!3m9!1s0x3175297a864d1849:0x31be75d22f2a10a7!5m2!4m1!1i2!8m2!3d10.8275196!4d106.6402091!16s/g/1hc97xkns!19sChIJSRhNhnopdTERpxAqL9J1vjE?authuser=0&hl=vi&g_ep=EgoyMDI2MDkwMi4wIJJjKgBIAVAD&rclk=1'
2026-09-07 15:50:50,606 | INFO | VERIFY TITLE | input_title='Khách sạn Minh Thư' | actual_title='HOTEL MINH THƯ 2' | input_address='Hotel' | actual_address='' | title_score=0.588 | address_score=0.000 | location_score=0.000 | exact_identity=False | input_has_address=True | success=False | reason=TITLE_MISMATCH | url='https://www.google.com/maps/place/HOTEL+MINH+TH%C6%AF+2/data=!4m10!3m9!1s0x3175291689e653af:0xc6b81791415680c0!5m2!4m1!1i2!8m2!3d10.8400344!4d106.6500637!16s/g/11h7_nf3lt!19sChIJr1PmiRYpdTERwIBWQZEXuMY?authuser=0&hl=vi&g_ep=EgoyMDI2MDkwMi4wIJJjKgBIAVAD&rclk=1'
2026-09-07 15:50:54,217 | INFO | VERIFY TITLE | input_title='Khách sạn Minh Thư' | actual_title='Khách Sạn minh thư' | input_address='Hotel' | actual_address='' | title_score=1.000 | address_score=0.000 | location_score=0.000 | exact_identity=True | input_has_address=True | success=False | reason=ADDRESS_UNAVAILABLE | url='https://www.google.com/maps/place/Kh%C3%A1ch+S%E1%BA%A1n+minh+th%C6%B0/data=!4m7!3m6!1s0x317529a66c9d7585:0x2bcbfc22906c048f!8m2!3d10.844736!4d106.6606079!16s/g/11gfk5_cr_!19sChIJhXWdbKYpdTERjwRskCL8yys?authuser=0&hl=vi&g_ep=EgoyMDI2MDkwMi4wIJJjKgBIAVAD&rclk=1'
2026-09-07 15:50:54,217 | WARNING | Google Maps NOT_VERIFIED after ADDRESS + TITLE fallback | title='Khách sạn Minh Thư' | address='Hotel' | detail_reason=ADDRESS_UNAVAILABLE
2026-09-07 15:50:54,217 | INFO | EXCEL SEARCH RESULT | success=False | status=MISSING | reason=NOT_VERIFIED | detail_reason=ADDRESS_UNAVAILABLE | google_maps_url=None | url=None | cleaned_url=''
2026-09-07 15:50:55,894 | INFO | Existing URL check | maps_col=google_maps_url | url_col=URL | maps='' | url='' | reusable=''
2026-09-07 15:50:55,895 | INFO | Google Maps ADDRESS search 1/3: Hotel, Khách sạn New Star 2
2026-09-07 15:51:00,827 | INFO | DIRECT PLACE DETECTED DURING HYDRATION | attempt=4/4 | mode=address | title='Khách sạn New Star 2' | url='https://www.google.com/maps/place/Kh%C3%A1ch+s%E1%BA%A1n+New+Star+2/@11.5603733,105.9972104,17z/data=!3m1!4b1!4m9!3m8!1s0x310b635f38c41a11:0x4c26039d33249f27!5m2!4m1!1i2!8m2!3d11.5603733!4d105.9972104!16s%2Fg%2F11z9_3dvth?entry=ttu&g_ep=EgoyMDI2MDkwMi4wIKXMDSoASAFQAw%3D%3D'
2026-09-07 15:51:04,273 | INFO | VERIFY ADDRESS | input_title='Khách sạn New Star 2' | actual_title='Khách sạn New Star 2' | input_address='Hotel' | actual_address='546 QL22B, ấp Thạnh Trung, Tân Biên, Tây Ninh 80406, Việt Nam' | title_score=1.000 | address_score=0.000 | location_score=0.000 | exact_identity=True | input_has_address=True | success=False | reason=PROVINCE_MISMATCH | url='https://www.google.com/maps/place/Kh%C3%A1ch+s%E1%BA%A1n+New+Star+2/@11.5603733,105.9972104,17z/data=!3m1!4b1!4m9!3m8!1s0x310b635f38c41a11:0x4c26039d33249f27!5m2!4m1!1i2!8m2!3d11.5603733!4d105.9972104!16s%2Fg%2F11z9_3dvth?entry=ttu&g_ep=EgoyMDI2MDkwMi4wIKXMDSoASAFQAw%3D%3D'
2026-09-07 15:51:04,274 | INFO | Google Maps ADDRESS search 2/3: Khách sạn New Star 2, Hotel
2026-09-07 15:51:11,337 | INFO | VERIFY ADDRESS | input_title='Khách sạn New Star 2' | actual_title='New Star Inn Boutique Hotel' | input_address='Hotel' | actual_address='' | title_score=0.383 | address_score=0.000 | location_score=0.000 | exact_identity=False | input_has_address=True | success=False | reason=ADDRESS_TITLE_MISMATCH | url='https://www.google.com/maps/place/New+Star+Inn+Boutique+Hotel/data=!4m10!3m9!1s0x31752f3b6c36c3d3:0x831b3406845b46f7!5m2!4m1!1i2!8m2!3d10.7745638!4d106.6900388!16s/g/11dxnw179q!19sChIJ08M2bDsvdTER90ZbhAY0G4M?authuser=0&hl=vi&g_ep=EgoyMDI2MDkwMi4wIJJjKgBIAVAD&rclk=1'
2026-09-07 15:51:14,463 | INFO | VERIFY ADDRESS | input_title='Khách sạn New Star 2' | actual_title='Khách sạn New Star 2' | input_address='Hotel' | actual_address='' | title_score=1.000 | address_score=0.000 | location_score=0.000 | exact_identity=True | input_has_address=True | success=False | reason=ADDRESS_UNAVAILABLE | url='https://www.google.com/maps/place/Kh%C3%A1ch+s%E1%BA%A1n+New+Star+2/data=!4m10!3m9!1s0x310b635f38c41a11:0x4c26039d33249f27!5m2!4m1!1i2!8m2!3d11.5603733!4d105.9972104!16s/g/11z9_3dvth!19sChIJERrEOF9jCzERJ58kM50DJkw?authuser=0&hl=vi&g_ep=EgoyMDI2MDkwMi4wIJJjKgBIAVAD&rclk=1'
2026-09-07 15:51:19,268 | INFO | VERIFY ADDRESS | input_title='Khách sạn New Star 2' | actual_title='Khách sạn New Star' | input_address='Hotel' | actual_address='' | title_score=0.900 | address_score=0.000 | location_score=0.000 | exact_identity=False | input_has_address=True | success=False | reason=ADDRESS_UNAVAILABLE | url='https://www.google.com/maps/place/Kh%C3%A1ch+s%E1%BA%A1n+New+Star/data=!4m10!3m9!1s0x310b6b0016f0194b:0x3eb80c16d141909!5m2!4m1!1i2!8m2!3d11.3249045!4d106.1025623!16s/g/11x1_ty_vs!19sChIJSxnwFgBrCzERCRkUbcGA6wM?authuser=0&hl=vi&g_ep=EgoyMDI2MDkwMi4wIJJjKgBIAVAD&rclk=1'
2026-09-07 15:51:19,269 | INFO | Google Maps ADDRESS search 3/3: Hotel
2026-09-07 15:51:25,746 | INFO | ADDRESS PHASE FAILED -> TITLE FALLBACK | Khách sạn New Star 2 | Hotel
2026-09-07 15:51:25,747 | INFO | Google Maps TITLE fallback 1/2: Khách sạn New Star 2
2026-09-07 15:51:35,401 | INFO | VERIFY TITLE | input_title='Khách sạn New Star 2' | actual_title='Khách sạn New Star 2' | input_address='Hotel' | actual_address='' | title_score=1.000 | address_score=0.000 | location_score=0.000 | exact_identity=True | input_has_address=True | success=False | reason=ADDRESS_UNAVAILABLE | url='https://www.google.com/maps/place/Kh%C3%A1ch+s%E1%BA%A1n+New+Star+2/data=!4m10!3m9!1s0x310b635f38c41a11:0x4c26039d33249f27!5m2!4m1!1i2!8m2!3d11.5603733!4d105.9972104!16s/g/11z9_3dvth!19sChIJERrEOF9jCzERJ58kM50DJkw?authuser=0&hl=vi&g_ep=EgoyMDI2MDkwMi4wIJJjKgBIAVAD&rclk=1'
2026-09-07 15:51:36,200 | INFO | VERIFY TITLE | input_title='Khách sạn New Star 2' | actual_title='New Star Inn Boutique Hotel' | input_address='Hotel' | actual_address='' | title_score=0.383 | address_score=0.000 | location_score=0.000 | exact_identity=False | input_has_address=True | success=False | reason=TITLE_MISMATCH | url='https://www.google.com/maps/place/New+Star+Inn+Boutique+Hotel/data=!4m10!3m9!1s0x31752f3b6c36c3d3:0x831b3406845b46f7!5m2!4m1!1i2!8m2!3d10.7745638!4d106.6900388!16s/g/11dxnw179q!19sChIJ08M2bDsvdTER90ZbhAY0G4M?authuser=0&hl=vi&g_ep=EgoyMDI2MDkwMi4wIJJjKgBIAVAD&rclk=1'
2026-09-07 15:51:39,878 | INFO | VERIFY TITLE | input_title='Khách sạn New Star 2' | actual_title='Khách sạn New Star' | input_address='Hotel' | actual_address='' | title_score=0.900 | address_score=0.000 | location_score=0.000 | exact_identity=False | input_has_address=True | success=False | reason=TITLE_MISMATCH | url='https://www.google.com/maps/place/Kh%C3%A1ch+s%E1%BA%A1n+New+Star/data=!4m10!3m9!1s0x310b6b0016f0194b:0x3eb80c16d141909!5m2!4m1!1i2!8m2!3d11.3249045!4d106.1025623!16s/g/11x1_ty_vs!19sChIJSxnwFgBrCzERCRkUbcGA6wM?authuser=0&hl=vi&g_ep=EgoyMDI2MDkwMi4wIJJjKgBIAVAD&rclk=1'
2026-09-07 15:51:39,879 | INFO | Google Maps TITLE fallback 2/2: Khách sạn New Star 2, hotel
2026-09-07 15:51:47,675 | INFO | VERIFY TITLE | input_title='Khách sạn New Star 2' | actual_title='Khách sạn New Star 2' | input_address='Hotel' | actual_address='' | title_score=1.000 | address_score=0.000 | location_score=0.000 | exact_identity=True | input_has_address=True | success=False | reason=ADDRESS_UNAVAILABLE | url='https://www.google.com/maps/place/Kh%C3%A1ch+s%E1%BA%A1n+New+Star+2/data=!4m10!3m9!1s0x310b635f38c41a11:0x4c26039d33249f27!5m2!4m1!1i2!8m2!3d11.5603733!4d105.9972104!16s/g/11z9_3dvth!19sChIJERrEOF9jCzERJ58kM50DJkw?authuser=0&hl=vi&g_ep=EgoyMDI2MDkwMi4wIJJjKgBIAVAD&rclk=1'
2026-09-07 15:51:48,209 | INFO | VERIFY TITLE | input_title='Khách sạn New Star 2' | actual_title='New Star Inn Boutique Hotel' | input_address='Hotel' | actual_address='' | title_score=0.383 | address_score=0.000 | location_score=0.000 | exact_identity=False | input_has_address=True | success=False | reason=TITLE_MISMATCH | url='https://www.google.com/maps/place/New+Star+Inn+Boutique+Hotel/data=!4m10!3m9!1s0x31752f3b6c36c3d3:0x831b3406845b46f7!5m2!4m1!1i2!8m2!3d10.7745638!4d106.6900388!16s/g/11dxnw179q!19sChIJ08M2bDsvdTER90ZbhAY0G4M?authuser=0&hl=vi&g_ep=EgoyMDI2MDkwMi4wIJJjKgBIAVAD&rclk=1'
2026-09-07 15:51:51,847 | INFO | VERIFY TITLE | input_title='Khách sạn New Star 2' | actual_title='Khách sạn New Star' | input_address='Hotel' | actual_address='' | title_score=0.900 | address_score=0.000 | location_score=0.000 | exact_identity=False | input_has_address=True | success=False | reason=TITLE_MISMATCH | url='https://www.google.com/maps/place/Kh%C3%A1ch+s%E1%BA%A1n+New+Star/data=!4m10!3m9!1s0x310b6b0016f0194b:0x3eb80c16d141909!5m2!4m1!1i2!8m2!3d11.3249045!4d106.1025623!16s/g/11x1_ty_vs!19sChIJSxnwFgBrCzERCRkUbcGA6wM?authuser=0&hl=vi&g_ep=EgoyMDI2MDkwMi4wIJJjKgBIAVAD&rclk=1'
2026-09-07 15:51:51,848 | WARNING | Google Maps NOT_VERIFIED after ADDRESS + TITLE fallback | title='Khách sạn New Star 2' | address='Hotel' | detail_reason=PROVINCE_MISMATCH
2026-09-07 15:51:51,848 | INFO | EXCEL SEARCH RESULT | success=False | status=MISSING | reason=NOT_VERIFIED | detail_reason=PROVINCE_MISMATCH | google_maps_url=None | url=None | cleaned_url=''
2026-09-07 15:51:53,221 | INFO | Existing URL check | maps_col=google_maps_url | url_col=URL | maps='' | url='' | reusable=''
2026-09-07 15:51:53,222 | INFO | Google Maps ADDRESS search 1/3: Hotel, Khách sạn Nhất Quý
2026-09-07 15:51:59,613 | INFO | DIRECT PLACE DETECTED DURING HYDRATION | attempt=3/4 | mode=address | title='Khách sạn Nhất Quý' | url='https://www.google.com/maps/place/Kh%C3%A1ch+s%E1%BA%A1n+Nh%E1%BA%A5t+Qu%C3%BD/@11.3179642,106.0986513,17z/data=!3m1!4b1!4m9!3m8!1s0x310b6bbaee3df06b:0x5e1c27c028d7d0ef!5m2!4m1!1i2!8m2!3d11.3179642!4d106.0986513!16s%2Fg%2F1tg9q4hr?entry=ttu&g_ep=EgoyMDI2MDkwMi4wIKXMDSoASAFQAw%3D%3D'
2026-09-07 15:52:05,871 | INFO | VERIFY ADDRESS | input_title='Khách sạn Nhất Quý' | actual_title='Khách sạn Nhất Quý' | input_address='Hotel' | actual_address='353 Đường 30 tháng 4, Khu phố 1, Tân Ninh, Tây Ninh, Việt Nam' | title_score=1.000 | address_score=0.000 | location_score=0.000 | exact_identity=True | input_has_address=True | success=False | reason=PROVINCE_MISMATCH | url='https://www.google.com/maps/place/Kh%C3%A1ch+s%E1%BA%A1n+Nh%E1%BA%A5t+Qu%C3%BD/@11.3179642,106.0986513,17z/data=!3m1!4b1!4m9!3m8!1s0x310b6bbaee3df06b:0x5e1c27c028d7d0ef!5m2!4m1!1i2!8m2!3d11.3179642!4d106.0986513!16s%2Fg%2F1tg9q4hr?entry=ttu&g_ep=EgoyMDI2MDkwMi4wIKXMDSoASAFQAw%3D%3D'
2026-09-07 15:52:05,871 | INFO | Google Maps ADDRESS search 2/3: Khách sạn Nhất Quý, Hotel
2026-09-07 15:52:17,277 | INFO | DIRECT PLACE DETECTED DURING HYDRATION | attempt=1/4 | mode=address | title='Khách sạn Nhất Quý' | url='https://www.google.com/maps/place/Kh%C3%A1ch+s%E1%BA%A1n+Nh%E1%BA%A5t+Qu%C3%BD/@11.3179642,106.0986513,17z/data=!3m1!4b1!4m9!3m8!1s0x310b6bbaee3df06b:0x5e1c27c028d7d0ef!5m2!4m1!1i2!8m2!3d11.3179642!4d106.0986513!16s%2Fg%2F1tg9q4hr?entry=ttu&g_ep=EgoyMDI2MDkwMi4wIKXMDSoASAFQAw%3D%3D'
2026-09-07 15:52:22,025 | INFO | VERIFY ADDRESS | input_title='Khách sạn Nhất Quý' | actual_title='Khách sạn Nhất Quý' | input_address='Hotel' | actual_address='353 Đường 30 tháng 4, Khu phố 1, Tân Ninh, Tây Ninh, Việt Nam' | title_score=1.000 | address_score=0.000 | location_score=0.000 | exact_identity=True | input_has_address=True | success=False | reason=PROVINCE_MISMATCH | url='https://www.google.com/maps/place/Kh%C3%A1ch+s%E1%BA%A1n+Nh%E1%BA%A5t+Qu%C3%BD/@11.3179642,106.0986513,17z/data=!3m1!4b1!4m9!3m8!1s0x310b6bbaee3df06b:0x5e1c27c028d7d0ef!5m2!4m1!1i2!8m2!3d11.3179642!4d106.0986513!16s%2Fg%2F1tg9q4hr?entry=ttu&g_ep=EgoyMDI2MDkwMi4wIKXMDSoASAFQAw%3D%3D'
2026-09-07 15:52:22,026 | INFO | Google Maps ADDRESS search 3/3: Hotel
2026-09-07 15:52:29,350 | INFO | ADDRESS PHASE FAILED -> TITLE FALLBACK | Khách sạn Nhất Quý | Hotel
2026-09-07 15:52:29,350 | INFO | Google Maps TITLE fallback 1/2: Khách sạn Nhất Quý
2026-09-07 15:52:30,041 | WARNING | Navigation error | attempt=1/2 | 0.69s | retryable=True | Page.goto: Target page, context or browser has been closed
Call log:
  - navigating to "https://www.google.com/maps/search/?api=1&query=Kh%C3%A1ch%20s%E1%BA%A1n%20Nh%E1%BA%A5t%20Qu%C3%BD", waiting until "commit"

2026-09-07 15:52:30,465 | INFO | Google Maps TITLE fallback 2/2: Khách sạn Nhất Quý, hotel
2026-09-07 15:52:30,468 | WARNING | Cannot create page | error=BrowserContext.new_page: Target page, context or browser has been closed
2026-09-07 15:52:30,470 | WARNING | Google Maps NOT_VERIFIED after ADDRESS + TITLE fallback | title='Khách sạn Nhất Quý' | address='Hotel' | detail_reason=PROVINCE_MISMATCH
2026-09-07 15:52:30,470 | INFO | EXCEL SEARCH RESULT | success=False | status=MISSING | reason=NOT_VERIFIED | detail_reason=PROVINCE_MISMATCH | google_maps_url=None | url=None | cleaned_url=''
2026-09-07 15:52:31,850 | INFO | Existing URL check | maps_col=google_maps_url | url_col=URL | maps='' | url='' | reusable=''
2026-09-07 15:52:31,850 | INFO | Google Maps ADDRESS search 1/3: Hotel, Khách sạn PHƯƠNG MAI Chi nhánh 2
2026-09-07 15:52:31,852 | WARNING | Cannot create page | error=BrowserContext.new_page: Target page, context or browser has been closed
2026-09-07 15:52:31,852 | INFO | Google Maps ADDRESS search 2/3: Khách sạn PHƯƠNG MAI Chi nhánh 2, Hotel
2026-09-07 15:52:31,854 | WARNING | Cannot create page | error=BrowserContext.new_page: Target page, context or browser has been closed
2026-09-07 15:52:31,854 | INFO | Google Maps ADDRESS search 3/3: Hotel
2026-09-07 15:52:31,856 | WARNING | Cannot create page | error=BrowserContext.new_page: Target page, context or browser has been closed
2026-09-07 15:52:31,857 | INFO | ADDRESS PHASE FAILED -> TITLE FALLBACK | Khách sạn PHƯƠNG MAI Chi nhánh 2 | Hotel
2026-09-07 15:52:31,857 | INFO | Google Maps TITLE fallback 1/2: Khách sạn PHƯƠNG MAI Chi nhánh 2
2026-09-07 15:52:31,858 | WARNING | Cannot create page | error=BrowserContext.new_page: Target page, context or browser has been closed
2026-09-07 15:52:31,858 | INFO | Google Maps TITLE fallback 2/2: Khách sạn PHƯƠNG MAI Chi nhánh 2, hotel
2026-09-07 15:52:31,860 | WARNING | Cannot create page | error=BrowserContext.new_page: Target page, context or browser has been closed
2026-09-07 15:52:31,860 | WARNING | Google Maps NOT_VERIFIED after ADDRESS + TITLE fallback | title='Khách sạn PHƯƠNG MAI Chi nhánh 2' | address='Hotel' | detail_reason=NAVIGATION_FAILED
2026-09-07 15:52:31,860 | INFO | EXCEL SEARCH RESULT | success=False | status=MISSING | reason=NOT_VERIFIED | detail_reason=NAVIGATION_FAILED | google_maps_url=None | url=None | cleaned_url=''
2026-09-07 15:52:33,321 | INFO | Existing URL check | maps_col=google_maps_url | url_col=URL | maps='' | url='' | reusable=''
2026-09-07 15:52:33,321 | INFO | Google Maps ADDRESS search 1/3: Hotel, Khách Sạn Quỳnh Anh
2026-09-07 15:52:33,323 | WARNING | Cannot create page | error=BrowserContext.new_page: Target page, context or browser has been closed
2026-09-07 15:52:33,323 | INFO | Google Maps ADDRESS search 2/3: Khách Sạn Quỳnh Anh, Hotel
2026-09-07 15:52:33,324 | WARNING | Cannot create page | error=BrowserContext.new_page: Target page, context or browser has been closed
2026-09-07 15:52:33,325 | INFO | Google Maps ADDRESS search 3/3: Hotel
2026-09-07 15:52:33,326 | WARNING | Cannot create page | error=BrowserContext.new_page: Target page, context or browser has been closed
2026-09-07 15:52:33,326 | INFO | ADDRESS PHASE FAILED -> TITLE FALLBACK | Khách Sạn Quỳnh Anh | Hotel
2026-09-07 15:52:33,326 | INFO | Google Maps TITLE fallback 1/2: Khách Sạn Quỳnh Anh
2026-09-07 15:52:33,443 | WARNING | Cannot create page | error=BrowserContext.new_page: Target page, context or browser has been closed
2026-09-07 15:52:33,443 | INFO | Google Maps TITLE fallback 2/2: Khách Sạn Quỳnh Anh, hotel
2026-09-07 15:52:33,444 | WARNING | Cannot create page | error=BrowserContext.new_page: Target page, context or browser has been closed
2026-09-07 15:52:33,444 | WARNING | Google Maps NOT_VERIFIED after ADDRESS + TITLE fallback | title='Khách Sạn Quỳnh Anh' | address='Hotel' | detail_reason=NAVIGATION_FAILED
2026-09-07 15:52:33,444 | INFO | EXCEL SEARCH RESULT | success=False | status=MISSING | reason=NOT_VERIFIED | detail_reason=NAVIGATION_FAILED | google_maps_url=None | url=None | cleaned_url=''
2026-09-07 15:52:34,598 | INFO | Existing URL check | maps_col=google_maps_url | url_col=URL | maps='' | url='' | reusable=''
2026-09-07 15:52:34,598 | INFO | Google Maps ADDRESS search 1/3: Hotel, KHÁCH SẠN SÂN VƯỜN TÍ NỊ
2026-09-07 15:52:34,600 | WARNING | Cannot create page | error=BrowserContext.new_page: Target page, context or browser has been closed
2026-09-07 15:52:34,600 | INFO | Google Maps ADDRESS search 2/3: KHÁCH SẠN SÂN VƯỜN TÍ NỊ, Hotel
2026-09-07 15:52:34,601 | WARNING | Cannot create page | error=BrowserContext.new_page: Target page, context or browser has been closed
2026-09-07 15:52:34,601 | INFO | Google Maps ADDRESS search 3/3: Hotel
2026-09-07 15:52:34,603 | WARNING | Cannot create page | error=BrowserContext.new_page: Target page, context or browser has been closed
2026-09-07 15:52:34,603 | INFO | ADDRESS PHASE FAILED -> TITLE FALLBACK | KHÁCH SẠN SÂN VƯỜN TÍ NỊ | Hotel
2026-09-07 15:52:34,603 | INFO | Google Maps TITLE fallback 1/2: KHÁCH SẠN SÂN VƯỜN TÍ NỊ
2026-09-07 15:52:34,605 | WARNING | Cannot create page | error=BrowserContext.new_page: Target page, context or browser has been closed
2026-09-07 15:52:34,605 | INFO | Google Maps TITLE fallback 2/2: KHÁCH SẠN SÂN VƯỜN TÍ NỊ, hotel
2026-09-07 15:52:34,606 | WARNING | Cannot create page | error=BrowserContext.new_page: Target page, context or browser has been closed
2026-09-07 15:52:34,607 | WARNING | Google Maps NOT_VERIFIED after ADDRESS + TITLE fallback | title='KHÁCH SẠN SÂN VƯỜN TÍ NỊ' | address='Hotel' | detail_reason=NAVIGATION_FAILED
2026-09-07 15:52:34,607 | INFO | EXCEL SEARCH RESULT | success=False | status=MISSING | reason=NOT_VERIFIED | detail_reason=NAVIGATION_FAILED | google_maps_url=None | url=None | cleaned_url=''
