2026-09-07 15:49:56,304 | INFO | JSON lookup loaded: 0 Maps URLs
2026-09-07 15:49:59,372 | INFO | Existing URL check | maps_col=google_maps_url | url_col=URL | maps='' | url='có rồi' | reusable=''
2026-09-07 15:49:59,463 | INFO | Google Maps ADDRESS search 1/3: 5-star hotel, Meliá Vinpearl Tay Ninh
2026-09-07 15:50:08,318 | INFO | DIRECT PLACE DETECTED DURING HYDRATION | attempt=1/4 | mode=address | title='Meliá Vinpearl Tay Ninh' | url='https://www.google.com/maps/place/Meli%C3%A1+Vinpearl+T%C3%A2y+Ninh/@11.3194511,106.1001903,17z/data=!3m1!4b1!4m9!3m8!1s0x310b6bb0e777c9c3:0x5f0f216dc835df8!5m2!4m1!1i2!8m2!3d11.3194511!4d106.1001903!16s%2Fg%2F11fhvmmpjx?entry=ttu&g_ep=EgoyMDI2MDkwMi4wIKXMDSoASAFQAw%3D%3D'
2026-09-07 15:50:11,850 | INFO | VERIFY ADDRESS | input_title='Meliá Vinpearl Tay Ninh' | actual_title='Meliá Vinpearl Tây Ninh' | input_address='5-star hotel' | actual_address='90 Lê Duẩn Block 5, Ward 3, 63 Lê Duẩn, Khu phố 1, Tân Ninh, Tây Ninh, Việt Nam' | title_score=1.000 | address_score=0.000 | location_score=0.000 | exact_identity=True | input_has_address=True | success=False | reason=PROVINCE_MISMATCH | url='https://www.google.com/maps/place/Meli%C3%A1+Vinpearl+T%C3%A2y+Ninh/@11.3194511,106.1001903,17z/data=!3m1!4b1!4m9!3m8!1s0x310b6bb0e777c9c3:0x5f0f216dc835df8!5m2!4m1!1i2!8m2!3d11.3194511!4d106.1001903!16s%2Fg%2F11fhvmmpjx?entry=ttu&g_ep=EgoyMDI2MDkwMi4wIKXMDSoASAFQAw%3D%3D'
2026-09-07 15:50:11,851 | INFO | Google Maps ADDRESS search 2/3: Meliá Vinpearl Tay Ninh, 5-star hotel
2026-09-07 15:50:16,950 | INFO | DIRECT PLACE DETECTED DURING HYDRATION | attempt=3/4 | mode=address | title='Meliá Vinpearl Tay Ninh' | url='https://www.google.com/maps/place/Meli%C3%A1+Vinpearl+T%C3%A2y+Ninh/@11.3194511,106.1001903,17z/data=!3m1!4b1!4m9!3m8!1s0x310b6bb0e777c9c3:0x5f0f216dc835df8!5m2!4m1!1i2!8m2!3d11.3194511!4d106.1001903!16s%2Fg%2F11fhvmmpjx?entry=ttu&g_ep=EgoyMDI2MDkwMi4wIKXMDSoASAFQAw%3D%3D'
2026-09-07 15:50:19,747 | INFO | VERIFY ADDRESS | input_title='Meliá Vinpearl Tay Ninh' | actual_title='Meliá Vinpearl Tây Ninh' | input_address='5-star hotel' | actual_address='90 Lê Duẩn Block 5, Ward 3, 63 Lê Duẩn, Khu phố 1, Tân Ninh, Tây Ninh, Việt Nam' | title_score=1.000 | address_score=0.000 | location_score=0.000 | exact_identity=True | input_has_address=True | success=False | reason=PROVINCE_MISMATCH | url='https://www.google.com/maps/place/Meli%C3%A1+Vinpearl+T%C3%A2y+Ninh/@11.3194511,106.1001903,17z/data=!3m1!4b1!4m9!3m8!1s0x310b6bb0e777c9c3:0x5f0f216dc835df8!5m2!4m1!1i2!8m2!3d11.3194511!4d106.1001903!16s%2Fg%2F11fhvmmpjx?entry=ttu&g_ep=EgoyMDI2MDkwMi4wIKXMDSoASAFQAw%3D%3D'
2026-09-07 15:50:19,747 | INFO | Google Maps ADDRESS search 3/3: 5-star hotel
2026-09-07 15:50:25,250 | INFO | ADDRESS PHASE FAILED -> TITLE FALLBACK | Meliá Vinpearl Tay Ninh | 5-star hotel
2026-09-07 15:50:25,251 | INFO | Google Maps TITLE fallback 1/3: Meliá Vinpearl Tay Ninh
2026-09-07 15:50:31,383 | INFO | DIRECT PLACE DETECTED DURING HYDRATION | attempt=3/4 | mode=title | title='Meliá Vinpearl Tay Ninh' | url='https://www.google.com/maps/place/Meli%C3%A1+Vinpearl+T%C3%A2y+Ninh/@11.3194511,106.1001903,17z/data=!3m1!4b1!4m9!3m8!1s0x310b6bb0e777c9c3:0x5f0f216dc835df8!5m2!4m1!1i2!8m2!3d11.3194511!4d106.1001903!16s%2Fg%2F11fhvmmpjx?entry=ttu&g_ep=EgoyMDI2MDkwMi4wIKXMDSoASAFQAw%3D%3D'
2026-09-07 15:50:35,133 | INFO | VERIFY TITLE | input_title='Meliá Vinpearl Tay Ninh' | actual_title='Meliá Vinpearl Tây Ninh' | input_address='5-star hotel' | actual_address='90 Lê Duẩn Block 5, Ward 3, 63 Lê Duẩn, Khu phố 1, Tân Ninh, Tây Ninh, Việt Nam' | title_score=1.000 | address_score=0.000 | location_score=0.000 | exact_identity=True | input_has_address=True | success=False | reason=PROVINCE_MISMATCH | url='https://www.google.com/maps/place/Meli%C3%A1+Vinpearl+T%C3%A2y+Ninh/@11.3194511,106.1001903,17z/data=!3m1!4b1!4m9!3m8!1s0x310b6bb0e777c9c3:0x5f0f216dc835df8!5m2!4m1!1i2!8m2!3d11.3194511!4d106.1001903!16s%2Fg%2F11fhvmmpjx?entry=ttu&g_ep=EgoyMDI2MDkwMi4wIKXMDSoASAFQAw%3D%3D'
2026-09-07 15:50:35,134 | INFO | Google Maps TITLE fallback 2/3: Meliá Vinpearl Tay Ninh, 5 star hotel
2026-09-07 15:50:40,408 | INFO | DIRECT PLACE DETECTED DURING HYDRATION | attempt=3/4 | mode=title | title='Meliá Vinpearl Tay Ninh' | url='https://www.google.com/maps/place/Meli%C3%A1+Vinpearl+T%C3%A2y+Ninh/@11.3194511,106.1001903,17z/data=!3m1!4b1!4m9!3m8!1s0x310b6bb0e777c9c3:0x5f0f216dc835df8!5m2!4m1!1i2!8m2!3d11.3194511!4d106.1001903!16s%2Fg%2F11fhvmmpjx?entry=ttu&g_ep=EgoyMDI2MDkwMi4wIKXMDSoASAFQAw%3D%3D'
2026-09-07 15:50:42,992 | INFO | VERIFY TITLE | input_title='Meliá Vinpearl Tay Ninh' | actual_title='Meliá Vinpearl Tây Ninh' | input_address='5-star hotel' | actual_address='90 Lê Duẩn Block 5, Ward 3, 63 Lê Duẩn, Khu phố 1, Tân Ninh, Tây Ninh, Việt Nam' | title_score=1.000 | address_score=0.000 | location_score=0.000 | exact_identity=True | input_has_address=True | success=False | reason=PROVINCE_MISMATCH | url='https://www.google.com/maps/place/Meli%C3%A1+Vinpearl+T%C3%A2y+Ninh/@11.3194511,106.1001903,17z/data=!3m1!4b1!4m9!3m8!1s0x310b6bb0e777c9c3:0x5f0f216dc835df8!5m2!4m1!1i2!8m2!3d11.3194511!4d106.1001903!16s%2Fg%2F11fhvmmpjx?entry=ttu&g_ep=EgoyMDI2MDkwMi4wIKXMDSoASAFQAw%3D%3D'
2026-09-07 15:50:42,993 | INFO | Google Maps TITLE fallback 3/3: Meliá Vinpearl Tay Ninh, 5-star hotel
2026-09-07 15:50:50,128 | INFO | DIRECT PLACE DETECTED DURING HYDRATION | attempt=3/4 | mode=title | title='Meliá Vinpearl Tay Ninh' | url='https://www.google.com/maps/place/Meli%C3%A1+Vinpearl+T%C3%A2y+Ninh/@11.3194511,106.1001903,17z/data=!3m1!4b1!4m9!3m8!1s0x310b6bb0e777c9c3:0x5f0f216dc835df8!5m2!4m1!1i2!8m2!3d11.3194511!4d106.1001903!16s%2Fg%2F11fhvmmpjx?entry=ttu&g_ep=EgoyMDI2MDkwMi4wIKXMDSoASAFQAw%3D%3D'
2026-09-07 15:50:55,220 | INFO | VERIFY TITLE | input_title='Meliá Vinpearl Tay Ninh' | actual_title='Meliá Vinpearl Tây Ninh' | input_address='5-star hotel' | actual_address='90 Lê Duẩn Block 5, Ward 3, 63 Lê Duẩn, Khu phố 1, Tân Ninh, Tây Ninh, Việt Nam' | title_score=1.000 | address_score=0.000 | location_score=0.000 | exact_identity=True | input_has_address=True | success=False | reason=PROVINCE_MISMATCH | url='https://www.google.com/maps/place/Meli%C3%A1+Vinpearl+T%C3%A2y+Ninh/@11.3194511,106.1001903,17z/data=!3m1!4b1!4m9!3m8!1s0x310b6bb0e777c9c3:0x5f0f216dc835df8!5m2!4m1!1i2!8m2!3d11.3194511!4d106.1001903!16s%2Fg%2F11fhvmmpjx?entry=ttu&g_ep=EgoyMDI2MDkwMi4wIKXMDSoASAFQAw%3D%3D'
2026-09-07 15:50:55,221 | WARNING | Google Maps NOT_VERIFIED after ADDRESS + TITLE fallback | title='Meliá Vinpearl Tay Ninh' | address='5-star hotel' | detail_reason=PROVINCE_MISMATCH
2026-09-07 15:50:55,221 | INFO | EXCEL SEARCH RESULT | success=False | status=MISSING | reason=NOT_VERIFIED | detail_reason=PROVINCE_MISMATCH | google_maps_url=None | url=None | cleaned_url=''
2026-09-07 15:50:56,810 | INFO | Existing URL check | maps_col=google_maps_url | url_col=URL | maps='' | url='' | reusable=''
2026-09-07 15:50:56,819 | INFO | Google Maps ADDRESS search 1/3: 4-star hotel, Khách sạn Hoàng Sơn - KHU A
2026-09-07 15:51:03,621 | INFO | VERIFY ADDRESS | input_title='Khách sạn Hoàng Sơn - KHU A' | actual_title='Khách sạn Hoàng Sơn Khu A' | input_address='4-star hotel' | actual_address='' | title_score=1.000 | address_score=0.000 | location_score=0.000 | exact_identity=True | input_has_address=True | success=False | reason=ADDRESS_UNAVAILABLE | url='https://www.google.com/maps/place/Kh%C3%A1ch+s%E1%BA%A1n+Ho%C3%A0ng+S%C6%A1n+Khu+A/data=!4m10!3m9!1s0x310b6bba69fe3c0f:0xd05a9974e5e95ca8!5m2!4m1!1i2!8m2!3d11.3185128!4d106.0980264!16s/g/11clhqddn7!19sChIJDzz-abprCzERqFzp5XSZWtA?authuser=0&hl=vi&g_ep=EgoyMDI2MDkwMi4wIJJjKgBIAVAD&rclk=1'
2026-09-07 15:51:05,135 | INFO | VERIFY ADDRESS | input_title='Khách sạn Hoàng Sơn - KHU A' | actual_title='Khách sạn Hoàng Sơn - KHU B' | input_address='4-star hotel' | actual_address='' | title_score=0.960 | address_score=0.000 | location_score=0.000 | exact_identity=False | input_has_address=True | success=False | reason=ADDRESS_UNAVAILABLE | url='https://www.google.com/maps/place/Kh%C3%A1ch+s%E1%BA%A1n+Ho%C3%A0ng+S%C6%A1n+-+KHU+B/data=!4m7!3m6!1s0x310b6bc49c5abd8f:0x3f40f0257be26cfe!8m2!3d11.3186601!4d106.098365!16s/g/11vr0h0h1t!19sChIJj71anMRrCzER_mzieyXwQD8?authuser=0&hl=vi&g_ep=EgoyMDI2MDkwMi4wIJJjKgBIAVAD&rclk=1'
2026-09-07 15:51:05,135 | INFO | Google Maps ADDRESS search 2/3: Khách sạn Hoàng Sơn - KHU A, 4-star hotel
2026-09-07 15:51:16,406 | INFO | VERIFY ADDRESS | input_title='Khách sạn Hoàng Sơn - KHU A' | actual_title='Khách sạn Hoàng Sơn Khu A' | input_address='4-star hotel' | actual_address='' | title_score=1.000 | address_score=0.000 | location_score=0.000 | exact_identity=True | input_has_address=True | success=False | reason=ADDRESS_UNAVAILABLE | url='https://www.google.com/maps/place/Kh%C3%A1ch+s%E1%BA%A1n+Ho%C3%A0ng+S%C6%A1n+Khu+A/data=!4m10!3m9!1s0x310b6bba69fe3c0f:0xd05a9974e5e95ca8!5m2!4m1!1i2!8m2!3d11.3185128!4d106.0980264!16s/g/11clhqddn7!19sChIJDzz-abprCzERqFzp5XSZWtA?authuser=0&hl=vi&g_ep=EgoyMDI2MDkwMi4wIJJjKgBIAVAD&rclk=1'
2026-09-07 15:51:19,411 | INFO | VERIFY ADDRESS | input_title='Khách sạn Hoàng Sơn - KHU A' | actual_title='Khách sạn Hoàng Sơn - KHU B' | input_address='4-star hotel' | actual_address='' | title_score=0.960 | address_score=0.000 | location_score=0.000 | exact_identity=False | input_has_address=True | success=False | reason=ADDRESS_UNAVAILABLE | url='https://www.google.com/maps/place/Kh%C3%A1ch+s%E1%BA%A1n+Ho%C3%A0ng+S%C6%A1n+-+KHU+B/data=!4m7!3m6!1s0x310b6bc49c5abd8f:0x3f40f0257be26cfe!8m2!3d11.3186601!4d106.098365!16s/g/11vr0h0h1t!19sChIJj71anMRrCzER_mzieyXwQD8?authuser=0&hl=vi&g_ep=EgoyMDI2MDkwMi4wIJJjKgBIAVAD&rclk=1'
2026-09-07 15:51:19,412 | INFO | Google Maps ADDRESS search 3/3: 4-star hotel
2026-09-07 15:51:26,587 | INFO | ADDRESS PHASE FAILED -> TITLE FALLBACK | Khách sạn Hoàng Sơn - KHU A | 4-star hotel
2026-09-07 15:51:26,589 | INFO | Google Maps TITLE fallback 1/3: Khách sạn Hoàng Sơn - KHU A
2026-09-07 15:51:41,082 | INFO | VERIFY TITLE | input_title='Khách sạn Hoàng Sơn - KHU A' | actual_title='Khách sạn Hoàng Sơn Khu A' | input_address='4-star hotel' | actual_address='' | title_score=1.000 | address_score=0.000 | location_score=0.000 | exact_identity=True | input_has_address=True | success=False | reason=ADDRESS_UNAVAILABLE | url='https://www.google.com/maps/place/Kh%C3%A1ch+s%E1%BA%A1n+Ho%C3%A0ng+S%C6%A1n+Khu+A/data=!4m10!3m9!1s0x310b6bba69fe3c0f:0xd05a9974e5e95ca8!5m2!4m1!1i2!8m2!3d11.3185128!4d106.0980264!16s/g/11clhqddn7!19sChIJDzz-abprCzERqFzp5XSZWtA?authuser=0&hl=vi&g_ep=EgoyMDI2MDkwMi4wIJJjKgBIAVAD&rclk=1'
2026-09-07 15:51:43,914 | INFO | VERIFY TITLE | input_title='Khách sạn Hoàng Sơn - KHU A' | actual_title='KHÁCH SẠN HOÀNG SƠN' | input_address='4-star hotel' | actual_address='' | title_score=0.900 | address_score=0.000 | location_score=0.000 | exact_identity=False | input_has_address=True | success=False | reason=TITLE_MISMATCH | url='https://www.google.com/maps/place/KH%C3%81CH+S%E1%BA%A0N+HO%C3%80NG+S%C6%A0N/data=!4m10!3m9!1s0x3175278e5b04b9d1:0xb8b38588003c9fb7!5m2!4m1!1i2!8m2!3d10.8274233!4d106.7685031!16s/g/11mvn42v8r!19sChIJ0bkEW44ndTERt588AIiFs7g?authuser=0&hl=vi&g_ep=EgoyMDI2MDkwMi4wIJJjKgBIAVAD&rclk=1'
2026-09-07 15:51:45,526 | INFO | VERIFY TITLE | input_title='Khách sạn Hoàng Sơn - KHU A' | actual_title='Khách sạn Hoàng Hà' | input_address='4-star hotel' | actual_address='' | title_score=0.837 | address_score=0.000 | location_score=0.000 | exact_identity=False | input_has_address=True | success=False | reason=TITLE_MISMATCH | url='https://www.google.com/maps/place/Kh%C3%A1ch+s%E1%BA%A1n+Ho%C3%A0ng+H%C3%A0/data=!4m10!3m9!1s0x3175299de6215783:0x3d16019c88c58362!5m2!4m1!1i2!8m2!3d10.8369635!4d106.6460661!16s/g/1hc5bszbw!19sChIJg1ch5p0pdTERYoPFiJwBFj0?authuser=0&hl=vi&g_ep=EgoyMDI2MDkwMi4wIJJjKgBIAVAD&rclk=1'
2026-09-07 15:51:45,527 | INFO | Google Maps TITLE fallback 2/3: Khách sạn Hoàng Sơn - KHU A, 4 star hotel
2026-09-07 15:51:54,446 | INFO | VERIFY TITLE | input_title='Khách sạn Hoàng Sơn - KHU A' | actual_title='Khách sạn Hoàng Sơn Khu A' | input_address='4-star hotel' | actual_address='' | title_score=1.000 | address_score=0.000 | location_score=0.000 | exact_identity=True | input_has_address=True | success=False | reason=ADDRESS_UNAVAILABLE | url='https://www.google.com/maps/place/Kh%C3%A1ch+s%E1%BA%A1n+Ho%C3%A0ng+S%C6%A1n+Khu+A/data=!4m10!3m9!1s0x310b6bba69fe3c0f:0xd05a9974e5e95ca8!5m2!4m1!1i2!8m2!3d11.3185128!4d106.0980264!16s/g/11clhqddn7!19sChIJDzz-abprCzERqFzp5XSZWtA?authuser=0&hl=vi&g_ep=EgoyMDI2MDkwMi4wIJJjKgBIAVAD&rclk=1'
2026-09-07 15:51:57,609 | INFO | VERIFY TITLE | input_title='Khách sạn Hoàng Sơn - KHU A' | actual_title='Khách sạn Hoàng Sơn - KHU B' | input_address='4-star hotel' | actual_address='' | title_score=0.960 | address_score=0.000 | location_score=0.000 | exact_identity=False | input_has_address=True | success=False | reason=ADDRESS_UNAVAILABLE | url='https://www.google.com/maps/place/Kh%C3%A1ch+s%E1%BA%A1n+Ho%C3%A0ng+S%C6%A1n+-+KHU+B/data=!4m7!3m6!1s0x310b6bc49c5abd8f:0x3f40f0257be26cfe!8m2!3d11.3186601!4d106.098365!16s/g/11vr0h0h1t!19sChIJj71anMRrCzER_mzieyXwQD8?authuser=0&hl=vi&g_ep=EgoyMDI2MDkwMi4wIJJjKgBIAVAD&rclk=1'
2026-09-07 15:51:57,609 | INFO | Google Maps TITLE fallback 3/3: Khách sạn Hoàng Sơn - KHU A, 4-star hotel
2026-09-07 15:52:07,229 | INFO | VERIFY TITLE | input_title='Khách sạn Hoàng Sơn - KHU A' | actual_title='Khách sạn Hoàng Sơn Khu A' | input_address='4-star hotel' | actual_address='' | title_score=1.000 | address_score=0.000 | location_score=0.000 | exact_identity=True | input_has_address=True | success=False | reason=ADDRESS_UNAVAILABLE | url='https://www.google.com/maps/place/Kh%C3%A1ch+s%E1%BA%A1n+Ho%C3%A0ng+S%C6%A1n+Khu+A/data=!4m10!3m9!1s0x310b6bba69fe3c0f:0xd05a9974e5e95ca8!5m2!4m1!1i2!8m2!3d11.3185128!4d106.0980264!16s/g/11clhqddn7!19sChIJDzz-abprCzERqFzp5XSZWtA?authuser=0&hl=vi&g_ep=EgoyMDI2MDkwMi4wIJJjKgBIAVAD&rclk=1'
2026-09-07 15:52:17,902 | INFO | VERIFY TITLE | input_title='Khách sạn Hoàng Sơn - KHU A' | actual_title='Khách sạn Hoàng Sơn - KHU B' | input_address='4-star hotel' | actual_address='' | title_score=0.960 | address_score=0.000 | location_score=0.000 | exact_identity=False | input_has_address=True | success=False | reason=ADDRESS_UNAVAILABLE | url='https://www.google.com/maps/place/Kh%C3%A1ch+s%E1%BA%A1n+Ho%C3%A0ng+S%C6%A1n+-+KHU+B/data=!4m7!3m6!1s0x310b6bc49c5abd8f:0x3f40f0257be26cfe!8m2!3d11.3186601!4d106.098365!16s/g/11vr0h0h1t!19sChIJj71anMRrCzER_mzieyXwQD8?authuser=0&hl=vi&g_ep=EgoyMDI2MDkwMi4wIJJjKgBIAVAD&rclk=1'
2026-09-07 15:52:17,903 | WARNING | Google Maps NOT_VERIFIED after ADDRESS + TITLE fallback | title='Khách sạn Hoàng Sơn - KHU A' | address='4-star hotel' | detail_reason=ADDRESS_UNAVAILABLE
2026-09-07 15:52:17,903 | INFO | EXCEL SEARCH RESULT | success=False | status=MISSING | reason=NOT_VERIFIED | detail_reason=ADDRESS_UNAVAILABLE | google_maps_url=None | url=None | cleaned_url=''
2026-09-07 15:52:19,437 | INFO | Existing URL check | maps_col=google_maps_url | url_col=URL | maps='' | url='' | reusable=''
2026-09-07 15:52:19,438 | INFO | Google Maps ADDRESS search 1/3: 3-star hotel, Làng Nổi Tân Lập
2026-09-07 15:52:26,220 | INFO | DIRECT PLACE DETECTED DURING HYDRATION | attempt=3/4 | mode=address | title='Làng Nổi Tân Lập' | url='https://www.google.com/maps/place/L%C3%A0ng+N%E1%BB%95i+T%C3%A2n+L%E1%BA%ADp/@10.7148417,105.9872146,17z/data=!3m1!4b1!4m9!3m8!1s0x310aef7085439879:0xdb8d266f16711875!5m2!4m1!1i2!8m2!3d10.7148417!4d105.9872146!16s%2Fg%2F11fct33rj2?entry=ttu&g_ep=EgoyMDI2MDkwMi4wIKXMDSoASAFQAw%3D%3D'
2026-09-07 15:52:29,935 | INFO | VERIFY ADDRESS | input_title='Làng Nổi Tân Lập' | actual_title='Làng Nổi Tân Lập' | input_address='3-star hotel' | actual_address='QL62, ấp 3, Mộc Hóa, Tây Ninh 850000, Việt Nam' | title_score=1.000 | address_score=0.000 | location_score=0.000 | exact_identity=True | input_has_address=True | success=False | reason=PROVINCE_MISMATCH | url='https://www.google.com/maps/place/L%C3%A0ng+N%E1%BB%95i+T%C3%A2n+L%E1%BA%ADp/@10.7148417,105.9872146,17z/data=!3m1!4b1!4m9!3m8!1s0x310aef7085439879:0xdb8d266f16711875!5m2!4m1!1i2!8m2!3d10.7148417!4d105.9872146!16s%2Fg%2F11fct33rj2?entry=ttu&g_ep=EgoyMDI2MDkwMi4wIKXMDSoASAFQAw%3D%3D'
2026-09-07 15:52:30,009 | INFO | Google Maps ADDRESS search 2/3: Làng Nổi Tân Lập, 3-star hotel
2026-09-07 15:52:30,025 | WARNING | Cannot create page | error=BrowserContext.new_page: Target page, context or browser has been closed
2026-09-07 15:52:30,105 | INFO | Google Maps ADDRESS search 3/3: 3-star hotel
2026-09-07 15:52:30,107 | WARNING | Cannot create page | error=BrowserContext.new_page: Target page, context or browser has been closed
2026-09-07 15:52:30,154 | INFO | ADDRESS PHASE FAILED -> TITLE FALLBACK | Làng Nổi Tân Lập | 3-star hotel
2026-09-07 15:52:30,155 | INFO | Google Maps TITLE fallback 1/3: Làng Nổi Tân Lập
2026-09-07 15:52:30,164 | WARNING | Cannot create page | error=BrowserContext.new_page: Target page, context or browser has been closed
2026-09-07 15:52:30,175 | INFO | Google Maps TITLE fallback 2/3: Làng Nổi Tân Lập, 3 star hotel
2026-09-07 15:52:30,185 | WARNING | Cannot create page | error=BrowserContext.new_page: Target page, context or browser has been closed
2026-09-07 15:52:30,187 | INFO | Google Maps TITLE fallback 3/3: Làng Nổi Tân Lập, 3-star hotel
2026-09-07 15:52:30,190 | WARNING | Cannot create page | error=BrowserContext.new_page: Target page, context or browser has been closed
2026-09-07 15:52:30,192 | WARNING | Google Maps NOT_VERIFIED after ADDRESS + TITLE fallback | title='Làng Nổi Tân Lập' | address='3-star hotel' | detail_reason=PROVINCE_MISMATCH
2026-09-07 15:52:30,195 | INFO | EXCEL SEARCH RESULT | success=False | status=MISSING | reason=NOT_VERIFIED | detail_reason=PROVINCE_MISMATCH | google_maps_url=None | url=None | cleaned_url=''
2026-09-07 15:52:31,222 | INFO | Existing URL check | maps_col=google_maps_url | url_col=URL | maps='' | url='' | reusable=''
2026-09-07 15:52:31,223 | INFO | Google Maps ADDRESS search 1/3: 3-star hotel, PHÚ THẮNG GRAND HOTEL - LONG AN
2026-09-07 15:52:31,224 | WARNING | Cannot create page | error=BrowserContext.new_page: Target page, context or browser has been closed
2026-09-07 15:52:31,226 | INFO | Google Maps ADDRESS search 2/3: PHÚ THẮNG GRAND HOTEL - LONG AN, 3-star hotel
2026-09-07 15:52:31,228 | WARNING | Cannot create page | error=BrowserContext.new_page: Target page, context or browser has been closed
2026-09-07 15:52:31,229 | INFO | Google Maps ADDRESS search 3/3: 3-star hotel
2026-09-07 15:52:31,231 | WARNING | Cannot create page | error=BrowserContext.new_page: Target page, context or browser has been closed
2026-09-07 15:52:31,231 | INFO | ADDRESS PHASE FAILED -> TITLE FALLBACK | PHÚ THẮNG GRAND HOTEL - LONG AN | 3-star hotel
2026-09-07 15:52:31,231 | INFO | Google Maps TITLE fallback 1/3: PHÚ THẮNG GRAND HOTEL - LONG AN
2026-09-07 15:52:31,233 | WARNING | Cannot create page | error=BrowserContext.new_page: Target page, context or browser has been closed
2026-09-07 15:52:31,233 | INFO | Google Maps TITLE fallback 2/3: PHÚ THẮNG GRAND HOTEL - LONG AN, 3 star hotel
2026-09-07 15:52:31,235 | WARNING | Cannot create page | error=BrowserContext.new_page: Target page, context or browser has been closed
2026-09-07 15:52:31,235 | INFO | Google Maps TITLE fallback 3/3: PHÚ THẮNG GRAND HOTEL - LONG AN, 3-star hotel
2026-09-07 15:52:31,236 | WARNING | Cannot create page | error=BrowserContext.new_page: Target page, context or browser has been closed
2026-09-07 15:52:31,236 | WARNING | Google Maps NOT_VERIFIED after ADDRESS + TITLE fallback | title='PHÚ THẮNG GRAND HOTEL - LONG AN' | address='3-star hotel' | detail_reason=NAVIGATION_FAILED
2026-09-07 15:52:31,237 | INFO | EXCEL SEARCH RESULT | success=False | status=MISSING | reason=NOT_VERIFIED | detail_reason=NAVIGATION_FAILED | google_maps_url=None | url=None | cleaned_url=''
2026-09-07 15:52:32,288 | INFO | Existing URL check | maps_col=google_maps_url | url_col=URL | maps='' | url='' | reusable=''
2026-09-07 15:52:32,288 | INFO | Google Maps ADDRESS search 1/3: 3-star hotel, Blue Star Hotel
2026-09-07 15:52:32,289 | WARNING | Cannot create page | error=BrowserContext.new_page: Target page, context or browser has been closed
2026-09-07 15:52:32,290 | INFO | Google Maps ADDRESS search 2/3: Blue Star Hotel, 3-star hotel
2026-09-07 15:52:32,291 | WARNING | Cannot create page | error=BrowserContext.new_page: Target page, context or browser has been closed
2026-09-07 15:52:32,291 | INFO | Google Maps ADDRESS search 3/3: 3-star hotel
2026-09-07 15:52:32,291 | WARNING | Cannot create page | error=BrowserContext.new_page: Target page, context or browser has been closed
2026-09-07 15:52:32,292 | INFO | ADDRESS PHASE FAILED -> TITLE FALLBACK | Blue Star Hotel | 3-star hotel
2026-09-07 15:52:32,292 | INFO | Google Maps TITLE fallback 1/3: Blue Star Hotel
2026-09-07 15:52:32,292 | WARNING | Cannot create page | error=BrowserContext.new_page: Target page, context or browser has been closed
2026-09-07 15:52:32,293 | INFO | Google Maps TITLE fallback 2/3: Blue Star Hotel, 3 star hotel
2026-09-07 15:52:32,293 | WARNING | Cannot create page | error=BrowserContext.new_page: Target page, context or browser has been closed
2026-09-07 15:52:32,293 | INFO | Google Maps TITLE fallback 3/3: Blue Star Hotel, 3-star hotel
2026-09-07 15:52:32,294 | WARNING | Cannot create page | error=BrowserContext.new_page: Target page, context or browser has been closed
2026-09-07 15:52:32,294 | WARNING | Google Maps NOT_VERIFIED after ADDRESS + TITLE fallback | title='Blue Star Hotel' | address='3-star hotel' | detail_reason=NAVIGATION_FAILED
2026-09-07 15:52:32,294 | INFO | EXCEL SEARCH RESULT | success=False | status=MISSING | reason=NOT_VERIFIED | detail_reason=NAVIGATION_FAILED | google_maps_url=None | url=None | cleaned_url=''
2026-09-07 15:52:33,771 | INFO | Existing URL check | maps_col=google_maps_url | url_col=URL | maps='' | url='' | reusable=''
2026-09-07 15:52:33,772 | INFO | Google Maps ADDRESS search 1/3: 3-star hotel, GOLDEN CENTRAL HOTEL
2026-09-07 15:52:33,773 | WARNING | Cannot create page | error=BrowserContext.new_page: Target page, context or browser has been closed
2026-09-07 15:52:33,773 | INFO | Google Maps ADDRESS search 2/3: GOLDEN CENTRAL HOTEL, 3-star hotel
2026-09-07 15:52:33,774 | WARNING | Cannot create page | error=BrowserContext.new_page: Target page, context or browser has been closed
2026-09-07 15:52:33,775 | INFO | Google Maps ADDRESS search 3/3: 3-star hotel
2026-09-07 15:52:33,776 | WARNING | Cannot create page | error=BrowserContext.new_page: Target page, context or browser has been closed
2026-09-07 15:52:33,776 | INFO | ADDRESS PHASE FAILED -> TITLE FALLBACK | GOLDEN CENTRAL HOTEL | 3-star hotel
2026-09-07 15:52:33,776 | INFO | Google Maps TITLE fallback 1/3: GOLDEN CENTRAL HOTEL
2026-09-07 15:52:33,777 | WARNING | Cannot create page | error=BrowserContext.new_page: Target page, context or browser has been closed
2026-09-07 15:52:33,777 | INFO | Google Maps TITLE fallback 2/3: GOLDEN CENTRAL HOTEL, 3 star hotel
2026-09-07 15:52:33,778 | WARNING | Cannot create page | error=BrowserContext.new_page: Target page, context or browser has been closed
2026-09-07 15:52:33,778 | INFO | Google Maps TITLE fallback 3/3: GOLDEN CENTRAL HOTEL, 3-star hotel
2026-09-07 15:52:33,779 | WARNING | Cannot create page | error=BrowserContext.new_page: Target page, context or browser has been closed
2026-09-07 15:52:33,779 | WARNING | Google Maps NOT_VERIFIED after ADDRESS + TITLE fallback | title='GOLDEN CENTRAL HOTEL' | address='3-star hotel' | detail_reason=NAVIGATION_FAILED
2026-09-07 15:52:33,779 | INFO | EXCEL SEARCH RESULT | success=False | status=MISSING | reason=NOT_VERIFIED | detail_reason=NAVIGATION_FAILED | google_maps_url=None | url=None | cleaned_url=''
