2026-09-08 09:15:02,513 | INFO | JSON lookup loaded: 0 Maps URLs
2026-09-08 09:15:05,552 | INFO | Existing URL check | maps_col=google_maps_url | url_col=URL | maps='' | url='' | reusable=''
2026-09-08 09:15:05,601 | INFO | Google Maps title search variant 1/8: Happy Homestay, 251 nguyen thi đinh, buon ma thuot, đak lak
2026-09-08 09:15:05,605 | INFO | Navigation start | attempt=1/3 | timeout=15000ms | url=https://www.google.com/maps/search/?api=1&query=Happy%20Homestay%2C%20251%20nguyen%20thi%20%C4%91inh%2C%20buon%20ma%20thuot%2C%20%C4%91ak%20lak
2026-09-08 09:15:05,890 | INFO | Navigation success | attempt=1/3 | 0.28s | url=https://www.google.com/maps/search/?api=1&query=Happy%20Homestay%2C%20251%20nguyen%20thi%20%C4%91inh%2C%20buon%20ma%20thuot%2C%20%C4%91ak%20lak
2026-09-08 09:15:47,099 | INFO | NO_CANDIDATES after hydration retries | mode=title | title='Happy Homestay' | address='251 Nguyễn Thị Định, Buôn Ma Thuột, Đắk Lắk, Việt Nam' | page_url='https://www.google.com/maps/place/Happy+Homestay/@12.6748474,108.0063534,17z/data=!4m9!3m8!1s0x31721dac2132ae35:0xd138e25c63a4c5b!5m2!4m1!1i2!8m2!3d12.6748474!4d108.0063534!16s%2Fg%2F11b67ll1nn?entry=ttu&g_ep=EgoyMDI2MDkwMi4wIKXMDSoASAFQAw%3D%3D'
2026-09-08 09:15:47,100 | INFO | Google Maps title search variant 2/8: Happy Homestay, 251 Nguyễn Thị Định, Buôn Ma Thuột, Đắk Lắk, Việt Nam
2026-09-08 09:15:47,100 | INFO | Navigation start | attempt=1/3 | timeout=15000ms | url=https://www.google.com/maps/search/?api=1&query=Happy%20Homestay%2C%20251%20Nguy%E1%BB%85n%20Th%E1%BB%8B%20%C4%90%E1%BB%8Bnh%2C%20Bu%C3%B4n%20Ma%20Thu%E1%BB%99t%2C%20%C4%90%E1%BA%AFk%20L%E1%BA%AFk%2C%20Vi%E1%BB%87t%20Nam
2026-09-08 09:15:47,344 | INFO | Navigation success | attempt=1/3 | 0.24s | url=https://www.google.com/maps/search/?api=1&query=Happy%20Homestay%2C%20251%20Nguy%E1%BB%85n%20Th%E1%BB%8B%20%C4%90%E1%BB%8Bnh%2C%20Bu%C3%B4n%20Ma%20Thu%E1%BB%99t%2C%20%C4%90%E1%BA%AFk%20L%E1%BA%AFk%2C%20Vi%E1%BB%87t%20Nam
2026-09-08 09:16:20,436 | INFO | NO_CANDIDATES after hydration retries | mode=title | title='Happy Homestay' | address='251 Nguyễn Thị Định, Buôn Ma Thuột, Đắk Lắk, Việt Nam' | page_url='https://www.google.com/maps/place/Happy+Homestay/@12.6748474,108.0063534,17z/data=!4m9!3m8!1s0x31721dac2132ae35:0xd138e25c63a4c5b!5m2!4m1!1i2!8m2!3d12.6748474!4d108.0063534!16s%2Fg%2F11b67ll1nn?entry=ttu&g_ep=EgoyMDI2MDkwMi4wIKXMDSoASAFQAw%3D%3D'
2026-09-08 09:16:20,436 | INFO | Google Maps title search variant 3/8: 251 Nguyễn Thị Định, Buôn Ma Thuột, Đắk Lắk, Việt Nam, Happy Homestay
2026-09-08 09:16:20,436 | INFO | Navigation start | attempt=1/3 | timeout=15000ms | url=https://www.google.com/maps/search/?api=1&query=251%20Nguy%E1%BB%85n%20Th%E1%BB%8B%20%C4%90%E1%BB%8Bnh%2C%20Bu%C3%B4n%20Ma%20Thu%E1%BB%99t%2C%20%C4%90%E1%BA%AFk%20L%E1%BA%AFk%2C%20Vi%E1%BB%87t%20Nam%2C%20Happy%20Homestay
2026-09-08 09:16:20,659 | INFO | Navigation success | attempt=1/3 | 0.22s | url=https://www.google.com/maps/search/?api=1&query=251%20Nguy%E1%BB%85n%20Th%E1%BB%8B%20%C4%90%E1%BB%8Bnh%2C%20Bu%C3%B4n%20Ma%20Thu%E1%BB%99t%2C%20%C4%90%E1%BA%AFk%20L%E1%BA%AFk%2C%20Vi%E1%BB%87t%20Nam%2C%20Happy%20Homestay
2026-09-08 09:16:57,016 | INFO | NO_CANDIDATES after hydration retries | mode=title | title='Happy Homestay' | address='251 Nguyễn Thị Định, Buôn Ma Thuột, Đắk Lắk, Việt Nam' | page_url='https://www.google.com/maps/place/Happy+Homestay/@12.6748474,108.0063534,17z/data=!4m9!3m8!1s0x31721dac2132ae35:0xd138e25c63a4c5b!5m2!4m1!1i2!8m2!3d12.6748474!4d108.0063534!16s%2Fg%2F11b67ll1nn?entry=ttu&g_ep=EgoyMDI2MDkwMi4wIKXMDSoASAFQAw%3D%3D'
2026-09-08 09:16:57,016 | INFO | Google Maps title search variant 4/8: Happy Homestay
2026-09-08 09:16:57,016 | INFO | Navigation start | attempt=1/3 | timeout=15000ms | url=https://www.google.com/maps/search/?api=1&query=Happy%20Homestay
2026-09-08 09:16:57,255 | INFO | Navigation success | attempt=1/3 | 0.24s | url=https://www.google.com/maps/search/?api=1&query=Happy%20Homestay
2026-09-08 09:17:08,083 | INFO | Navigation start | attempt=1/3 | timeout=15000ms | url=https://www.google.com/maps/place/Homestay+HAPPY+HOUSE/data=!4m10!3m9!1s0x317521f5b24fedfd:0x241b55886ba8c076!5m2!4m1!1i2!8m2!3d10.8392348!4d106.8428661!16s/g/11l72n5zrf!19sChIJ_e1PsvUhdTERdsCoa4hVGyQ?authuser=0&hl=vi&g_ep=EgoyMDI2MDkwMi4wIJJjKgBIAVAD&rclk=1
2026-09-08 09:17:08,317 | INFO | Navigation success | attempt=1/3 | 0.23s | url=https://www.google.com/maps/place/Homestay+HAPPY+HOUSE/data=!4m10!3m9!1s0x317521f5b24fedfd:0x241b55886ba8c076!5m2!4m1!1i2!8m2!3d10.8392348!4d106.8428661!16s/g/11l72n5zrf!19sChIJ_e1PsvUhdTERdsCoa4hVGyQ?authuser=0&hl=vi&g_ep=EgoyMDI2MDkwMi4wIJJjKgBIAVAD&rclk=1
2026-09-08 09:17:09,397 | INFO | VERIFY CANDIDATE | input_title='Happy Homestay' | actual_title='' | input_address='251 Nguyễn Thị Định, Buôn Ma Thuột, Đắk Lắk, Việt Nam' | actual_address='\ue52e' | url='https://www.google.com/maps/place/Homestay+HAPPY+HOUSE/data=!4m10!3m9!1s0x317521f5b24fedfd:0x241b55886ba8c076!5m2!4m1!1i2!8m2!3d10.8392348!4d106.8428661!16s/g/11l72n5zrf!19sChIJ_e1PsvUhdTERdsCoa4hVGyQ?authuser=0&hl=vi&g_ep=EgoyMDI2MDkwMi4wIJJjKgBIAVAD&rclk=1' | coordinates=(10.8392348, 106.8)
2026-09-08 09:17:09,400 | INFO | VERIFY FINAL | success=False | reason=TITLE_UNAVAILABLE | title_ok=False | address_ok=False | input_title='Happy Homestay' | maps_title='' | input_address='251 Nguyễn Thị Định, Buôn Ma Thuột, Đắk Lắk, Việt Nam' | maps_address='\ue52e' | url='https://www.google.com/maps/place/Homestay+HAPPY+HOUSE/data=!4m10!3m9!1s0x317521f5b24fedfd:0x241b55886ba8c076!5m2!4m1!1i2!8m2!3d10.8392348!4d106.8428661!16s/g/11l72n5zrf!19sChIJ_e1PsvUhdTERdsCoa4hVGyQ?authuser=0&hl=vi&g_ep=EgoyMDI2MDkwMi4wIJJjKgBIAVAD&rclk=1'
2026-09-08 09:17:09,400 | INFO | Navigation start | attempt=1/3 | timeout=15000ms | url=https://www.google.com/maps/search/Happy+Homestay/@16.0916385,107.3183377,6z/data=!3m1!4b1?entry=ttu&g_ep=EgoyMDI2MDkwMi4wIKXMDSoASAFQAw%3D%3D
2026-09-08 09:17:09,594 | INFO | Navigation success | attempt=1/3 | 0.19s | url=https://www.google.com/maps/search/Happy+Homestay/@16.0916385,107.3183377,6z/data=!3m1!4b1?entry=ttu&g_ep=EgoyMDI2MDkwMi4wIKXMDSoASAFQAw%3D%3D
2026-09-08 09:17:10,017 | INFO | Navigation start | attempt=1/3 | timeout=15000ms | url=https://www.google.com/maps/place/HAPPY+COFFEE+&+HOMESTAY/data=!4m10!3m9!1s0x317528da6373add5:0xf97e641dc8f589e9!5m2!4m1!1i2!8m2!3d10.8001603!4d106.6859518!16s/g/11dfgsx5yt!19sChIJ1a1zY9oodTER6Yn1yB1kfvk?authuser=0&hl=vi&g_ep=EgoyMDI2MDkwMi4wIJJjKgBIAVAD&rclk=1
2026-09-08 09:17:10,292 | INFO | Navigation success | attempt=1/3 | 0.28s | url=https://www.google.com/maps/place/HAPPY+COFFEE+&+HOMESTAY/data=!4m10!3m9!1s0x317528da6373add5:0xf97e641dc8f589e9!5m2!4m1!1i2!8m2!3d10.8001603!4d106.6859518!16s/g/11dfgsx5yt!19sChIJ1a1zY9oodTER6Yn1yB1kfvk?authuser=0&hl=vi&g_ep=EgoyMDI2MDkwMi4wIJJjKgBIAVAD&rclk=1
2026-09-08 09:17:11,667 | INFO | VERIFY CANDIDATE | input_title='Happy Homestay' | actual_title='' | input_address='251 Nguyễn Thị Định, Buôn Ma Thuột, Đắk Lắk, Việt Nam' | actual_address='\ue52e' | url='https://www.google.com/maps/place/HAPPY+COFFEE+&+HOMESTAY/data=!4m10!3m9!1s0x317528da6373add5:0xf97e641dc8f589e9!5m2!4m1!1i2!8m2!3d10.8001603!4d106.6859518!16s/g/11dfgsx5yt!19sChIJ1a1zY9oodTER6Yn1yB1kfvk?authuser=0&hl=vi&g_ep=EgoyMDI2MDkwMi4wIJJjKgBIAVAD&rclk=1' | coordinates=(10.8001603, 106.6)
2026-09-08 09:17:11,669 | INFO | VERIFY FINAL | success=False | reason=TITLE_UNAVAILABLE | title_ok=False | address_ok=False | input_title='Happy Homestay' | maps_title='' | input_address='251 Nguyễn Thị Định, Buôn Ma Thuột, Đắk Lắk, Việt Nam' | maps_address='\ue52e' | url='https://www.google.com/maps/place/HAPPY+COFFEE+&+HOMESTAY/data=!4m10!3m9!1s0x317528da6373add5:0xf97e641dc8f589e9!5m2!4m1!1i2!8m2!3d10.8001603!4d106.6859518!16s/g/11dfgsx5yt!19sChIJ1a1zY9oodTER6Yn1yB1kfvk?authuser=0&hl=vi&g_ep=EgoyMDI2MDkwMi4wIJJjKgBIAVAD&rclk=1'
2026-09-08 09:17:11,670 | INFO | Navigation start | attempt=1/3 | timeout=15000ms | url=https://www.google.com/maps/search/Happy+Homestay/@16.0916385,107.3183377,6z/data=!3m1!4b1?entry=ttu&g_ep=EgoyMDI2MDkwMi4wIKXMDSoASAFQAw%3D%3D
2026-09-08 09:17:11,880 | INFO | Navigation success | attempt=1/3 | 0.21s | url=https://www.google.com/maps/search/Happy+Homestay/@16.0916385,107.3183377,6z/data=!3m1!4b1?entry=ttu&g_ep=EgoyMDI2MDkwMi4wIKXMDSoASAFQAw%3D%3D
2026-09-08 09:17:12,298 | INFO | Navigation start | attempt=1/3 | timeout=15000ms | url=https://www.google.com/maps/place/Happy+Dream+Homestay/data=!4m10!3m9!1s0x3174d7002ef25ccf:0x2074d1c288f4779a!5m2!4m1!1i2!8m2!3d10.8854127!4d106.630322!16s/g/11w8tkwbv5!19sChIJz1zyLgDXdDERmnf0iMLRdCA?authuser=0&hl=vi&g_ep=EgoyMDI2MDkwMi4wIJJjKgBIAVAD&rclk=1
2026-09-08 09:17:12,522 | INFO | Navigation success | attempt=1/3 | 0.22s | url=https://www.google.com/maps/place/Happy+Dream+Homestay/data=!4m10!3m9!1s0x3174d7002ef25ccf:0x2074d1c288f4779a!5m2!4m1!1i2!8m2!3d10.8854127!4d106.630322!16s/g/11w8tkwbv5!19sChIJz1zyLgDXdDERmnf0iMLRdCA?authuser=0&hl=vi&g_ep=EgoyMDI2MDkwMi4wIJJjKgBIAVAD&rclk=1
2026-09-08 09:17:13,320 | INFO | VERIFY CANDIDATE | input_title='Happy Homestay' | actual_title='' | input_address='251 Nguyễn Thị Định, Buôn Ma Thuột, Đắk Lắk, Việt Nam' | actual_address='\ue52e' | url='https://www.google.com/maps/place/Happy+Dream+Homestay/data=!4m10!3m9!1s0x3174d7002ef25ccf:0x2074d1c288f4779a!5m2!4m1!1i2!8m2!3d10.8854127!4d106.630322!16s/g/11w8tkwbv5!19sChIJz1zyLgDXdDERmnf0iMLRdCA?authuser=0&hl=vi&g_ep=EgoyMDI2MDkwMi4wIJJjKgBIAVAD&rclk=1' | coordinates=(10.8854127, 106.6)
2026-09-08 09:17:13,326 | INFO | VERIFY FINAL | success=False | reason=TITLE_UNAVAILABLE | title_ok=False | address_ok=False | input_title='Happy Homestay' | maps_title='' | input_address='251 Nguyễn Thị Định, Buôn Ma Thuột, Đắk Lắk, Việt Nam' | maps_address='\ue52e' | url='https://www.google.com/maps/place/Happy+Dream+Homestay/data=!4m10!3m9!1s0x3174d7002ef25ccf:0x2074d1c288f4779a!5m2!4m1!1i2!8m2!3d10.8854127!4d106.630322!16s/g/11w8tkwbv5!19sChIJz1zyLgDXdDERmnf0iMLRdCA?authuser=0&hl=vi&g_ep=EgoyMDI2MDkwMi4wIJJjKgBIAVAD&rclk=1'
2026-09-08 09:17:13,332 | INFO | Navigation start | attempt=1/3 | timeout=15000ms | url=https://www.google.com/maps/search/Happy+Homestay/@16.0916385,107.3183377,6z/data=!3m1!4b1?entry=ttu&g_ep=EgoyMDI2MDkwMi4wIKXMDSoASAFQAw%3D%3D
2026-09-08 09:17:13,514 | INFO | Navigation success | attempt=1/3 | 0.18s | url=https://www.google.com/maps/search/Happy+Homestay/@16.0916385,107.3183377,6z/data=!3m1!4b1?entry=ttu&g_ep=EgoyMDI2MDkwMi4wIKXMDSoASAFQAw%3D%3D
2026-09-08 09:17:13,881 | INFO | Navigation start | attempt=1/3 | timeout=15000ms | url=https://www.google.com/maps/place/Happy+house-+homestay+OscLand/data=!4m10!3m9!1s0x31756fe4a9d80771:0x60cc5e852880a75!5m2!4m1!1i2!8m2!3d10.3432302!4d107.090127!16s/g/11g0r_ygmy!19sChIJcQfYqeRvdTERdQqIUujFDAY?authuser=0&hl=vi&g_ep=EgoyMDI2MDkwMi4wIJJjKgBIAVAD&rclk=1
2026-09-08 09:17:14,078 | INFO | Navigation success | attempt=1/3 | 0.20s | url=https://www.google.com/maps/place/Happy+house-+homestay+OscLand/data=!4m10!3m9!1s0x31756fe4a9d80771:0x60cc5e852880a75!5m2!4m1!1i2!8m2!3d10.3432302!4d107.090127!16s/g/11g0r_ygmy!19sChIJcQfYqeRvdTERdQqIUujFDAY?authuser=0&hl=vi&g_ep=EgoyMDI2MDkwMi4wIJJjKgBIAVAD&rclk=1
2026-09-08 09:17:14,771 | INFO | VERIFY CANDIDATE | input_title='Happy Homestay' | actual_title='' | input_address='251 Nguyễn Thị Định, Buôn Ma Thuột, Đắk Lắk, Việt Nam' | actual_address='\ue52e' | url='https://www.google.com/maps/place/Happy+house-+homestay+OscLand/data=!4m10!3m9!1s0x31756fe4a9d80771:0x60cc5e852880a75!5m2!4m1!1i2!8m2!3d10.3432302!4d107.090127!16s/g/11g0r_ygmy!19sChIJcQfYqeRvdTERdQqIUujFDAY?authuser=0&hl=vi&g_ep=EgoyMDI2MDkwMi4wIJJjKgBIAVAD&rclk=1' | coordinates=(10.3432302, 107.0)
2026-09-08 09:17:14,774 | INFO | VERIFY FINAL | success=False | reason=TITLE_UNAVAILABLE | title_ok=False | address_ok=False | input_title='Happy Homestay' | maps_title='' | input_address='251 Nguyễn Thị Định, Buôn Ma Thuột, Đắk Lắk, Việt Nam' | maps_address='\ue52e' | url='https://www.google.com/maps/place/Happy+house-+homestay+OscLand/data=!4m10!3m9!1s0x31756fe4a9d80771:0x60cc5e852880a75!5m2!4m1!1i2!8m2!3d10.3432302!4d107.090127!16s/g/11g0r_ygmy!19sChIJcQfYqeRvdTERdQqIUujFDAY?authuser=0&hl=vi&g_ep=EgoyMDI2MDkwMi4wIJJjKgBIAVAD&rclk=1'
2026-09-08 09:17:14,774 | INFO | Navigation start | attempt=1/3 | timeout=15000ms | url=https://www.google.com/maps/search/Happy+Homestay/@16.0916385,107.3183377,6z/data=!3m1!4b1?entry=ttu&g_ep=EgoyMDI2MDkwMi4wIKXMDSoASAFQAw%3D%3D
2026-09-08 09:17:14,981 | INFO | Navigation success | attempt=1/3 | 0.21s | url=https://www.google.com/maps/search/Happy+Homestay/@16.0916385,107.3183377,6z/data=!3m1!4b1?entry=ttu&g_ep=EgoyMDI2MDkwMi4wIKXMDSoASAFQAw%3D%3D
2026-09-08 09:17:15,358 | INFO | Navigation start | attempt=1/3 | timeout=15000ms | url=https://www.google.com/maps/place/HAPPY+HOME/data=!4m7!3m6!1s0x3175650032f7f7fd:0xda74af446908acad!8m2!3d10.332368!4d107.0870676!16s/g/11z400pfk9!19sChIJ_ff3MgBldTERrawIaUSvdNo?authuser=0&hl=vi&g_ep=EgoyMDI2MDkwMi4wIJJjKgBIAVAD&rclk=1
2026-09-08 09:17:15,661 | INFO | Navigation success | attempt=1/3 | 0.30s | url=https://www.google.com/maps/place/HAPPY+HOME/data=!4m7!3m6!1s0x3175650032f7f7fd:0xda74af446908acad!8m2!3d10.332368!4d107.0870676!16s/g/11z400pfk9!19sChIJ_ff3MgBldTERrawIaUSvdNo?authuser=0&hl=vi&g_ep=EgoyMDI2MDkwMi4wIJJjKgBIAVAD&rclk=1
2026-09-08 09:17:16,350 | INFO | VERIFY CANDIDATE | input_title='Happy Homestay' | actual_title='' | input_address='251 Nguyễn Thị Định, Buôn Ma Thuột, Đắk Lắk, Việt Nam' | actual_address='\ue52e' | url='https://www.google.com/maps/place/HAPPY+HOME/data=!4m7!3m6!1s0x3175650032f7f7fd:0xda74af446908acad!8m2!3d10.332368!4d107.0870676!16s/g/11z400pfk9!19sChIJ_ff3MgBldTERrawIaUSvdNo?authuser=0&hl=vi&g_ep=EgoyMDI2MDkwMi4wIJJjKgBIAVAD&rclk=1' | coordinates=(10.332368, 107.0)
2026-09-08 09:17:16,351 | INFO | VERIFY FINAL | success=False | reason=TITLE_UNAVAILABLE | title_ok=False | address_ok=False | input_title='Happy Homestay' | maps_title='' | input_address='251 Nguyễn Thị Định, Buôn Ma Thuột, Đắk Lắk, Việt Nam' | maps_address='\ue52e' | url='https://www.google.com/maps/place/HAPPY+HOME/data=!4m7!3m6!1s0x3175650032f7f7fd:0xda74af446908acad!8m2!3d10.332368!4d107.0870676!16s/g/11z400pfk9!19sChIJ_ff3MgBldTERrawIaUSvdNo?authuser=0&hl=vi&g_ep=EgoyMDI2MDkwMi4wIJJjKgBIAVAD&rclk=1'
2026-09-08 09:17:16,352 | INFO | Navigation start | attempt=1/3 | timeout=15000ms | url=https://www.google.com/maps/search/Happy+Homestay/@16.0916385,107.3183377,6z/data=!3m1!4b1?entry=ttu&g_ep=EgoyMDI2MDkwMi4wIKXMDSoASAFQAw%3D%3D
2026-09-08 09:17:16,556 | INFO | Navigation success | attempt=1/3 | 0.20s | url=https://www.google.com/maps/search/Happy+Homestay/@16.0916385,107.3183377,6z/data=!3m1!4b1?entry=ttu&g_ep=EgoyMDI2MDkwMi4wIKXMDSoASAFQAw%3D%3D
2026-09-08 09:17:16,977 | INFO | Navigation start | attempt=1/3 | timeout=15000ms | url=https://www.google.com/maps/place/HAPPY+HOME/data=!4m7!3m6!1s0x317529b20adc9899:0xb41bfff447e6c35e!8m2!3d10.8382474!4d106.682066!16s/g/11q8w3vjr1!19sChIJmZjcCrIpdTERXsPmR_T_G7Q?authuser=0&hl=vi&g_ep=EgoyMDI2MDkwMi4wIJJjKgBIAVAD&rclk=1
2026-09-08 09:17:17,177 | INFO | Navigation success | attempt=1/3 | 0.20s | url=https://www.google.com/maps/place/HAPPY+HOME/data=!4m7!3m6!1s0x317529b20adc9899:0xb41bfff447e6c35e!8m2!3d10.8382474!4d106.682066!16s/g/11q8w3vjr1!19sChIJmZjcCrIpdTERXsPmR_T_G7Q?authuser=0&hl=vi&g_ep=EgoyMDI2MDkwMi4wIJJjKgBIAVAD&rclk=1
2026-09-08 09:17:17,764 | INFO | VERIFY CANDIDATE | input_title='Happy Homestay' | actual_title='' | input_address='251 Nguyễn Thị Định, Buôn Ma Thuột, Đắk Lắk, Việt Nam' | actual_address='\ue52e' | url='https://www.google.com/maps/place/HAPPY+HOME/data=!4m7!3m6!1s0x317529b20adc9899:0xb41bfff447e6c35e!8m2!3d10.8382474!4d106.682066!16s/g/11q8w3vjr1!19sChIJmZjcCrIpdTERXsPmR_T_G7Q?authuser=0&hl=vi&g_ep=EgoyMDI2MDkwMi4wIJJjKgBIAVAD&rclk=1' | coordinates=(10.8382474, 106.6)
2026-09-08 09:17:17,767 | INFO | VERIFY FINAL | success=False | reason=TITLE_UNAVAILABLE | title_ok=False | address_ok=False | input_title='Happy Homestay' | maps_title='' | input_address='251 Nguyễn Thị Định, Buôn Ma Thuột, Đắk Lắk, Việt Nam' | maps_address='\ue52e' | url='https://www.google.com/maps/place/HAPPY+HOME/data=!4m7!3m6!1s0x317529b20adc9899:0xb41bfff447e6c35e!8m2!3d10.8382474!4d106.682066!16s/g/11q8w3vjr1!19sChIJmZjcCrIpdTERXsPmR_T_G7Q?authuser=0&hl=vi&g_ep=EgoyMDI2MDkwMi4wIJJjKgBIAVAD&rclk=1'
2026-09-08 09:17:17,769 | INFO | Navigation start | attempt=1/3 | timeout=15000ms | url=https://www.google.com/maps/search/Happy+Homestay/@16.0916385,107.3183377,6z/data=!3m1!4b1?entry=ttu&g_ep=EgoyMDI2MDkwMi4wIKXMDSoASAFQAw%3D%3D
2026-09-08 09:17:17,986 | INFO | Navigation success | attempt=1/3 | 0.22s | url=https://www.google.com/maps/search/Happy+Homestay/@16.0916385,107.3183377,6z/data=!3m1!4b1?entry=ttu&g_ep=EgoyMDI2MDkwMi4wIKXMDSoASAFQAw%3D%3D
2026-09-08 09:17:18,376 | INFO | Navigation start | attempt=1/3 | timeout=15000ms | url=https://www.google.com/maps/place/Phòng+Cho+Thuê+HappyHomes/data=!4m10!3m9!1s0x31752f114c1a0387:0x332916f9d8a1abfd!5m2!4m1!1i2!8m2!3d10.7626119!4d106.6926828!16s/g/11b6dglmfr!19sChIJhwMaTBEvdTER_auh2PkWKTM?authuser=0&hl=vi&g_ep=EgoyMDI2MDkwMi4wIJJjKgBIAVAD&rclk=1
2026-09-08 09:17:18,651 | INFO | Navigation success | attempt=1/3 | 0.28s | url=https://www.google.com/maps/place/Phòng+Cho+Thuê+HappyHomes/data=!4m10!3m9!1s0x31752f114c1a0387:0x332916f9d8a1abfd!5m2!4m1!1i2!8m2!3d10.7626119!4d106.6926828!16s/g/11b6dglmfr!19sChIJhwMaTBEvdTER_auh2PkWKTM?authuser=0&hl=vi&g_ep=EgoyMDI2MDkwMi4wIJJjKgBIAVAD&rclk=1
2026-09-08 09:17:19,404 | INFO | VERIFY CANDIDATE | input_title='Happy Homestay' | actual_title='' | input_address='251 Nguyễn Thị Định, Buôn Ma Thuột, Đắk Lắk, Việt Nam' | actual_address='\ue52e' | url='https://www.google.com/maps/place/Ph%C3%B2ng+Cho+Thu%C3%AA+HappyHomes/data=!4m10!3m9!1s0x31752f114c1a0387:0x332916f9d8a1abfd!5m2!4m1!1i2!8m2!3d10.7626119!4d106.6926828!16s/g/11b6dglmfr!19sChIJhwMaTBEvdTER_auh2PkWKTM?authuser=0&hl=vi&g_ep=EgoyMDI2MDkwMi4wIJJjKgBIAVAD&rclk=1' | coordinates=(10.7626119, 106.6)
2026-09-08 09:17:19,407 | INFO | VERIFY FINAL | success=False | reason=TITLE_UNAVAILABLE | title_ok=False | address_ok=False | input_title='Happy Homestay' | maps_title='' | input_address='251 Nguyễn Thị Định, Buôn Ma Thuột, Đắk Lắk, Việt Nam' | maps_address='\ue52e' | url='https://www.google.com/maps/place/Ph%C3%B2ng+Cho+Thu%C3%AA+HappyHomes/data=!4m10!3m9!1s0x31752f114c1a0387:0x332916f9d8a1abfd!5m2!4m1!1i2!8m2!3d10.7626119!4d106.6926828!16s/g/11b6dglmfr!19sChIJhwMaTBEvdTER_auh2PkWKTM?authuser=0&hl=vi&g_ep=EgoyMDI2MDkwMi4wIJJjKgBIAVAD&rclk=1'
2026-09-08 09:17:19,408 | INFO | Google Maps address search variant 5/8: 251 Nguyễn Thị Định, Buôn Ma Thuột, Đắk Lắk, Việt Nam
2026-09-08 09:17:19,408 | INFO | Navigation start | attempt=1/3 | timeout=15000ms | url=https://www.google.com/maps/search/?api=1&query=251%20Nguy%E1%BB%85n%20Th%E1%BB%8B%20%C4%90%E1%BB%8Bnh%2C%20Bu%C3%B4n%20Ma%20Thu%E1%BB%99t%2C%20%C4%90%E1%BA%AFk%20L%E1%BA%AFk%2C%20Vi%E1%BB%87t%20Nam
2026-09-08 09:17:19,659 | INFO | Navigation success | attempt=1/3 | 0.25s | url=https://www.google.com/maps/search/?api=1&query=251%20Nguy%E1%BB%85n%20Th%E1%BB%8B%20%C4%90%E1%BB%8Bnh%2C%20Bu%C3%B4n%20Ma%20Thu%E1%BB%99t%2C%20%C4%90%E1%BA%AFk%20L%E1%BA%AFk%2C%20Vi%E1%BB%87t%20Nam
2026-09-08 09:17:50,557 | INFO | NO_CANDIDATES after hydration retries | mode=address | title='Happy Homestay' | address='251 Nguyễn Thị Định, Buôn Ma Thuột, Đắk Lắk, Việt Nam' | page_url='https://www.google.com/maps/place/251+Nguy%E1%BB%85n+Th%E1%BB%8B+%C4%90%E1%BB%8Bnh,+Bu%C3%B4n+Ma+Thu%E1%BB%99t,+%C4%90%E1%BA%AFk+L%E1%BA%AFk,+Vi%E1%BB%87t+Nam/@12.6748043,108.0064165,17z/data=!3m1!4b1!4m6!3m5!1s0x31721dac2738d7a5:0xc72553443cc2df19!8m2!3d12.6748043!4d108.0064165!16s%2Fg%2F11szf0md56?entry=ttu&g_ep=EgoyMDI2MDkwMi4wIKXMDSoASAFQAw%3D%3D'
2026-09-08 09:17:50,557 | INFO | Google Maps title search variant 6/8: Happy Homestay, buon ma thuot, đak lak
2026-09-08 09:17:50,557 | INFO | Navigation start | attempt=1/3 | timeout=15000ms | url=https://www.google.com/maps/search/?api=1&query=Happy%20Homestay%2C%20buon%20ma%20thuot%2C%20%C4%91ak%20lak
2026-09-08 09:17:50,761 | INFO | Navigation success | attempt=1/3 | 0.20s | url=https://www.google.com/maps/search/?api=1&query=Happy%20Homestay%2C%20buon%20ma%20thuot%2C%20%C4%91ak%20lak
2026-09-08 09:18:24,888 | INFO | NO_CANDIDATES after hydration retries | mode=title | title='Happy Homestay' | address='251 Nguyễn Thị Định, Buôn Ma Thuột, Đắk Lắk, Việt Nam' | page_url='https://www.google.com/maps/place/Happy+Homestay/@12.6748474,108.0063534,17z/data=!4m9!3m8!1s0x31721dac2132ae35:0xd138e25c63a4c5b!5m2!4m1!1i2!8m2!3d12.6748474!4d108.0063534!16s%2Fg%2F11b67ll1nn?entry=ttu&g_ep=EgoyMDI2MDkwMi4wIKXMDSoASAFQAw%3D%3D'
2026-09-08 09:18:24,889 | INFO | Google Maps title search variant 7/8: 251 nguyen thi đinh, buon ma thuot, đak lak
2026-09-08 09:18:24,889 | INFO | Navigation start | attempt=1/3 | timeout=15000ms | url=https://www.google.com/maps/search/?api=1&query=251%20nguyen%20thi%20%C4%91inh%2C%20buon%20ma%20thuot%2C%20%C4%91ak%20lak
2026-09-08 09:18:25,163 | INFO | Navigation success | attempt=1/3 | 0.27s | url=https://www.google.com/maps/search/?api=1&query=251%20nguyen%20thi%20%C4%91inh%2C%20buon%20ma%20thuot%2C%20%C4%91ak%20lak
2026-09-08 09:19:00,196 | INFO | NO_CANDIDATES after hydration retries | mode=title | title='Happy Homestay' | address='251 Nguyễn Thị Định, Buôn Ma Thuột, Đắk Lắk, Việt Nam' | page_url='https://www.google.com/maps/place/251+Nguy%E1%BB%85n+Th%E1%BB%8B+%C4%90%E1%BB%8Bnh,+Bu%C3%B4n+Ma+Thu%E1%BB%99t,+%C4%90%E1%BA%AFk+L%E1%BA%AFk,+Vi%E1%BB%87t+Nam/@12.6748043,108.0064165,17z/data=!3m1!4b1!4m6!3m5!1s0x31721dac2738d7a5:0xc72553443cc2df19!8m2!3d12.6748043!4d108.0064165!16s%2Fg%2F11szf0md56?entry=ttu&g_ep=EgoyMDI2MDkwMi4wIKXMDSoASAFQAw%3D%3D'
2026-09-08 09:19:00,197 | INFO | Google Maps title search variant 8/8: buon ma thuot, đak lak
2026-09-08 09:19:00,197 | INFO | Navigation start | attempt=1/3 | timeout=15000ms | url=https://www.google.com/maps/search/?api=1&query=buon%20ma%20thuot%2C%20%C4%91ak%20lak
2026-09-08 09:19:00,422 | INFO | Navigation success | attempt=1/3 | 0.22s | url=https://www.google.com/maps/search/?api=1&query=buon%20ma%20thuot%2C%20%C4%91ak%20lak
2026-09-08 09:19:32,494 | INFO | NO_CANDIDATES after hydration retries | mode=title | title='Happy Homestay' | address='251 Nguyễn Thị Định, Buôn Ma Thuột, Đắk Lắk, Việt Nam' | page_url='https://www.google.com/maps/place/Bu%C3%B4n+Ma+Thu%E1%BB%99t,+%C4%90%E1%BA%AFk+L%E1%BA%AFk,+Vi%E1%BB%87t+Nam/@12.7008925,108.02286,13z/data=!3m1!4b1!4m6!3m5!1s0x31721d46c54d7e01:0x53b96fcf99adade6!8m2!3d12.7131519!4d108.0361555!16zL20vMGNiZnM5?entry=ttu&g_ep=EgoyMDI2MDkwMi4wIKXMDSoASAFQAw%3D%3D'
2026-09-08 09:19:32,494 | WARNING | Google Maps search exhausted | reason=NOT_FOUND | title='Happy Homestay' | address='251 Nguyễn Thị Định, Buôn Ma Thuột, Đắk Lắk, Việt Nam'
2026-09-08 09:19:32,495 | INFO | EXCEL SEARCH RESULT | success=False | reason=NOT_FOUND | google_maps_url=None | url=None | cleaned_url=''
2026-09-08 09:19:33,950 | INFO | Existing URL check | maps_col=google_maps_url | url_col=URL | maps='' | url='' | reusable=''
2026-09-08 09:19:34,032 | WARNING | CURRENT MAPS PLACE TITLE/ADDRESS MISMATCH | input_title='Hillside Homestay Dak lak' | actual_title='Buôn Ma Thuột' | input_address='10619 Nguyễn Du, Buôn Ma Thuột, Đắk Lắk, Việt Nam' | actual_address='Buôn Ma Thuột là thành phố tỉnh lỵ cũ thuộc tỉnh Đắk Lắk, Việt Nam. Đây là thành phố lớn nhất ở vùng Tây Nguyên và là đô thị miền núi có dân số đông n...Xem thêm' | url='https://www.google.com/maps/place/Bu%C3%B4n+Ma+Thu%E1%BB%99t,+%C4%90%E1%BA%AFk+L%E1%BA%AFk,+Vi%E1%BB%87t+Nam/@12.7008925,108.02286,13z/data=!3m1!4b1!4m6!3m5!1s0x31721d46c54d7e01:0x53b96fcf99adade6!8m2!3d12.7131519!4d108.0361555!16zL20vMGNiZnM5?entry=ttu&g_ep=EgoyMDI2MDkwMi4wIKXMDSoASAFQAw%3D%3D'
2026-09-08 09:19:34,033 | INFO | Google Maps title search variant 1/8: Hillside Homestay Dak lak, 10619 nguyen du, buon ma thuot, đak lak
2026-09-08 09:19:34,033 | INFO | Navigation start | attempt=1/3 | timeout=15000ms | url=https://www.google.com/maps/search/?api=1&query=Hillside%20Homestay%20Dak%20lak%2C%2010619%20nguyen%20du%2C%20buon%20ma%20thuot%2C%20%C4%91ak%20lak
2026-09-08 09:19:34,218 | INFO | Navigation success | attempt=1/3 | 0.19s | url=https://www.google.com/maps/search/?api=1&query=Hillside%20Homestay%20Dak%20lak%2C%2010619%20nguyen%20du%2C%20buon%20ma%20thuot%2C%20%C4%91ak%20lak
2026-09-08 09:20:08,127 | INFO | NO_CANDIDATES after hydration retries | mode=title | title='Hillside Homestay Dak lak' | address='10619 Nguyễn Du, Buôn Ma Thuột, Đắk Lắk, Việt Nam' | page_url='https://www.google.com/maps/place/Hillside+Homestay+Dak+lak/@12.6687353,108.0472286,17z/data=!4m9!3m8!1s0x31721df4407bfec1:0x8a5ead9e369f2909!5m2!4m1!1i2!8m2!3d12.6687353!4d108.0472286!16s%2Fg%2F11yrz_zhsn?entry=ttu&g_ep=EgoyMDI2MDkwMi4wIKXMDSoASAFQAw%3D%3D'
2026-09-08 09:20:08,127 | INFO | Google Maps title search variant 2/8: Hillside Homestay Dak lak, 10619 Nguyễn Du, Buôn Ma Thuột, Đắk Lắk, Việt Nam
2026-09-08 09:20:08,128 | INFO | Navigation start | attempt=1/3 | timeout=15000ms | url=https://www.google.com/maps/search/?api=1&query=Hillside%20Homestay%20Dak%20lak%2C%2010619%20Nguy%E1%BB%85n%20Du%2C%20Bu%C3%B4n%20Ma%20Thu%E1%BB%99t%2C%20%C4%90%E1%BA%AFk%20L%E1%BA%AFk%2C%20Vi%E1%BB%87t%20Nam
2026-09-08 09:20:08,318 | INFO | Navigation success | attempt=1/3 | 0.19s | url=https://www.google.com/maps/search/?api=1&query=Hillside%20Homestay%20Dak%20lak%2C%2010619%20Nguy%E1%BB%85n%20Du%2C%20Bu%C3%B4n%20Ma%20Thu%E1%BB%99t%2C%20%C4%90%E1%BA%AFk%20L%E1%BA%AFk%2C%20Vi%E1%BB%87t%20Nam
2026-09-08 09:20:41,171 | INFO | NO_CANDIDATES after hydration retries | mode=title | title='Hillside Homestay Dak lak' | address='10619 Nguyễn Du, Buôn Ma Thuột, Đắk Lắk, Việt Nam' | page_url='https://www.google.com/maps/place/Hillside+Homestay+Dak+lak/@12.6687353,108.0472286,17z/data=!4m9!3m8!1s0x31721df4407bfec1:0x8a5ead9e369f2909!5m2!4m1!1i2!8m2!3d12.6687353!4d108.0472286!16s%2Fg%2F11yrz_zhsn?entry=ttu&g_ep=EgoyMDI2MDkwMi4wIKXMDSoASAFQAw%3D%3D'
2026-09-08 09:20:41,171 | INFO | Google Maps title search variant 3/8: 10619 Nguyễn Du, Buôn Ma Thuột, Đắk Lắk, Việt Nam, Hillside Homestay Dak lak
2026-09-08 09:20:41,171 | INFO | Navigation start | attempt=1/3 | timeout=15000ms | url=https://www.google.com/maps/search/?api=1&query=10619%20Nguy%E1%BB%85n%20Du%2C%20Bu%C3%B4n%20Ma%20Thu%E1%BB%99t%2C%20%C4%90%E1%BA%AFk%20L%E1%BA%AFk%2C%20Vi%E1%BB%87t%20Nam%2C%20Hillside%20Homestay%20Dak%20lak
2026-09-08 09:20:41,358 | INFO | Navigation success | attempt=1/3 | 0.19s | url=https://www.google.com/maps/search/?api=1&query=10619%20Nguy%E1%BB%85n%20Du%2C%20Bu%C3%B4n%20Ma%20Thu%E1%BB%99t%2C%20%C4%90%E1%BA%AFk%20L%E1%BA%AFk%2C%20Vi%E1%BB%87t%20Nam%2C%20Hillside%20Homestay%20Dak%20lak
2026-09-08 09:21:17,302 | INFO | NO_CANDIDATES after hydration retries | mode=title | title='Hillside Homestay Dak lak' | address='10619 Nguyễn Du, Buôn Ma Thuột, Đắk Lắk, Việt Nam' | page_url='https://www.google.com/maps/place/Hillside+Homestay+Dak+lak/@12.6687353,108.0472286,17z/data=!4m9!3m8!1s0x31721df4407bfec1:0x8a5ead9e369f2909!5m2!4m1!1i2!8m2!3d12.6687353!4d108.0472286!16s%2Fg%2F11yrz_zhsn?entry=ttu&g_ep=EgoyMDI2MDkwMi4wIKXMDSoASAFQAw%3D%3D'
2026-09-08 09:21:17,302 | INFO | Google Maps title search variant 4/8: Hillside Homestay Dak lak
2026-09-08 09:21:17,303 | INFO | Navigation start | attempt=1/3 | timeout=15000ms | url=https://www.google.com/maps/search/?api=1&query=Hillside%20Homestay%20Dak%20lak
2026-09-08 09:21:17,484 | INFO | Navigation success | attempt=1/3 | 0.18s | url=https://www.google.com/maps/search/?api=1&query=Hillside%20Homestay%20Dak%20lak
2026-09-08 09:21:52,457 | INFO | NO_CANDIDATES after hydration retries | mode=title | title='Hillside Homestay Dak lak' | address='10619 Nguyễn Du, Buôn Ma Thuột, Đắk Lắk, Việt Nam' | page_url='https://www.google.com/maps/place/Hillside+Homestay+Dak+lak/@12.6687353,108.0472286,17z/data=!4m9!3m8!1s0x31721df4407bfec1:0x8a5ead9e369f2909!5m2!4m1!1i2!8m2!3d12.6687353!4d108.0472286!16s%2Fg%2F11yrz_zhsn?entry=ttu&g_ep=EgoyMDI2MDkwMi4wIKXMDSoASAFQAw%3D%3D'
2026-09-08 09:21:52,457 | INFO | Google Maps address search variant 5/8: 10619 Nguyễn Du, Buôn Ma Thuột, Đắk Lắk, Việt Nam
2026-09-08 09:21:52,458 | INFO | Navigation start | attempt=1/3 | timeout=15000ms | url=https://www.google.com/maps/search/?api=1&query=10619%20Nguy%E1%BB%85n%20Du%2C%20Bu%C3%B4n%20Ma%20Thu%E1%BB%99t%2C%20%C4%90%E1%BA%AFk%20L%E1%BA%AFk%2C%20Vi%E1%BB%87t%20Nam
2026-09-08 09:21:52,650 | INFO | Navigation success | attempt=1/3 | 0.19s | url=https://www.google.com/maps/search/?api=1&query=10619%20Nguy%E1%BB%85n%20Du%2C%20Bu%C3%B4n%20Ma%20Thu%E1%BB%99t%2C%20%C4%90%E1%BA%AFk%20L%E1%BA%AFk%2C%20Vi%E1%BB%87t%20Nam
2026-09-08 09:22:28,512 | INFO | NO_CANDIDATES after hydration retries | mode=address | title='Hillside Homestay Dak lak' | address='10619 Nguyễn Du, Buôn Ma Thuột, Đắk Lắk, Việt Nam' | page_url='https://www.google.com/maps/place/Hillside+Homestay+Dak+lak/@12.6687353,108.0472286,17z/data=!4m9!3m8!1s0x31721df4407bfec1:0x8a5ead9e369f2909!5m2!4m1!1i2!8m2!3d12.6687353!4d108.0472286!16s%2Fg%2F11yrz_zhsn?entry=ttu&g_ep=EgoyMDI2MDkwMi4wIKXMDSoASAFQAw%3D%3D'
2026-09-08 09:22:28,513 | INFO | Google Maps title search variant 6/8: Hillside Homestay Dak lak, buon ma thuot, đak lak
2026-09-08 09:22:28,513 | INFO | Navigation start | attempt=1/3 | timeout=15000ms | url=https://www.google.com/maps/search/?api=1&query=Hillside%20Homestay%20Dak%20lak%2C%20buon%20ma%20thuot%2C%20%C4%91ak%20lak
2026-09-08 09:22:28,697 | INFO | Navigation success | attempt=1/3 | 0.18s | url=https://www.google.com/maps/search/?api=1&query=Hillside%20Homestay%20Dak%20lak%2C%20buon%20ma%20thuot%2C%20%C4%91ak%20lak
2026-09-08 09:23:04,671 | INFO | NO_CANDIDATES after hydration retries | mode=title | title='Hillside Homestay Dak lak' | address='10619 Nguyễn Du, Buôn Ma Thuột, Đắk Lắk, Việt Nam' | page_url='https://www.google.com/maps/place/Hillside+Homestay+Dak+lak/@12.6687353,108.0472286,17z/data=!4m9!3m8!1s0x31721df4407bfec1:0x8a5ead9e369f2909!5m2!4m1!1i2!8m2!3d12.6687353!4d108.0472286!16s%2Fg%2F11yrz_zhsn?entry=ttu&g_ep=EgoyMDI2MDkwMi4wIKXMDSoASAFQAw%3D%3D'
2026-09-08 09:23:04,671 | INFO | Google Maps title search variant 7/8: 10619 nguyen du, buon ma thuot, đak lak
2026-09-08 09:23:04,672 | INFO | Navigation start | attempt=1/3 | timeout=15000ms | url=https://www.google.com/maps/search/?api=1&query=10619%20nguyen%20du%2C%20buon%20ma%20thuot%2C%20%C4%91ak%20lak
2026-09-08 09:23:04,870 | INFO | Navigation success | attempt=1/3 | 0.20s | url=https://www.google.com/maps/search/?api=1&query=10619%20nguyen%20du%2C%20buon%20ma%20thuot%2C%20%C4%91ak%20lak
2026-09-08 09:23:37,779 | INFO | NO_CANDIDATES after hydration retries | mode=title | title='Hillside Homestay Dak lak' | address='10619 Nguyễn Du, Buôn Ma Thuột, Đắk Lắk, Việt Nam' | page_url='https://www.google.com/maps/place/Hillside+Homestay+Dak+lak/@12.6687353,108.0472286,17z/data=!4m9!3m8!1s0x31721df4407bfec1:0x8a5ead9e369f2909!5m2!4m1!1i2!8m2!3d12.6687353!4d108.0472286!16s%2Fg%2F11yrz_zhsn?entry=ttu&g_ep=EgoyMDI2MDkwMi4wIKXMDSoASAFQAw%3D%3D'
2026-09-08 09:23:37,806 | INFO | Google Maps title search variant 8/8: buon ma thuot, đak lak
2026-09-08 09:23:37,809 | INFO | Navigation start | attempt=1/3 | timeout=15000ms | url=https://www.google.com/maps/search/?api=1&query=buon%20ma%20thuot%2C%20%C4%91ak%20lak
2026-09-08 09:23:38,049 | INFO | Navigation success | attempt=1/3 | 0.24s | url=https://www.google.com/maps/search/?api=1&query=buon%20ma%20thuot%2C%20%C4%91ak%20lak
2026-09-08 09:24:08,137 | INFO | NO_CANDIDATES after hydration retries | mode=title | title='Hillside Homestay Dak lak' | address='10619 Nguyễn Du, Buôn Ma Thuột, Đắk Lắk, Việt Nam' | page_url='https://www.google.com/maps/place/Bu%C3%B4n+Ma+Thu%E1%BB%99t,+%C4%90%E1%BA%AFk+L%E1%BA%AFk,+Vi%E1%BB%87t+Nam/@12.7008925,108.02286,13z/data=!3m1!4b1!4m6!3m5!1s0x31721d46c54d7e01:0x53b96fcf99adade6!8m2!3d12.7131519!4d108.0361555!16zL20vMGNiZnM5?entry=ttu&g_ep=EgoyMDI2MDkwMi4wIKXMDSoASAFQAw%3D%3D'
2026-09-08 09:24:08,138 | WARNING | Google Maps search exhausted | reason=NOT_FOUND | title='Hillside Homestay Dak lak' | address='10619 Nguyễn Du, Buôn Ma Thuột, Đắk Lắk, Việt Nam'
2026-09-08 09:24:08,139 | INFO | EXCEL SEARCH RESULT | success=False | reason=NOT_FOUND | google_maps_url=None | url=None | cleaned_url=''
2026-09-08 09:24:09,792 | INFO | Existing URL check | maps_col=google_maps_url | url_col=URL | maps='' | url='' | reusable=''
2026-09-08 09:24:09,848 | WARNING | CURRENT MAPS PLACE TITLE/ADDRESS MISMATCH | input_title='HillVillage PhuYen' | actual_title='Buôn Ma Thuột' | input_address='Hòa Hiệp, Đắk Lắk 56000, Việt Nam' | actual_address='Đắk Lắk' | url='https://www.google.com/maps/place/Bu%C3%B4n+Ma+Thu%E1%BB%99t,+%C4%90%E1%BA%AFk+L%E1%BA%AFk,+Vi%E1%BB%87t+Nam/@12.7008925,108.02286,13z/data=!3m1!4b1!4m6!3m5!1s0x31721d46c54d7e01:0x53b96fcf99adade6!8m2!3d12.7131519!4d108.0361555!16zL20vMGNiZnM5?entry=ttu&g_ep=EgoyMDI2MDkwMi4wIKXMDSoASAFQAw%3D%3D'
2026-09-08 09:24:09,849 | INFO | Google Maps title search variant 1/8: HillVillage PhuYen, hoa hiep, đak lak 56000
2026-09-08 09:24:09,849 | INFO | Navigation start | attempt=1/3 | timeout=15000ms | url=https://www.google.com/maps/search/?api=1&query=HillVillage%20PhuYen%2C%20hoa%20hiep%2C%20%C4%91ak%20lak%2056000
2026-09-08 09:24:10,031 | INFO | Navigation success | attempt=1/3 | 0.18s | url=https://www.google.com/maps/search/?api=1&query=HillVillage%20PhuYen%2C%20hoa%20hiep%2C%20%C4%91ak%20lak%2056000
2026-09-08 09:24:45,122 | INFO | NO_CANDIDATES after hydration retries | mode=title | title='HillVillage PhuYen' | address='Hòa Hiệp, Đắk Lắk 56000, Việt Nam' | page_url='https://www.google.com/maps/place/HillVillage+PhuYen/@12.9891792,109.3892431,17z/data=!4m9!3m8!1s0x316ff1000d0428e9:0x705f6eded020d899!5m2!4m1!1i2!8m2!3d12.9891792!4d109.3892431!16s%2Fg%2F11y7dgrvh2?entry=ttu&g_ep=EgoyMDI2MDkwMi4wIKXMDSoASAFQAw%3D%3D'
2026-09-08 09:24:45,123 | INFO | Google Maps title search variant 2/8: HillVillage PhuYen, Hòa Hiệp, Đắk Lắk 56000, Việt Nam
2026-09-08 09:24:45,124 | INFO | Navigation start | attempt=1/3 | timeout=15000ms | url=https://www.google.com/maps/search/?api=1&query=HillVillage%20PhuYen%2C%20H%C3%B2a%20Hi%E1%BB%87p%2C%20%C4%90%E1%BA%AFk%20L%E1%BA%AFk%2056000%2C%20Vi%E1%BB%87t%20Nam
2026-09-08 09:24:45,399 | INFO | Navigation success | attempt=1/3 | 0.28s | url=https://www.google.com/maps/search/?api=1&query=HillVillage%20PhuYen%2C%20H%C3%B2a%20Hi%E1%BB%87p%2C%20%C4%90%E1%BA%AFk%20L%E1%BA%AFk%2056000%2C%20Vi%E1%BB%87t%20Nam
2026-09-08 09:25:21,563 | INFO | NO_CANDIDATES after hydration retries | mode=title | title='HillVillage PhuYen' | address='Hòa Hiệp, Đắk Lắk 56000, Việt Nam' | page_url='https://www.google.com/maps/place/HillVillage+PhuYen/@12.9891792,109.3892431,17z/data=!4m9!3m8!1s0x316ff1000d0428e9:0x705f6eded020d899!5m2!4m1!1i2!8m2!3d12.9891792!4d109.3892431!16s%2Fg%2F11y7dgrvh2?entry=ttu&g_ep=EgoyMDI2MDkwMi4wIKXMDSoASAFQAw%3D%3D'
2026-09-08 09:25:21,564 | INFO | Google Maps title search variant 3/8: Hòa Hiệp, Đắk Lắk 56000, Việt Nam, HillVillage PhuYen
2026-09-08 09:25:21,564 | INFO | Navigation start | attempt=1/3 | timeout=15000ms | url=https://www.google.com/maps/search/?api=1&query=H%C3%B2a%20Hi%E1%BB%87p%2C%20%C4%90%E1%BA%AFk%20L%E1%BA%AFk%2056000%2C%20Vi%E1%BB%87t%20Nam%2C%20HillVillage%20PhuYen
2026-09-08 09:25:21,759 | INFO | Navigation success | attempt=1/3 | 0.20s | url=https://www.google.com/maps/search/?api=1&query=H%C3%B2a%20Hi%E1%BB%87p%2C%20%C4%90%E1%BA%AFk%20L%E1%BA%AFk%2056000%2C%20Vi%E1%BB%87t%20Nam%2C%20HillVillage%20PhuYen
2026-09-08 09:25:56,923 | INFO | NO_CANDIDATES after hydration retries | mode=title | title='HillVillage PhuYen' | address='Hòa Hiệp, Đắk Lắk 56000, Việt Nam' | page_url='https://www.google.com/maps/place/HillVillage+PhuYen/@12.9891792,109.3892431,17z/data=!4m9!3m8!1s0x316ff1000d0428e9:0x705f6eded020d899!5m2!4m1!1i2!8m2!3d12.9891792!4d109.3892431!16s%2Fg%2F11y7dgrvh2?entry=ttu&g_ep=EgoyMDI2MDkwMi4wIKXMDSoASAFQAw%3D%3D'
2026-09-08 09:25:56,924 | INFO | Google Maps title search variant 4/8: HillVillage PhuYen
2026-09-08 09:25:56,924 | INFO | Navigation start | attempt=1/3 | timeout=15000ms | url=https://www.google.com/maps/search/?api=1&query=HillVillage%20PhuYen
2026-09-08 09:25:57,125 | INFO | Navigation success | attempt=1/3 | 0.20s | url=https://www.google.com/maps/search/?api=1&query=HillVillage%20PhuYen
2026-09-08 09:26:33,130 | INFO | NO_CANDIDATES after hydration retries | mode=title | title='HillVillage PhuYen' | address='Hòa Hiệp, Đắk Lắk 56000, Việt Nam' | page_url='https://www.google.com/maps/place/HillVillage+PhuYen/@12.9891792,109.3892431,17z/data=!4m9!3m8!1s0x316ff1000d0428e9:0x705f6eded020d899!5m2!4m1!1i2!8m2!3d12.9891792!4d109.3892431!16s%2Fg%2F11y7dgrvh2?entry=ttu&g_ep=EgoyMDI2MDkwMi4wIKXMDSoASAFQAw%3D%3D'
2026-09-08 09:26:33,131 | INFO | Google Maps address search variant 5/8: Hòa Hiệp, Đắk Lắk 56000, Việt Nam
2026-09-08 09:26:33,131 | INFO | Navigation start | attempt=1/3 | timeout=15000ms | url=https://www.google.com/maps/search/?api=1&query=H%C3%B2a%20Hi%E1%BB%87p%2C%20%C4%90%E1%BA%AFk%20L%E1%BA%AFk%2056000%2C%20Vi%E1%BB%87t%20Nam
2026-09-08 09:26:33,346 | INFO | Navigation success | attempt=1/3 | 0.21s | url=https://www.google.com/maps/search/?api=1&query=H%C3%B2a%20Hi%E1%BB%87p%2C%20%C4%90%E1%BA%AFk%20L%E1%BA%AFk%2056000%2C%20Vi%E1%BB%87t%20Nam
2026-09-08 09:27:04,414 | INFO | NO_CANDIDATES after hydration retries | mode=address | title='HillVillage PhuYen' | address='Hòa Hiệp, Đắk Lắk 56000, Việt Nam' | page_url='https://www.google.com/maps/place/Tuy+H%C3%B2a,+Ph%C3%BA+Y%C3%AAn+56000,+Vi%E1%BB%87t+Nam/@13.095542,109.3125326,15z/data=!3m1!4b1!4m6!3m5!1s0x316fec40d228f3dd:0xc986e34a30240ffc!8m2!3d13.0955423!4d109.3125326!16s%2Fg%2F11rvcw2xbk?entry=ttu&g_ep=EgoyMDI2MDkwMi4wIKXMDSoASAFQAw%3D%3D'
2026-09-08 09:27:04,415 | INFO | Google Maps title search variant 6/8: hoa hiep, đak lak 56000
2026-09-08 09:27:04,415 | INFO | Navigation start | attempt=1/3 | timeout=15000ms | url=https://www.google.com/maps/search/?api=1&query=hoa%20hiep%2C%20%C4%91ak%20lak%2056000
2026-09-08 09:27:04,632 | INFO | Navigation success | attempt=1/3 | 0.22s | url=https://www.google.com/maps/search/?api=1&query=hoa%20hiep%2C%20%C4%91ak%20lak%2056000
2026-09-08 09:27:34,777 | INFO | NO_CANDIDATES after hydration retries | mode=title | title='HillVillage PhuYen' | address='Hòa Hiệp, Đắk Lắk 56000, Việt Nam' | page_url='https://www.google.com/maps/place/Tuy+H%C3%B2a,+Ph%C3%BA+Y%C3%AAn+56000,+Vi%E1%BB%87t+Nam/@13.095542,109.3125326,15z/data=!3m1!4b1!4m6!3m5!1s0x316fec40d228f3dd:0xc986e34a30240ffc!8m2!3d13.0955423!4d109.3125326!16s%2Fg%2F11rvcw2xbk?entry=ttu&g_ep=EgoyMDI2MDkwMi4wIKXMDSoASAFQAw%3D%3D'
2026-09-08 09:27:34,778 | INFO | Google Maps title search variant 7/8: HillVillage PhuYen, đak lak 56000
2026-09-08 09:27:34,778 | INFO | Navigation start | attempt=1/3 | timeout=15000ms | url=https://www.google.com/maps/search/?api=1&query=HillVillage%20PhuYen%2C%20%C4%91ak%20lak%2056000
2026-09-08 09:27:35,009 | INFO | Navigation success | attempt=1/3 | 0.23s | url=https://www.google.com/maps/search/?api=1&query=HillVillage%20PhuYen%2C%20%C4%91ak%20lak%2056000
2026-09-08 09:28:09,540 | INFO | NO_CANDIDATES after hydration retries | mode=title | title='HillVillage PhuYen' | address='Hòa Hiệp, Đắk Lắk 56000, Việt Nam' | page_url='https://www.google.com/maps/place/HillVillage+PhuYen/@12.9891792,109.3892431,17z/data=!4m9!3m8!1s0x316ff1000d0428e9:0x705f6eded020d899!5m2!4m1!1i2!8m2!3d12.9891792!4d109.3892431!16s%2Fg%2F11y7dgrvh2?entry=ttu&g_ep=EgoyMDI2MDkwMi4wIKXMDSoASAFQAw%3D%3D'
2026-09-08 09:28:09,541 | INFO | Google Maps title search variant 8/8: HillVillage PhuYen, hoa hiep
2026-09-08 09:28:09,542 | INFO | Navigation start | attempt=1/3 | timeout=15000ms | url=https://www.google.com/maps/search/?api=1&query=HillVillage%20PhuYen%2C%20hoa%20hiep
2026-09-08 09:28:09,790 | INFO | Navigation success | attempt=1/3 | 0.25s | url=https://www.google.com/maps/search/?api=1&query=HillVillage%20PhuYen%2C%20hoa%20hiep
2026-09-08 09:28:43,923 | INFO | NO_CANDIDATES after hydration retries | mode=title | title='HillVillage PhuYen' | address='Hòa Hiệp, Đắk Lắk 56000, Việt Nam' | page_url='https://www.google.com/maps/place/HillVillage+PhuYen/@12.9891792,109.3892431,17z/data=!4m9!3m8!1s0x316ff1000d0428e9:0x705f6eded020d899!5m2!4m1!1i2!8m2!3d12.9891792!4d109.3892431!16s%2Fg%2F11y7dgrvh2?entry=ttu&g_ep=EgoyMDI2MDkwMi4wIKXMDSoASAFQAw%3D%3D'
2026-09-08 09:28:43,923 | WARNING | Google Maps search exhausted | reason=NOT_FOUND | title='HillVillage PhuYen' | address='Hòa Hiệp, Đắk Lắk 56000, Việt Nam'
2026-09-08 09:28:43,923 | INFO | EXCEL SEARCH RESULT | success=False | reason=NOT_FOUND | google_maps_url=None | url=None | cleaned_url=''
2026-09-08 09:28:45,238 | INFO | Existing URL check | maps_col=google_maps_url | url_col=URL | maps='' | url='' | reusable=''
2026-09-08 09:28:45,377 | WARNING | CURRENT MAPS PLACE TITLE/ADDRESS MISMATCH | input_title='Hoàng Khang Hotel- Khách sạn Buôn Ma Thuột' | actual_title='HillVillage PhuYen' | input_address='95 Đinh Núp, Tân Lập, Đắk Lắk, Việt Nam' | actual_address='Hòa Hiệp, Đắk Lắk 56000, Việt Nam' | url='https://www.google.com/maps/place/HillVillage+PhuYen/@12.9891792,109.3892431,17z/data=!4m9!3m8!1s0x316ff1000d0428e9:0x705f6eded020d899!5m2!4m1!1i2!8m2!3d12.9891792!4d109.3892431!16s%2Fg%2F11y7dgrvh2?entry=ttu&g_ep=EgoyMDI2MDkwMi4wIKXMDSoASAFQAw%3D%3D'
2026-09-08 09:28:45,378 | INFO | Google Maps title search variant 1/8: Hoàng Khang Hotel- Khách sạn Buôn Ma Thuột, 95 đinh nup, tan lap, đak lak
2026-09-08 09:28:45,378 | INFO | Navigation start | attempt=1/3 | timeout=15000ms | url=https://www.google.com/maps/search/?api=1&query=Ho%C3%A0ng%20Khang%20Hotel-%20Kh%C3%A1ch%20s%E1%BA%A1n%20Bu%C3%B4n%20Ma%20Thu%E1%BB%99t%2C%2095%20%C4%91inh%20nup%2C%20tan%20lap%2C%20%C4%91ak%20lak
2026-09-08 09:28:45,566 | INFO | Navigation success | attempt=1/3 | 0.19s | url=https://www.google.com/maps/search/?api=1&query=Ho%C3%A0ng%20Khang%20Hotel-%20Kh%C3%A1ch%20s%E1%BA%A1n%20Bu%C3%B4n%20Ma%20Thu%E1%BB%99t%2C%2095%20%C4%91inh%20nup%2C%20tan%20lap%2C%20%C4%91ak%20lak
2026-09-08 09:29:18,797 | INFO | NO_CANDIDATES after hydration retries | mode=title | title='Hoàng Khang Hotel- Khách sạn Buôn Ma Thuột' | address='95 Đinh Núp, Tân Lập, Đắk Lắk, Việt Nam' | page_url='https://www.google.com/maps/place/Ho%C3%A0ng+Khang+Hotel-+Kh%C3%A1ch+s%E1%BA%A1n+Bu%C3%B4n+Ma+Thu%E1%BB%99t/@12.6876645,108.0615078,17z/data=!4m9!3m8!1s0x3171f700614d3009:0x78bbd75d0342076f!5m2!4m1!1i2!8m2!3d12.6876645!4d108.0615078!16s%2Fg%2F11vr008dtk?entry=ttu&g_ep=EgoyMDI2MDkwMi4wIKXMDSoASAFQAw%3D%3D'
2026-09-08 09:29:18,798 | INFO | Google Maps title search variant 2/8: Hoàng Khang Hotel- Khách sạn Buôn Ma Thuột, 95 Đinh Núp, Tân Lập, Đắk Lắk, Việt Nam
2026-09-08 09:29:18,798 | INFO | Navigation start | attempt=1/3 | timeout=15000ms | url=https://www.google.com/maps/search/?api=1&query=Ho%C3%A0ng%20Khang%20Hotel-%20Kh%C3%A1ch%20s%E1%BA%A1n%20Bu%C3%B4n%20Ma%20Thu%E1%BB%99t%2C%2095%20%C4%90inh%20N%C3%BAp%2C%20T%C3%A2n%20L%E1%BA%ADp%2C%20%C4%90%E1%BA%AFk%20L%E1%BA%AFk%2C%20Vi%E1%BB%87t%20Nam
2026-09-08 09:29:19,042 | INFO | Navigation success | attempt=1/3 | 0.24s | url=https://www.google.com/maps/search/?api=1&query=Ho%C3%A0ng%20Khang%20Hotel-%20Kh%C3%A1ch%20s%E1%BA%A1n%20Bu%C3%B4n%20Ma%20Thu%E1%BB%99t%2C%2095%20%C4%90inh%20N%C3%BAp%2C%20T%C3%A2n%20L%E1%BA%ADp%2C%20%C4%90%E1%BA%AFk%20L%E1%BA%AFk%2C%20Vi%E1%BB%87t%20Nam
2026-09-08 09:29:53,687 | INFO | NO_CANDIDATES after hydration retries | mode=title | title='Hoàng Khang Hotel- Khách sạn Buôn Ma Thuột' | address='95 Đinh Núp, Tân Lập, Đắk Lắk, Việt Nam' | page_url='https://www.google.com/maps/place/Ho%C3%A0ng+Khang+Hotel-+Kh%C3%A1ch+s%E1%BA%A1n+Bu%C3%B4n+Ma+Thu%E1%BB%99t/@12.6876645,108.0615078,17z/data=!4m9!3m8!1s0x3171f700614d3009:0x78bbd75d0342076f!5m2!4m1!1i2!8m2!3d12.6876645!4d108.0615078!16s%2Fg%2F11vr008dtk?entry=ttu&g_ep=EgoyMDI2MDkwMi4wIKXMDSoASAFQAw%3D%3D'
2026-09-08 09:29:53,698 | INFO | Google Maps title search variant 3/8: 95 Đinh Núp, Tân Lập, Đắk Lắk, Việt Nam, Hoàng Khang Hotel- Khách sạn Buôn Ma Thuột
2026-09-08 09:29:53,699 | INFO | Navigation start | attempt=1/3 | timeout=15000ms | url=https://www.google.com/maps/search/?api=1&query=95%20%C4%90inh%20N%C3%BAp%2C%20T%C3%A2n%20L%E1%BA%ADp%2C%20%C4%90%E1%BA%AFk%20L%E1%BA%AFk%2C%20Vi%E1%BB%87t%20Nam%2C%20Ho%C3%A0ng%20Khang%20Hotel-%20Kh%C3%A1ch%20s%E1%BA%A1n%20Bu%C3%B4n%20Ma%20Thu%E1%BB%99t
2026-09-08 09:29:53,937 | INFO | Navigation success | attempt=1/3 | 0.24s | url=https://www.google.com/maps/search/?api=1&query=95%20%C4%90inh%20N%C3%BAp%2C%20T%C3%A2n%20L%E1%BA%ADp%2C%20%C4%90%E1%BA%AFk%20L%E1%BA%AFk%2C%20Vi%E1%BB%87t%20Nam%2C%20Ho%C3%A0ng%20Khang%20Hotel-%20Kh%C3%A1ch%20s%E1%BA%A1n%20Bu%C3%B4n%20Ma%20Thu%E1%BB%99t
2026-09-08 09:30:26,202 | INFO | NO_CANDIDATES after hydration retries | mode=title | title='Hoàng Khang Hotel- Khách sạn Buôn Ma Thuột' | address='95 Đinh Núp, Tân Lập, Đắk Lắk, Việt Nam' | page_url='https://www.google.com/maps/place/Ho%C3%A0ng+Khang+Hotel-+Kh%C3%A1ch+s%E1%BA%A1n+Bu%C3%B4n+Ma+Thu%E1%BB%99t/@12.6876645,108.0615078,17z/data=!4m9!3m8!1s0x3171f700614d3009:0x78bbd75d0342076f!5m2!4m1!1i2!8m2!3d12.6876645!4d108.0615078!16s%2Fg%2F11vr008dtk?entry=ttu&g_ep=EgoyMDI2MDkwMi4wIKXMDSoASAFQAw%3D%3D'
2026-09-08 09:30:26,202 | INFO | Google Maps title search variant 4/8: Hoàng Khang Hotel- Khách sạn Buôn Ma Thuột
2026-09-08 09:30:26,202 | INFO | Navigation start | attempt=1/3 | timeout=15000ms | url=https://www.google.com/maps/search/?api=1&query=Ho%C3%A0ng%20Khang%20Hotel-%20Kh%C3%A1ch%20s%E1%BA%A1n%20Bu%C3%B4n%20Ma%20Thu%E1%BB%99t
2026-09-08 09:30:26,397 | INFO | Navigation success | attempt=1/3 | 0.19s | url=https://www.google.com/maps/search/?api=1&query=Ho%C3%A0ng%20Khang%20Hotel-%20Kh%C3%A1ch%20s%E1%BA%A1n%20Bu%C3%B4n%20Ma%20Thu%E1%BB%99t
2026-09-08 09:30:59,030 | INFO | NO_CANDIDATES after hydration retries | mode=title | title='Hoàng Khang Hotel- Khách sạn Buôn Ma Thuột' | address='95 Đinh Núp, Tân Lập, Đắk Lắk, Việt Nam' | page_url='https://www.google.com/maps/place/Ho%C3%A0ng+Khang+Hotel-+Kh%C3%A1ch+s%E1%BA%A1n+Bu%C3%B4n+Ma+Thu%E1%BB%99t/@12.6876645,108.0615078,17z/data=!4m9!3m8!1s0x3171f700614d3009:0x78bbd75d0342076f!5m2!4m1!1i2!8m2!3d12.6876645!4d108.0615078!16s%2Fg%2F11vr008dtk?entry=ttu&g_ep=EgoyMDI2MDkwMi4wIKXMDSoASAFQAw%3D%3D'
2026-09-08 09:30:59,031 | INFO | Google Maps address search variant 5/8: 95 Đinh Núp, Tân Lập, Đắk Lắk, Việt Nam
2026-09-08 09:30:59,032 | INFO | Navigation start | attempt=1/3 | timeout=15000ms | url=https://www.google.com/maps/search/?api=1&query=95%20%C4%90inh%20N%C3%BAp%2C%20T%C3%A2n%20L%E1%BA%ADp%2C%20%C4%90%E1%BA%AFk%20L%E1%BA%AFk%2C%20Vi%E1%BB%87t%20Nam
2026-09-08 09:30:59,286 | INFO | Navigation success | attempt=1/3 | 0.25s | url=https://www.google.com/maps/search/?api=1&query=95%20%C4%90inh%20N%C3%BAp%2C%20T%C3%A2n%20L%E1%BA%ADp%2C%20%C4%90%E1%BA%AFk%20L%E1%BA%AFk%2C%20Vi%E1%BB%87t%20Nam
2026-09-08 09:31:33,278 | INFO | NO_CANDIDATES after hydration retries | mode=address | title='Hoàng Khang Hotel- Khách sạn Buôn Ma Thuột' | address='95 Đinh Núp, Tân Lập, Đắk Lắk, Việt Nam' | page_url='https://www.google.com/maps/place/95+%C4%90inh+N%C3%BAp,+T%C3%A2n+L%E1%BA%ADp,+%C4%90%E1%BA%AFk+L%E1%BA%AFk,+Vi%E1%BB%87t+Nam/@12.6876645,108.0615078,17z/data=!3m1!4b1!4m6!3m5!1s0x3171f7cfbf220435:0xf29f54c488290ce5!8m2!3d12.6876645!4d108.0615078!16s%2Fg%2F11s9lmcb8r?entry=ttu&g_ep=EgoyMDI2MDkwMi4wIKXMDSoASAFQAw%3D%3D'
2026-09-08 09:31:33,278 | INFO | Google Maps title search variant 6/8: Hoàng Khang Hotel- Khách sạn Buôn Ma Thuột, tan lap, đak lak
2026-09-08 09:31:33,279 | INFO | Navigation start | attempt=1/3 | timeout=15000ms | url=https://www.google.com/maps/search/?api=1&query=Ho%C3%A0ng%20Khang%20Hotel-%20Kh%C3%A1ch%20s%E1%BA%A1n%20Bu%C3%B4n%20Ma%20Thu%E1%BB%99t%2C%20tan%20lap%2C%20%C4%91ak%20lak
2026-09-08 09:31:33,458 | INFO | Navigation success | attempt=1/3 | 0.18s | url=https://www.google.com/maps/search/?api=1&query=Ho%C3%A0ng%20Khang%20Hotel-%20Kh%C3%A1ch%20s%E1%BA%A1n%20Bu%C3%B4n%20Ma%20Thu%E1%BB%99t%2C%20tan%20lap%2C%20%C4%91ak%20lak
2026-09-08 09:32:11,827 | INFO | NO_CANDIDATES after hydration retries | mode=title | title='Hoàng Khang Hotel- Khách sạn Buôn Ma Thuột' | address='95 Đinh Núp, Tân Lập, Đắk Lắk, Việt Nam' | page_url='https://www.google.com/maps/place/Ho%C3%A0ng+Khang+Hotel-+Kh%C3%A1ch+s%E1%BA%A1n+Bu%C3%B4n+Ma+Thu%E1%BB%99t/@12.6876645,108.0615078,17z/data=!4m9!3m8!1s0x3171f700614d3009:0x78bbd75d0342076f!5m2!4m1!1i2!8m2!3d12.6876645!4d108.0615078!16s%2Fg%2F11vr008dtk?entry=ttu&g_ep=EgoyMDI2MDkwMi4wIKXMDSoASAFQAw%3D%3D'
2026-09-08 09:32:11,827 | INFO | Google Maps title search variant 7/8: 95 đinh nup, tan lap, đak lak
2026-09-08 09:32:11,828 | INFO | Navigation start | attempt=1/3 | timeout=15000ms | url=https://www.google.com/maps/search/?api=1&query=95%20%C4%91inh%20nup%2C%20tan%20lap%2C%20%C4%91ak%20lak
2026-09-08 09:32:12,048 | INFO | Navigation success | attempt=1/3 | 0.22s | url=https://www.google.com/maps/search/?api=1&query=95%20%C4%91inh%20nup%2C%20tan%20lap%2C%20%C4%91ak%20lak
2026-09-08 09:32:46,097 | INFO | NO_CANDIDATES after hydration retries | mode=title | title='Hoàng Khang Hotel- Khách sạn Buôn Ma Thuột' | address='95 Đinh Núp, Tân Lập, Đắk Lắk, Việt Nam' | page_url='https://www.google.com/maps/place/95+%C4%90inh+N%C3%BAp,+T%C3%A2n+L%E1%BA%ADp,+%C4%90%E1%BA%AFk+L%E1%BA%AFk,+Vi%E1%BB%87t+Nam/@12.6876645,108.0615078,17z/data=!3m1!4b1!4m6!3m5!1s0x3171f7cfbf220435:0xf29f54c488290ce5!8m2!3d12.6876645!4d108.0615078!16s%2Fg%2F11s9lmcb8r?entry=ttu&g_ep=EgoyMDI2MDkwMi4wIKXMDSoASAFQAw%3D%3D'
2026-09-08 09:32:46,097 | INFO | Google Maps title search variant 8/8: tan lap, đak lak
2026-09-08 09:32:46,097 | INFO | Navigation start | attempt=1/3 | timeout=15000ms | url=https://www.google.com/maps/search/?api=1&query=tan%20lap%2C%20%C4%91ak%20lak
2026-09-08 09:32:46,291 | INFO | Navigation success | attempt=1/3 | 0.19s | url=https://www.google.com/maps/search/?api=1&query=tan%20lap%2C%20%C4%91ak%20lak
2026-09-08 09:33:18,262 | INFO | NO_CANDIDATES after hydration retries | mode=title | title='Hoàng Khang Hotel- Khách sạn Buôn Ma Thuột' | address='95 Đinh Núp, Tân Lập, Đắk Lắk, Việt Nam' | page_url='https://www.google.com/maps/place/T%C3%A2n+L%E1%BA%ADp,+%C4%90%E1%BA%AFk+L%E1%BA%AFk,+Vi%E1%BB%87t+Nam/@12.6578529,108.1022224,13z/data=!3m1!4b1!4m6!3m5!1s0x3171f6f7f5854e63:0xd50bef16522ac6bc!8m2!3d12.6640363!4d108.1072924!16s%2Fg%2F11z30dnty3?entry=ttu&g_ep=EgoyMDI2MDkwMi4wIKXMDSoASAFQAw%3D%3D'
2026-09-08 09:33:18,263 | WARNING | Google Maps search exhausted | reason=NOT_FOUND | title='Hoàng Khang Hotel- Khách sạn Buôn Ma Thuột' | address='95 Đinh Núp, Tân Lập, Đắk Lắk, Việt Nam'
2026-09-08 09:33:18,275 | INFO | EXCEL SEARCH RESULT | success=False | reason=NOT_FOUND | google_maps_url=None | url=None | cleaned_url=''
2026-09-08 09:33:19,306 | INFO | Existing URL check | maps_col=google_maps_url | url_col=URL | maps='' | url='' | reusable=''
2026-09-08 09:33:19,504 | WARNING | CURRENT MAPS PLACE TITLE/ADDRESS MISMATCH | input_title='Hoàng nhạn homestay' | actual_title='Tân Lập' | input_address='QL29 KP Phước Lâm, Hòa Hiệp, Đắk Lắk, Việt Nam' | actual_address='Đắk Lắk' | url='https://www.google.com/maps/place/T%C3%A2n+L%E1%BA%ADp,+%C4%90%E1%BA%AFk+L%E1%BA%AFk,+Vi%E1%BB%87t+Nam/@12.6578529,108.1022224,13z/data=!3m1!4b1!4m6!3m5!1s0x3171f6f7f5854e63:0xd50bef16522ac6bc!8m2!3d12.6640363!4d108.1072924!16s%2Fg%2F11z30dnty3?entry=ttu&g_ep=EgoyMDI2MDkwMi4wIKXMDSoASAFQAw%3D%3D'
2026-09-08 09:33:19,504 | INFO | Google Maps title search variant 1/8: Hoàng nhạn homestay, ql29 kp phuoc lam, hoa hiep, đak lak
2026-09-08 09:33:19,505 | INFO | Navigation start | attempt=1/3 | timeout=15000ms | url=https://www.google.com/maps/search/?api=1&query=Ho%C3%A0ng%20nh%E1%BA%A1n%20homestay%2C%20ql29%20kp%20phuoc%20lam%2C%20hoa%20hiep%2C%20%C4%91ak%20lak
2026-09-08 09:33:19,696 | INFO | Navigation success | attempt=1/3 | 0.19s | url=https://www.google.com/maps/search/?api=1&query=Ho%C3%A0ng%20nh%E1%BA%A1n%20homestay%2C%20ql29%20kp%20phuoc%20lam%2C%20hoa%20hiep%2C%20%C4%91ak%20lak
2026-09-08 09:33:55,805 | INFO | NO_CANDIDATES after hydration retries | mode=title | title='Hoàng nhạn homestay' | address='QL29 KP Phước Lâm, Hòa Hiệp, Đắk Lắk, Việt Nam' | page_url='https://www.google.com/maps/place/Ho%C3%A0ng+nh%E1%BA%A1n+homestay/@13.0111797,109.349651,17z/data=!4m9!3m8!1s0x316fef0079bbbf53:0xa004c8ae02fb9635!5m2!4m1!1i2!8m2!3d13.0111797!4d109.349651!16s%2Fg%2F11y_rs7r_n?entry=ttu&g_ep=EgoyMDI2MDkwMi4wIKXMDSoASAFQAw%3D%3D'
2026-09-08 09:33:55,805 | INFO | Google Maps title search variant 2/8: Hoàng nhạn homestay, QL29 KP Phước Lâm, Hòa Hiệp, Đắk Lắk, Việt Nam
2026-09-08 09:33:55,805 | INFO | Navigation start | attempt=1/3 | timeout=15000ms | url=https://www.google.com/maps/search/?api=1&query=Ho%C3%A0ng%20nh%E1%BA%A1n%20homestay%2C%20QL29%20KP%20Ph%C6%B0%E1%BB%9Bc%20L%C3%A2m%2C%20H%C3%B2a%20Hi%E1%BB%87p%2C%20%C4%90%E1%BA%AFk%20L%E1%BA%AFk%2C%20Vi%E1%BB%87t%20Nam
2026-09-08 09:33:55,993 | INFO | Navigation success | attempt=1/3 | 0.19s | url=https://www.google.com/maps/search/?api=1&query=Ho%C3%A0ng%20nh%E1%BA%A1n%20homestay%2C%20QL29%20KP%20Ph%C6%B0%E1%BB%9Bc%20L%C3%A2m%2C%20H%C3%B2a%20Hi%E1%BB%87p%2C%20%C4%90%E1%BA%AFk%20L%E1%BA%AFk%2C%20Vi%E1%BB%87t%20Nam
2026-09-08 09:34:30,138 | INFO | NO_CANDIDATES after hydration retries | mode=title | title='Hoàng nhạn homestay' | address='QL29 KP Phước Lâm, Hòa Hiệp, Đắk Lắk, Việt Nam' | page_url='https://www.google.com/maps/place/Ho%C3%A0ng+nh%E1%BA%A1n+homestay/@13.0111797,109.349651,17z/data=!4m9!3m8!1s0x316fef0079bbbf53:0xa004c8ae02fb9635!5m2!4m1!1i2!8m2!3d13.0111797!4d109.349651!16s%2Fg%2F11y_rs7r_n?entry=ttu&g_ep=EgoyMDI2MDkwMi4wIKXMDSoASAFQAw%3D%3D'
2026-09-08 09:34:30,138 | INFO | Google Maps title search variant 3/8: QL29 KP Phước Lâm, Hòa Hiệp, Đắk Lắk, Việt Nam, Hoàng nhạn homestay
2026-09-08 09:34:30,138 | INFO | Navigation start | attempt=1/3 | timeout=15000ms | url=https://www.google.com/maps/search/?api=1&query=QL29%20KP%20Ph%C6%B0%E1%BB%9Bc%20L%C3%A2m%2C%20H%C3%B2a%20Hi%E1%BB%87p%2C%20%C4%90%E1%BA%AFk%20L%E1%BA%AFk%2C%20Vi%E1%BB%87t%20Nam%2C%20Ho%C3%A0ng%20nh%E1%BA%A1n%20homestay
2026-09-08 09:34:30,349 | INFO | Navigation success | attempt=1/3 | 0.21s | url=https://www.google.com/maps/search/?api=1&query=QL29%20KP%20Ph%C6%B0%E1%BB%9Bc%20L%C3%A2m%2C%20H%C3%B2a%20Hi%E1%BB%87p%2C%20%C4%90%E1%BA%AFk%20L%E1%BA%AFk%2C%20Vi%E1%BB%87t%20Nam%2C%20Ho%C3%A0ng%20nh%E1%BA%A1n%20homestay
