2026-09-08 09:15:02,512 | INFO | JSON lookup loaded: 0 Maps URLs
2026-09-08 09:15:04,658 | INFO | Existing URL check | maps_col=google_maps_url | url_col=URL | maps='' | url='' | reusable=''
2026-09-08 09:15:04,680 | INFO | Google Maps title search variant 1/8: Khách sạn Biệt Điện, 01 ngo quyen, buon ma thuot, đak lak
2026-09-08 09:15:04,687 | INFO | Navigation start | attempt=1/3 | timeout=15000ms | url=https://www.google.com/maps/search/?api=1&query=Kh%C3%A1ch%20s%E1%BA%A1n%20Bi%E1%BB%87t%20%C4%90i%E1%BB%87n%2C%2001%20ngo%20quyen%2C%20buon%20ma%20thuot%2C%20%C4%91ak%20lak
2026-09-08 09:15:05,030 | INFO | Navigation success | attempt=1/3 | 0.34s | url=https://www.google.com/maps/search/?api=1&query=Kh%C3%A1ch%20s%E1%BA%A1n%20Bi%E1%BB%87t%20%C4%90i%E1%BB%87n%2C%2001%20ngo%20quyen%2C%20buon%20ma%20thuot%2C%20%C4%91ak%20lak
2026-09-08 09:15:35,501 | INFO | NO_CANDIDATES after hydration retries | mode=title | title='Khách sạn Biệt Điện' | address='01 Ngô Quyền, Buôn Ma Thuột, Đắk Lắk, Việt Nam' | page_url='https://www.google.com/maps/place/Kh%C3%A1ch+s%E1%BA%A1n+Bi%E1%BB%87t+%C4%90i%E1%BB%87n/@12.6872522,108.0506907,17z/data=!4m9!3m8!1s0x3171f7d653c9b1d1:0x23b08c6c2760e4a0!5m2!4m1!1i2!8m2!3d12.6872522!4d108.0506907!16s%2Fg%2F1pt_bzkwc?entry=ttu&g_ep=EgoyMDI2MDkwMi4wIKXMDSoASAFQAw%3D%3D'
2026-09-08 09:15:35,502 | INFO | Google Maps title search variant 2/8: Khách sạn Biệt Điện, 01 Ngô Quyền, Buôn Ma Thuột, Đắk Lắk, Việt Nam
2026-09-08 09:15:35,504 | INFO | Navigation start | attempt=1/3 | timeout=15000ms | url=https://www.google.com/maps/search/?api=1&query=Kh%C3%A1ch%20s%E1%BA%A1n%20Bi%E1%BB%87t%20%C4%90i%E1%BB%87n%2C%2001%20Ng%C3%B4%20Quy%E1%BB%81n%2C%20Bu%C3%B4n%20Ma%20Thu%E1%BB%99t%2C%20%C4%90%E1%BA%AFk%20L%E1%BA%AFk%2C%20Vi%E1%BB%87t%20Nam
2026-09-08 09:15:35,894 | INFO | Navigation success | attempt=1/3 | 0.39s | url=https://www.google.com/maps/search/?api=1&query=Kh%C3%A1ch%20s%E1%BA%A1n%20Bi%E1%BB%87t%20%C4%90i%E1%BB%87n%2C%2001%20Ng%C3%B4%20Quy%E1%BB%81n%2C%20Bu%C3%B4n%20Ma%20Thu%E1%BB%99t%2C%20%C4%90%E1%BA%AFk%20L%E1%BA%AFk%2C%20Vi%E1%BB%87t%20Nam
2026-09-08 09:16:10,471 | INFO | NO_CANDIDATES after hydration retries | mode=title | title='Khách sạn Biệt Điện' | address='01 Ngô Quyền, Buôn Ma Thuột, Đắk Lắk, Việt Nam' | page_url='https://www.google.com/maps/place/Kh%C3%A1ch+s%E1%BA%A1n+Bi%E1%BB%87t+%C4%90i%E1%BB%87n/@12.6872522,108.0506907,17z/data=!4m9!3m8!1s0x3171f7d653c9b1d1:0x23b08c6c2760e4a0!5m2!4m1!1i2!8m2!3d12.6872522!4d108.0506907!16s%2Fg%2F1pt_bzkwc?entry=ttu&g_ep=EgoyMDI2MDkwMi4wIKXMDSoASAFQAw%3D%3D'
2026-09-08 09:16:10,472 | INFO | Google Maps title search variant 3/8: 01 Ngô Quyền, Buôn Ma Thuột, Đắk Lắk, Việt Nam, Khách sạn Biệt Điện
2026-09-08 09:16:10,472 | INFO | Navigation start | attempt=1/3 | timeout=15000ms | url=https://www.google.com/maps/search/?api=1&query=01%20Ng%C3%B4%20Quy%E1%BB%81n%2C%20Bu%C3%B4n%20Ma%20Thu%E1%BB%99t%2C%20%C4%90%E1%BA%AFk%20L%E1%BA%AFk%2C%20Vi%E1%BB%87t%20Nam%2C%20Kh%C3%A1ch%20s%E1%BA%A1n%20Bi%E1%BB%87t%20%C4%90i%E1%BB%87n
2026-09-08 09:16:10,710 | INFO | Navigation success | attempt=1/3 | 0.24s | url=https://www.google.com/maps/search/?api=1&query=01%20Ng%C3%B4%20Quy%E1%BB%81n%2C%20Bu%C3%B4n%20Ma%20Thu%E1%BB%99t%2C%20%C4%90%E1%BA%AFk%20L%E1%BA%AFk%2C%20Vi%E1%BB%87t%20Nam%2C%20Kh%C3%A1ch%20s%E1%BA%A1n%20Bi%E1%BB%87t%20%C4%90i%E1%BB%87n
2026-09-08 09:16:48,414 | INFO | NO_CANDIDATES after hydration retries | mode=title | title='Khách sạn Biệt Điện' | address='01 Ngô Quyền, Buôn Ma Thuột, Đắk Lắk, Việt Nam' | page_url='https://www.google.com/maps/place/Kh%C3%A1ch+s%E1%BA%A1n+Bi%E1%BB%87t+%C4%90i%E1%BB%87n/@12.6872522,108.0506907,17z/data=!4m9!3m8!1s0x3171f7d653c9b1d1:0x23b08c6c2760e4a0!5m2!4m1!1i2!8m2!3d12.6872522!4d108.0506907!16s%2Fg%2F1pt_bzkwc?entry=ttu&g_ep=EgoyMDI2MDkwMi4wIKXMDSoASAFQAw%3D%3D'
2026-09-08 09:16:48,415 | INFO | Google Maps title search variant 4/8: Khách sạn Biệt Điện
2026-09-08 09:16:48,415 | INFO | Navigation start | attempt=1/3 | timeout=15000ms | url=https://www.google.com/maps/search/?api=1&query=Kh%C3%A1ch%20s%E1%BA%A1n%20Bi%E1%BB%87t%20%C4%90i%E1%BB%87n
2026-09-08 09:16:48,694 | INFO | Navigation success | attempt=1/3 | 0.28s | url=https://www.google.com/maps/search/?api=1&query=Kh%C3%A1ch%20s%E1%BA%A1n%20Bi%E1%BB%87t%20%C4%90i%E1%BB%87n
2026-09-08 09:17:28,085 | INFO | NO_CANDIDATES after hydration retries | mode=title | title='Khách sạn Biệt Điện' | address='01 Ngô Quyền, Buôn Ma Thuột, Đắk Lắk, Việt Nam' | page_url='https://www.google.com/maps/place/Kh%C3%A1ch+s%E1%BA%A1n+Bi%E1%BB%87t+%C4%90i%E1%BB%87n/@12.6872522,108.0506907,17z/data=!4m9!3m8!1s0x3171f7d653c9b1d1:0x23b08c6c2760e4a0!5m2!4m1!1i2!8m2!3d12.6872522!4d108.0506907!16s%2Fg%2F1pt_bzkwc?entry=ttu&g_ep=EgoyMDI2MDkwMi4wIKXMDSoASAFQAw%3D%3D'
2026-09-08 09:17:28,085 | INFO | Google Maps address search variant 5/8: 01 Ngô Quyền, Buôn Ma Thuột, Đắk Lắk, Việt Nam
2026-09-08 09:17:28,086 | INFO | Navigation start | attempt=1/3 | timeout=15000ms | url=https://www.google.com/maps/search/?api=1&query=01%20Ng%C3%B4%20Quy%E1%BB%81n%2C%20Bu%C3%B4n%20Ma%20Thu%E1%BB%99t%2C%20%C4%90%E1%BA%AFk%20L%E1%BA%AFk%2C%20Vi%E1%BB%87t%20Nam
2026-09-08 09:17:28,350 | INFO | Navigation success | attempt=1/3 | 0.26s | url=https://www.google.com/maps/search/?api=1&query=01%20Ng%C3%B4%20Quy%E1%BB%81n%2C%20Bu%C3%B4n%20Ma%20Thu%E1%BB%99t%2C%20%C4%90%E1%BA%AFk%20L%E1%BA%AFk%2C%20Vi%E1%BB%87t%20Nam
2026-09-08 09:18:03,497 | INFO | NO_CANDIDATES after hydration retries | mode=address | title='Khách sạn Biệt Điện' | address='01 Ngô Quyền, Buôn Ma Thuột, Đắk Lắk, Việt Nam' | page_url='https://www.google.com/maps/place/01+Ng%C3%B4+Quy%E1%BB%81n,+Bu%C3%B4n+Ma+Thu%E1%BB%99t,+%C4%90%E1%BA%AFk+L%E1%BA%AFk,+Vi%E1%BB%87t+Nam/@12.6872355,108.0505801,17z/data=!3m1!4b1!4m6!3m5!1s0x3171f7d653c9b1d1:0xa0ff0f2383a177b5!8m2!3d12.6872273!4d108.0505112!16s%2Fg%2F11bw3hpwxf?entry=ttu&g_ep=EgoyMDI2MDkwMi4wIKXMDSoASAFQAw%3D%3D'
2026-09-08 09:18:03,498 | INFO | Google Maps title search variant 6/8: Khách sạn Biệt Điện, buon ma thuot, đak lak
2026-09-08 09:18:03,498 | INFO | Navigation start | attempt=1/3 | timeout=15000ms | url=https://www.google.com/maps/search/?api=1&query=Kh%C3%A1ch%20s%E1%BA%A1n%20Bi%E1%BB%87t%20%C4%90i%E1%BB%87n%2C%20buon%20ma%20thuot%2C%20%C4%91ak%20lak
2026-09-08 09:18:03,736 | INFO | Navigation success | attempt=1/3 | 0.24s | url=https://www.google.com/maps/search/?api=1&query=Kh%C3%A1ch%20s%E1%BA%A1n%20Bi%E1%BB%87t%20%C4%90i%E1%BB%87n%2C%20buon%20ma%20thuot%2C%20%C4%91ak%20lak
2026-09-08 09:18:40,707 | INFO | NO_CANDIDATES after hydration retries | mode=title | title='Khách sạn Biệt Điện' | address='01 Ngô Quyền, Buôn Ma Thuột, Đắk Lắk, Việt Nam' | page_url='https://www.google.com/maps/place/Kh%C3%A1ch+s%E1%BA%A1n+Bi%E1%BB%87t+%C4%90i%E1%BB%87n/@12.6872522,108.0506907,17z/data=!4m9!3m8!1s0x3171f7d653c9b1d1:0x23b08c6c2760e4a0!5m2!4m1!1i2!8m2!3d12.6872522!4d108.0506907!16s%2Fg%2F1pt_bzkwc?entry=ttu&g_ep=EgoyMDI2MDkwMi4wIKXMDSoASAFQAw%3D%3D'
2026-09-08 09:18:40,720 | INFO | Google Maps title search variant 7/8: 01 ngo quyen, buon ma thuot, đak lak
2026-09-08 09:18:40,721 | INFO | Navigation start | attempt=1/3 | timeout=15000ms | url=https://www.google.com/maps/search/?api=1&query=01%20ngo%20quyen%2C%20buon%20ma%20thuot%2C%20%C4%91ak%20lak
2026-09-08 09:18:40,953 | INFO | Navigation success | attempt=1/3 | 0.23s | url=https://www.google.com/maps/search/?api=1&query=01%20ngo%20quyen%2C%20buon%20ma%20thuot%2C%20%C4%91ak%20lak
2026-09-08 09:19:16,159 | INFO | NO_CANDIDATES after hydration retries | mode=title | title='Khách sạn Biệt Điện' | address='01 Ngô Quyền, Buôn Ma Thuột, Đắk Lắk, Việt Nam' | page_url='https://www.google.com/maps/place/01+Ng%C3%B4+Quy%E1%BB%81n,+Bu%C3%B4n+Ma+Thu%E1%BB%99t,+%C4%90%E1%BA%AFk+L%E1%BA%AFk,+Vi%E1%BB%87t+Nam/@12.6872355,108.0505801,17z/data=!3m1!4b1!4m6!3m5!1s0x3171f7d653c9b1d1:0xa0ff0f2383a177b5!8m2!3d12.6872273!4d108.0505112!16s%2Fg%2F11bw3hpwxf?entry=ttu&g_ep=EgoyMDI2MDkwMi4wIKXMDSoASAFQAw%3D%3D'
2026-09-08 09:19:16,159 | INFO | Google Maps title search variant 8/8: buon ma thuot, đak lak
2026-09-08 09:19:16,159 | INFO | Navigation start | attempt=1/3 | timeout=15000ms | url=https://www.google.com/maps/search/?api=1&query=buon%20ma%20thuot%2C%20%C4%91ak%20lak
2026-09-08 09:19:16,367 | INFO | Navigation success | attempt=1/3 | 0.21s | url=https://www.google.com/maps/search/?api=1&query=buon%20ma%20thuot%2C%20%C4%91ak%20lak
2026-09-08 09:19:46,547 | INFO | NO_CANDIDATES after hydration retries | mode=title | title='Khách sạn Biệt Điện' | address='01 Ngô Quyền, Buôn Ma Thuột, Đắk Lắk, Việt Nam' | page_url='https://www.google.com/maps/place/Bu%C3%B4n+Ma+Thu%E1%BB%99t,+%C4%90%E1%BA%AFk+L%E1%BA%AFk,+Vi%E1%BB%87t+Nam/@12.7008925,108.02286,13z/data=!3m1!4b1!4m6!3m5!1s0x31721d46c54d7e01:0x53b96fcf99adade6!8m2!3d12.7131519!4d108.0361555!16zL20vMGNiZnM5?entry=ttu&g_ep=EgoyMDI2MDkwMi4wIKXMDSoASAFQAw%3D%3D'
2026-09-08 09:19:46,547 | WARNING | Google Maps search exhausted | reason=NOT_FOUND | title='Khách sạn Biệt Điện' | address='01 Ngô Quyền, Buôn Ma Thuột, Đắk Lắk, Việt Nam'
2026-09-08 09:19:46,547 | INFO | EXCEL SEARCH RESULT | success=False | reason=NOT_FOUND | google_maps_url=None | url=None | cleaned_url=''
2026-09-08 09:19:47,909 | INFO | Existing URL check | maps_col=google_maps_url | url_col=URL | maps='' | url='' | reusable=''
2026-09-08 09:19:47,974 | WARNING | CURRENT MAPS PLACE TITLE/ADDRESS MISMATCH | input_title='Khách sạn Dakruco' | actual_title='Buôn Ma Thuột' | input_address='30 Nguyễn Chí Thanh, Tân An, Đắk Lắk 360000, Việt Nam' | actual_address='Buôn Ma Thuột' | url='https://www.google.com/maps/place/Bu%C3%B4n+Ma+Thu%E1%BB%99t,+%C4%90%E1%BA%AFk+L%E1%BA%AFk,+Vi%E1%BB%87t+Nam/@12.7008925,108.02286,13z/data=!3m1!4b1!4m6!3m5!1s0x31721d46c54d7e01:0x53b96fcf99adade6!8m2!3d12.7131519!4d108.0361555!16zL20vMGNiZnM5?entry=ttu&g_ep=EgoyMDI2MDkwMi4wIKXMDSoASAFQAw%3D%3D'
2026-09-08 09:19:47,974 | INFO | Google Maps title search variant 1/8: Khách sạn Dakruco, 30 nguyen chi thanh, tan an, đak lak 360000
2026-09-08 09:19:47,974 | INFO | Navigation start | attempt=1/3 | timeout=15000ms | url=https://www.google.com/maps/search/?api=1&query=Kh%C3%A1ch%20s%E1%BA%A1n%20Dakruco%2C%2030%20nguyen%20chi%20thanh%2C%20tan%20an%2C%20%C4%91ak%20lak%20360000
2026-09-08 09:19:48,165 | INFO | Navigation success | attempt=1/3 | 0.19s | url=https://www.google.com/maps/search/?api=1&query=Kh%C3%A1ch%20s%E1%BA%A1n%20Dakruco%2C%2030%20nguyen%20chi%20thanh%2C%20tan%20an%2C%20%C4%91ak%20lak%20360000
2026-09-08 09:20:23,497 | INFO | NO_CANDIDATES after hydration retries | mode=title | title='Khách sạn Dakruco' | address='30 Nguyễn Chí Thanh, Tân An, Đắk Lắk 360000, Việt Nam' | page_url='https://www.google.com/maps/place/Kh%C3%A1ch+s%E1%BA%A1n+Dakruco/@12.6934649,108.066457,17z/data=!4m9!3m8!1s0x3171f7c6a365a535:0xfd7a7fd5bf197cf4!5m2!4m1!1i2!8m2!3d12.6934649!4d108.066457!16s%2Fg%2F1vg_9byz?entry=ttu&g_ep=EgoyMDI2MDkwMi4wIKXMDSoASAFQAw%3D%3D'
2026-09-08 09:20:23,497 | INFO | Google Maps title search variant 2/8: Khách sạn Dakruco, 30 Nguyễn Chí Thanh, Tân An, Đắk Lắk 360000, Việt Nam
2026-09-08 09:20:23,497 | INFO | Navigation start | attempt=1/3 | timeout=15000ms | url=https://www.google.com/maps/search/?api=1&query=Kh%C3%A1ch%20s%E1%BA%A1n%20Dakruco%2C%2030%20Nguy%E1%BB%85n%20Ch%C3%AD%20Thanh%2C%20T%C3%A2n%20An%2C%20%C4%90%E1%BA%AFk%20L%E1%BA%AFk%20360000%2C%20Vi%E1%BB%87t%20Nam
2026-09-08 09:20:23,701 | INFO | Navigation success | attempt=1/3 | 0.20s | url=https://www.google.com/maps/search/?api=1&query=Kh%C3%A1ch%20s%E1%BA%A1n%20Dakruco%2C%2030%20Nguy%E1%BB%85n%20Ch%C3%AD%20Thanh%2C%20T%C3%A2n%20An%2C%20%C4%90%E1%BA%AFk%20L%E1%BA%AFk%20360000%2C%20Vi%E1%BB%87t%20Nam
2026-09-08 09:20:59,142 | INFO | NO_CANDIDATES after hydration retries | mode=title | title='Khách sạn Dakruco' | address='30 Nguyễn Chí Thanh, Tân An, Đắk Lắk 360000, Việt Nam' | page_url='https://www.google.com/maps/place/Kh%C3%A1ch+s%E1%BA%A1n+Dakruco/@12.6934649,108.066457,17z/data=!4m9!3m8!1s0x3171f7c6a365a535:0xfd7a7fd5bf197cf4!5m2!4m1!1i2!8m2!3d12.6934649!4d108.066457!16s%2Fg%2F1vg_9byz?entry=ttu&g_ep=EgoyMDI2MDkwMi4wIKXMDSoASAFQAw%3D%3D'
2026-09-08 09:20:59,142 | INFO | Google Maps title search variant 3/8: 30 Nguyễn Chí Thanh, Tân An, Đắk Lắk 360000, Việt Nam, Khách sạn Dakruco
2026-09-08 09:20:59,142 | INFO | Navigation start | attempt=1/3 | timeout=15000ms | url=https://www.google.com/maps/search/?api=1&query=30%20Nguy%E1%BB%85n%20Ch%C3%AD%20Thanh%2C%20T%C3%A2n%20An%2C%20%C4%90%E1%BA%AFk%20L%E1%BA%AFk%20360000%2C%20Vi%E1%BB%87t%20Nam%2C%20Kh%C3%A1ch%20s%E1%BA%A1n%20Dakruco
2026-09-08 09:20:59,346 | INFO | Navigation success | attempt=1/3 | 0.20s | url=https://www.google.com/maps/search/?api=1&query=30%20Nguy%E1%BB%85n%20Ch%C3%AD%20Thanh%2C%20T%C3%A2n%20An%2C%20%C4%90%E1%BA%AFk%20L%E1%BA%AFk%20360000%2C%20Vi%E1%BB%87t%20Nam%2C%20Kh%C3%A1ch%20s%E1%BA%A1n%20Dakruco
2026-09-08 09:21:33,102 | INFO | NO_CANDIDATES after hydration retries | mode=title | title='Khách sạn Dakruco' | address='30 Nguyễn Chí Thanh, Tân An, Đắk Lắk 360000, Việt Nam' | page_url='https://www.google.com/maps/place/Kh%C3%A1ch+s%E1%BA%A1n+Dakruco/@12.6934649,108.066457,17z/data=!4m9!3m8!1s0x3171f7c6a365a535:0xfd7a7fd5bf197cf4!5m2!4m1!1i2!8m2!3d12.6934649!4d108.066457!16s%2Fg%2F1vg_9byz?entry=ttu&g_ep=EgoyMDI2MDkwMi4wIKXMDSoASAFQAw%3D%3D'
2026-09-08 09:21:33,102 | INFO | Google Maps title search variant 4/8: Khách sạn Dakruco
2026-09-08 09:21:33,102 | INFO | Navigation start | attempt=1/3 | timeout=15000ms | url=https://www.google.com/maps/search/?api=1&query=Kh%C3%A1ch%20s%E1%BA%A1n%20Dakruco
2026-09-08 09:21:33,318 | INFO | Navigation success | attempt=1/3 | 0.22s | url=https://www.google.com/maps/search/?api=1&query=Kh%C3%A1ch%20s%E1%BA%A1n%20Dakruco
2026-09-08 09:22:09,535 | INFO | NO_CANDIDATES after hydration retries | mode=title | title='Khách sạn Dakruco' | address='30 Nguyễn Chí Thanh, Tân An, Đắk Lắk 360000, Việt Nam' | page_url='https://www.google.com/maps/place/Kh%C3%A1ch+s%E1%BA%A1n+Dakruco/@12.6934649,108.066457,17z/data=!4m9!3m8!1s0x3171f7c6a365a535:0xfd7a7fd5bf197cf4!5m2!4m1!1i2!8m2!3d12.6934649!4d108.066457!16s%2Fg%2F1vg_9byz?entry=ttu&g_ep=EgoyMDI2MDkwMi4wIKXMDSoASAFQAw%3D%3D'
2026-09-08 09:22:09,535 | INFO | Google Maps address search variant 5/8: 30 Nguyễn Chí Thanh, Tân An, Đắk Lắk 360000, Việt Nam
2026-09-08 09:22:09,536 | INFO | Navigation start | attempt=1/3 | timeout=15000ms | url=https://www.google.com/maps/search/?api=1&query=30%20Nguy%E1%BB%85n%20Ch%C3%AD%20Thanh%2C%20T%C3%A2n%20An%2C%20%C4%90%E1%BA%AFk%20L%E1%BA%AFk%20360000%2C%20Vi%E1%BB%87t%20Nam
2026-09-08 09:22:09,758 | INFO | Navigation success | attempt=1/3 | 0.22s | url=https://www.google.com/maps/search/?api=1&query=30%20Nguy%E1%BB%85n%20Ch%C3%AD%20Thanh%2C%20T%C3%A2n%20An%2C%20%C4%90%E1%BA%AFk%20L%E1%BA%AFk%20360000%2C%20Vi%E1%BB%87t%20Nam
2026-09-08 09:22:47,016 | INFO | NO_CANDIDATES after hydration retries | mode=address | title='Khách sạn Dakruco' | address='30 Nguyễn Chí Thanh, Tân An, Đắk Lắk 360000, Việt Nam' | page_url='https://www.google.com/maps/place/Kh%C3%A1ch+s%E1%BA%A1n+Dakruco/@12.6934649,108.066457,17z/data=!4m9!3m8!1s0x3171f7c6a365a535:0xfd7a7fd5bf197cf4!5m2!4m1!1i2!8m2!3d12.6934649!4d108.066457!16s%2Fg%2F1vg_9byz?entry=ttu&g_ep=EgoyMDI2MDkwMi4wIKXMDSoASAFQAw%3D%3D'
2026-09-08 09:22:47,017 | INFO | Google Maps title search variant 6/8: Khách sạn Dakruco, tan an, đak lak 360000
2026-09-08 09:22:47,018 | INFO | Navigation start | attempt=1/3 | timeout=15000ms | url=https://www.google.com/maps/search/?api=1&query=Kh%C3%A1ch%20s%E1%BA%A1n%20Dakruco%2C%20tan%20an%2C%20%C4%91ak%20lak%20360000
2026-09-08 09:22:47,238 | INFO | Navigation success | attempt=1/3 | 0.22s | url=https://www.google.com/maps/search/?api=1&query=Kh%C3%A1ch%20s%E1%BA%A1n%20Dakruco%2C%20tan%20an%2C%20%C4%91ak%20lak%20360000
2026-09-08 09:23:21,552 | INFO | NO_CANDIDATES after hydration retries | mode=title | title='Khách sạn Dakruco' | address='30 Nguyễn Chí Thanh, Tân An, Đắk Lắk 360000, Việt Nam' | page_url='https://www.google.com/maps/place/Kh%C3%A1ch+s%E1%BA%A1n+Dakruco/@12.6934649,108.066457,17z/data=!4m9!3m8!1s0x3171f7c6a365a535:0xfd7a7fd5bf197cf4!5m2!4m1!1i2!8m2!3d12.6934649!4d108.066457!16s%2Fg%2F1vg_9byz?entry=ttu&g_ep=EgoyMDI2MDkwMi4wIKXMDSoASAFQAw%3D%3D'
2026-09-08 09:23:21,553 | INFO | Google Maps title search variant 7/8: 30 nguyen chi thanh, tan an, đak lak 360000
2026-09-08 09:23:21,553 | INFO | Navigation start | attempt=1/3 | timeout=15000ms | url=https://www.google.com/maps/search/?api=1&query=30%20nguyen%20chi%20thanh%2C%20tan%20an%2C%20%C4%91ak%20lak%20360000
2026-09-08 09:23:21,779 | INFO | Navigation success | attempt=1/3 | 0.23s | url=https://www.google.com/maps/search/?api=1&query=30%20nguyen%20chi%20thanh%2C%20tan%20an%2C%20%C4%91ak%20lak%20360000
2026-09-08 09:23:56,997 | INFO | NO_CANDIDATES after hydration retries | mode=title | title='Khách sạn Dakruco' | address='30 Nguyễn Chí Thanh, Tân An, Đắk Lắk 360000, Việt Nam' | page_url='https://www.google.com/maps/place/Kh%C3%A1ch+s%E1%BA%A1n+Dakruco/@12.6934649,108.066457,17z/data=!4m9!3m8!1s0x3171f7c6a365a535:0xfd7a7fd5bf197cf4!5m2!4m1!1i2!8m2!3d12.6934649!4d108.066457!16s%2Fg%2F1vg_9byz?entry=ttu&g_ep=EgoyMDI2MDkwMi4wIKXMDSoASAFQAw%3D%3D'
2026-09-08 09:23:56,997 | INFO | Google Maps title search variant 8/8: tan an, đak lak 360000
2026-09-08 09:23:56,997 | INFO | Navigation start | attempt=1/3 | timeout=15000ms | url=https://www.google.com/maps/search/?api=1&query=tan%20an%2C%20%C4%91ak%20lak%20360000
2026-09-08 09:23:57,212 | INFO | Navigation success | attempt=1/3 | 0.21s | url=https://www.google.com/maps/search/?api=1&query=tan%20an%2C%20%C4%91ak%20lak%20360000
2026-09-08 09:24:31,225 | INFO | NO_CANDIDATES after hydration retries | mode=title | title='Khách sạn Dakruco' | address='30 Nguyễn Chí Thanh, Tân An, Đắk Lắk 360000, Việt Nam' | page_url='https://www.google.com/maps/place/T%C3%A2n+An,+%C4%90%E1%BA%AFk+L%E1%BA%AFk,+Vi%E1%BB%87t+Nam/@12.7264085,108.110672,13z/data=!3m1!4b1!4m6!3m5!1s0x3171f9d86718ab89:0x299001fb25775252!8m2!3d12.730243!4d108.1072924!16s%2Fg%2F11nb9_kzjn?entry=ttu&g_ep=EgoyMDI2MDkwMi4wIKXMDSoASAFQAw%3D%3D'
2026-09-08 09:24:31,226 | WARNING | Google Maps search exhausted | reason=NOT_FOUND | title='Khách sạn Dakruco' | address='30 Nguyễn Chí Thanh, Tân An, Đắk Lắk 360000, Việt Nam'
2026-09-08 09:24:31,226 | INFO | EXCEL SEARCH RESULT | success=False | reason=NOT_FOUND | google_maps_url=None | url=None | cleaned_url=''
2026-09-08 09:24:32,370 | INFO | Existing URL check | maps_col=google_maps_url | url_col=URL | maps='' | url='' | reusable=''
2026-09-08 09:24:32,475 | WARNING | CURRENT MAPS PLACE TITLE/ADDRESS MISMATCH | input_title='Khách sạn Mường Thanh Buôn Ma Thuột' | actual_title='Tân An' | input_address='81 Nguyễn Tất Thành, Tân An, Đắk Lắk, Việt Nam' | actual_address='Tân An' | url='https://www.google.com/maps/place/T%C3%A2n+An,+%C4%90%E1%BA%AFk+L%E1%BA%AFk,+Vi%E1%BB%87t+Nam/@12.7264085,108.110672,13z/data=!3m1!4b1!4m6!3m5!1s0x3171f9d86718ab89:0x299001fb25775252!8m2!3d12.730243!4d108.1072924!16s%2Fg%2F11nb9_kzjn?entry=ttu&g_ep=EgoyMDI2MDkwMi4wIKXMDSoASAFQAw%3D%3D'
2026-09-08 09:24:32,476 | INFO | Google Maps title search variant 1/8: Khách sạn Mường Thanh Buôn Ma Thuột, 81 nguyen tat thanh, tan an, đak lak
2026-09-08 09:24:32,476 | INFO | Navigation start | attempt=1/3 | timeout=15000ms | url=https://www.google.com/maps/search/?api=1&query=Kh%C3%A1ch%20s%E1%BA%A1n%20M%C6%B0%E1%BB%9Dng%20Thanh%20Bu%C3%B4n%20Ma%20Thu%E1%BB%99t%2C%2081%20nguyen%20tat%20thanh%2C%20tan%20an%2C%20%C4%91ak%20lak
2026-09-08 09:24:32,658 | INFO | Navigation success | attempt=1/3 | 0.18s | url=https://www.google.com/maps/search/?api=1&query=Kh%C3%A1ch%20s%E1%BA%A1n%20M%C6%B0%E1%BB%9Dng%20Thanh%20Bu%C3%B4n%20Ma%20Thu%E1%BB%99t%2C%2081%20nguyen%20tat%20thanh%2C%20tan%20an%2C%20%C4%91ak%20lak
2026-09-08 09:25:10,048 | INFO | NO_CANDIDATES after hydration retries | mode=title | title='Khách sạn Mường Thanh Buôn Ma Thuột' | address='81 Nguyễn Tất Thành, Tân An, Đắk Lắk, Việt Nam' | page_url='https://www.google.com/maps/place/Kh%C3%A1ch+s%E1%BA%A1n+M%C6%B0%E1%BB%9Dng+Thanh+Bu%C3%B4n+Ma+Thu%E1%BB%99t/@12.6926802,108.0632612,17z/data=!4m9!3m8!1s0x3171f7d6cbbeafc3:0xc38b3c93f77ac760!5m2!4m1!1i2!8m2!3d12.6926802!4d108.0632612!16s%2Fg%2F11csp9h327?entry=ttu&g_ep=EgoyMDI2MDkwMi4wIKXMDSoASAFQAw%3D%3D'
2026-09-08 09:25:10,049 | INFO | Google Maps title search variant 2/8: Khách sạn Mường Thanh Buôn Ma Thuột, 81 Nguyễn Tất Thành, Tân An, Đắk Lắk, Việt Nam
2026-09-08 09:25:10,051 | INFO | Navigation start | attempt=1/3 | timeout=15000ms | url=https://www.google.com/maps/search/?api=1&query=Kh%C3%A1ch%20s%E1%BA%A1n%20M%C6%B0%E1%BB%9Dng%20Thanh%20Bu%C3%B4n%20Ma%20Thu%E1%BB%99t%2C%2081%20Nguy%E1%BB%85n%20T%E1%BA%A5t%20Th%C3%A0nh%2C%20T%C3%A2n%20An%2C%20%C4%90%E1%BA%AFk%20L%E1%BA%AFk%2C%20Vi%E1%BB%87t%20Nam
2026-09-08 09:25:10,325 | INFO | Navigation success | attempt=1/3 | 0.27s | url=https://www.google.com/maps/search/?api=1&query=Kh%C3%A1ch%20s%E1%BA%A1n%20M%C6%B0%E1%BB%9Dng%20Thanh%20Bu%C3%B4n%20Ma%20Thu%E1%BB%99t%2C%2081%20Nguy%E1%BB%85n%20T%E1%BA%A5t%20Th%C3%A0nh%2C%20T%C3%A2n%20An%2C%20%C4%90%E1%BA%AFk%20L%E1%BA%AFk%2C%20Vi%E1%BB%87t%20Nam
2026-09-08 09:25:46,690 | INFO | NO_CANDIDATES after hydration retries | mode=title | title='Khách sạn Mường Thanh Buôn Ma Thuột' | address='81 Nguyễn Tất Thành, Tân An, Đắk Lắk, Việt Nam' | page_url='https://www.google.com/maps/place/Kh%C3%A1ch+s%E1%BA%A1n+M%C6%B0%E1%BB%9Dng+Thanh+Bu%C3%B4n+Ma+Thu%E1%BB%99t/@12.6926802,108.0632612,17z/data=!4m9!3m8!1s0x3171f7d6cbbeafc3:0xc38b3c93f77ac760!5m2!4m1!1i2!8m2!3d12.6926802!4d108.0632612!16s%2Fg%2F11csp9h327?entry=ttu&g_ep=EgoyMDI2MDkwMi4wIKXMDSoASAFQAw%3D%3D'
2026-09-08 09:25:46,691 | INFO | Google Maps title search variant 3/8: 81 Nguyễn Tất Thành, Tân An, Đắk Lắk, Việt Nam, Khách sạn Mường Thanh Buôn Ma Thuột
2026-09-08 09:25:46,691 | INFO | Navigation start | attempt=1/3 | timeout=15000ms | url=https://www.google.com/maps/search/?api=1&query=81%20Nguy%E1%BB%85n%20T%E1%BA%A5t%20Th%C3%A0nh%2C%20T%C3%A2n%20An%2C%20%C4%90%E1%BA%AFk%20L%E1%BA%AFk%2C%20Vi%E1%BB%87t%20Nam%2C%20Kh%C3%A1ch%20s%E1%BA%A1n%20M%C6%B0%E1%BB%9Dng%20Thanh%20Bu%C3%B4n%20Ma%20Thu%E1%BB%99t
2026-09-08 09:25:46,875 | INFO | Navigation success | attempt=1/3 | 0.18s | url=https://www.google.com/maps/search/?api=1&query=81%20Nguy%E1%BB%85n%20T%E1%BA%A5t%20Th%C3%A0nh%2C%20T%C3%A2n%20An%2C%20%C4%90%E1%BA%AFk%20L%E1%BA%AFk%2C%20Vi%E1%BB%87t%20Nam%2C%20Kh%C3%A1ch%20s%E1%BA%A1n%20M%C6%B0%E1%BB%9Dng%20Thanh%20Bu%C3%B4n%20Ma%20Thu%E1%BB%99t
2026-09-08 09:26:23,247 | INFO | NO_CANDIDATES after hydration retries | mode=title | title='Khách sạn Mường Thanh Buôn Ma Thuột' | address='81 Nguyễn Tất Thành, Tân An, Đắk Lắk, Việt Nam' | page_url='https://www.google.com/maps/place/Kh%C3%A1ch+s%E1%BA%A1n+M%C6%B0%E1%BB%9Dng+Thanh+Bu%C3%B4n+Ma+Thu%E1%BB%99t/@12.6926802,108.0632612,17z/data=!4m9!3m8!1s0x3171f7d6cbbeafc3:0xc38b3c93f77ac760!5m2!4m1!1i2!8m2!3d12.6926802!4d108.0632612!16s%2Fg%2F11csp9h327?entry=ttu&g_ep=EgoyMDI2MDkwMi4wIKXMDSoASAFQAw%3D%3D'
2026-09-08 09:26:23,248 | INFO | Google Maps title search variant 4/8: Khách sạn Mường Thanh Buôn Ma Thuột
2026-09-08 09:26:23,248 | INFO | Navigation start | attempt=1/3 | timeout=15000ms | url=https://www.google.com/maps/search/?api=1&query=Kh%C3%A1ch%20s%E1%BA%A1n%20M%C6%B0%E1%BB%9Dng%20Thanh%20Bu%C3%B4n%20Ma%20Thu%E1%BB%99t
2026-09-08 09:26:23,476 | INFO | Navigation success | attempt=1/3 | 0.23s | url=https://www.google.com/maps/search/?api=1&query=Kh%C3%A1ch%20s%E1%BA%A1n%20M%C6%B0%E1%BB%9Dng%20Thanh%20Bu%C3%B4n%20Ma%20Thu%E1%BB%99t
2026-09-08 09:27:00,764 | INFO | NO_CANDIDATES after hydration retries | mode=title | title='Khách sạn Mường Thanh Buôn Ma Thuột' | address='81 Nguyễn Tất Thành, Tân An, Đắk Lắk, Việt Nam' | page_url='https://www.google.com/maps/place/Kh%C3%A1ch+s%E1%BA%A1n+M%C6%B0%E1%BB%9Dng+Thanh+Bu%C3%B4n+Ma+Thu%E1%BB%99t/@12.6926802,108.0632612,17z/data=!4m9!3m8!1s0x3171f7d6cbbeafc3:0xc38b3c93f77ac760!5m2!4m1!1i2!8m2!3d12.6926802!4d108.0632612!16s%2Fg%2F11csp9h327?entry=ttu&g_ep=EgoyMDI2MDkwMi4wIKXMDSoASAFQAw%3D%3D'
2026-09-08 09:27:00,764 | INFO | Google Maps address search variant 5/8: 81 Nguyễn Tất Thành, Tân An, Đắk Lắk, Việt Nam
2026-09-08 09:27:00,764 | INFO | Navigation start | attempt=1/3 | timeout=15000ms | url=https://www.google.com/maps/search/?api=1&query=81%20Nguy%E1%BB%85n%20T%E1%BA%A5t%20Th%C3%A0nh%2C%20T%C3%A2n%20An%2C%20%C4%90%E1%BA%AFk%20L%E1%BA%AFk%2C%20Vi%E1%BB%87t%20Nam
2026-09-08 09:27:00,979 | INFO | Navigation success | attempt=1/3 | 0.22s | url=https://www.google.com/maps/search/?api=1&query=81%20Nguy%E1%BB%85n%20T%E1%BA%A5t%20Th%C3%A0nh%2C%20T%C3%A2n%20An%2C%20%C4%90%E1%BA%AFk%20L%E1%BA%AFk%2C%20Vi%E1%BB%87t%20Nam
2026-09-08 09:27:30,961 | INFO | NO_CANDIDATES after hydration retries | mode=address | title='Khách sạn Mường Thanh Buôn Ma Thuột' | address='81 Nguyễn Tất Thành, Tân An, Đắk Lắk, Việt Nam' | page_url='https://www.google.com/maps/place/81+Nguy%E1%BB%85n+T%E1%BA%A5t+Th%C3%A0nh,+T%C3%A2n+An,+%C4%90%E1%BA%AFk+L%E1%BA%AFk,+Vi%E1%BB%87t+Nam/@12.6931862,108.0639662,17z/data=!3m1!4b1!4m6!3m5!1s0x3171f7c441f35159:0x446999a4a8032b58!8m2!3d12.6931862!4d108.0639662!16s%2Fg%2F11v1007fxk?entry=ttu&g_ep=EgoyMDI2MDkwMi4wIKXMDSoASAFQAw%3D%3D'
2026-09-08 09:27:30,962 | INFO | Google Maps title search variant 6/8: Khách sạn Mường Thanh Buôn Ma Thuột, tan an, đak lak
2026-09-08 09:27:30,962 | INFO | Navigation start | attempt=1/3 | timeout=15000ms | url=https://www.google.com/maps/search/?api=1&query=Kh%C3%A1ch%20s%E1%BA%A1n%20M%C6%B0%E1%BB%9Dng%20Thanh%20Bu%C3%B4n%20Ma%20Thu%E1%BB%99t%2C%20tan%20an%2C%20%C4%91ak%20lak
2026-09-08 09:27:31,256 | INFO | Navigation success | attempt=1/3 | 0.29s | url=https://www.google.com/maps/search/?api=1&query=Kh%C3%A1ch%20s%E1%BA%A1n%20M%C6%B0%E1%BB%9Dng%20Thanh%20Bu%C3%B4n%20Ma%20Thu%E1%BB%99t%2C%20tan%20an%2C%20%C4%91ak%20lak
2026-09-08 09:28:02,825 | INFO | NO_CANDIDATES after hydration retries | mode=title | title='Khách sạn Mường Thanh Buôn Ma Thuột' | address='81 Nguyễn Tất Thành, Tân An, Đắk Lắk, Việt Nam' | page_url='https://www.google.com/maps/place/Kh%C3%A1ch+s%E1%BA%A1n+M%C6%B0%E1%BB%9Dng+Thanh+Bu%C3%B4n+Ma+Thu%E1%BB%99t/@12.6926802,108.0632612,17z/data=!4m9!3m8!1s0x3171f7d6cbbeafc3:0xc38b3c93f77ac760!5m2!4m1!1i2!8m2!3d12.6926802!4d108.0632612!16s%2Fg%2F11csp9h327?entry=ttu&g_ep=EgoyMDI2MDkwMi4wIKXMDSoASAFQAw%3D%3D'
2026-09-08 09:28:02,825 | INFO | Google Maps title search variant 7/8: 81 nguyen tat thanh, tan an, đak lak
2026-09-08 09:28:02,825 | INFO | Navigation start | attempt=1/3 | timeout=15000ms | url=https://www.google.com/maps/search/?api=1&query=81%20nguyen%20tat%20thanh%2C%20tan%20an%2C%20%C4%91ak%20lak
2026-09-08 09:28:03,028 | INFO | Navigation success | attempt=1/3 | 0.20s | url=https://www.google.com/maps/search/?api=1&query=81%20nguyen%20tat%20thanh%2C%20tan%20an%2C%20%C4%91ak%20lak
2026-09-08 09:28:36,088 | INFO | NO_CANDIDATES after hydration retries | mode=title | title='Khách sạn Mường Thanh Buôn Ma Thuột' | address='81 Nguyễn Tất Thành, Tân An, Đắk Lắk, Việt Nam' | page_url='https://www.google.com/maps/place/81+Nguy%E1%BB%85n+T%E1%BA%A5t+Th%C3%A0nh,+T%C3%A2n+An,+%C4%90%E1%BA%AFk+L%E1%BA%AFk,+Vi%E1%BB%87t+Nam/@12.6931862,108.0639662,17z/data=!3m1!4b1!4m6!3m5!1s0x3171f7c441f35159:0x446999a4a8032b58!8m2!3d12.6931862!4d108.0639662!16s%2Fg%2F11v1007fxk?entry=ttu&g_ep=EgoyMDI2MDkwMi4wIKXMDSoASAFQAw%3D%3D'
2026-09-08 09:28:36,089 | INFO | Google Maps title search variant 8/8: tan an, đak lak
2026-09-08 09:28:36,090 | INFO | Navigation start | attempt=1/3 | timeout=15000ms | url=https://www.google.com/maps/search/?api=1&query=tan%20an%2C%20%C4%91ak%20lak
2026-09-08 09:28:36,298 | INFO | Navigation success | attempt=1/3 | 0.21s | url=https://www.google.com/maps/search/?api=1&query=tan%20an%2C%20%C4%91ak%20lak
2026-09-08 09:29:07,242 | INFO | NO_CANDIDATES after hydration retries | mode=title | title='Khách sạn Mường Thanh Buôn Ma Thuột' | address='81 Nguyễn Tất Thành, Tân An, Đắk Lắk, Việt Nam' | page_url='https://www.google.com/maps/place/T%C3%A2n+An,+%C4%90%E1%BA%AFk+L%E1%BA%AFk,+Vi%E1%BB%87t+Nam/@12.7264085,108.110672,13z/data=!3m1!4b1!4m6!3m5!1s0x3171f9d86718ab89:0x299001fb25775252!8m2!3d12.730243!4d108.1072924!16s%2Fg%2F11nb9_kzjn?entry=ttu&g_ep=EgoyMDI2MDkwMi4wIKXMDSoASAFQAw%3D%3D'
2026-09-08 09:29:07,242 | WARNING | Google Maps search exhausted | reason=NOT_FOUND | title='Khách sạn Mường Thanh Buôn Ma Thuột' | address='81 Nguyễn Tất Thành, Tân An, Đắk Lắk, Việt Nam'
2026-09-08 09:29:07,242 | INFO | EXCEL SEARCH RESULT | success=False | reason=NOT_FOUND | google_maps_url=None | url=None | cleaned_url=''
2026-09-08 09:29:08,895 | INFO | Existing URL check | maps_col=google_maps_url | url_col=URL | maps='' | url='' | reusable=''
2026-09-08 09:29:08,985 | WARNING | CURRENT MAPS PLACE TITLE/ADDRESS MISMATCH | input_title='Chichi House' | actual_title='Tân An' | input_address='7B Đ. Chu Văn An, Tuy Hòa, Đắk Lắk, Việt Nam' | actual_address='Đắk Lắk' | url='https://www.google.com/maps/place/T%C3%A2n+An,+%C4%90%E1%BA%AFk+L%E1%BA%AFk,+Vi%E1%BB%87t+Nam/@12.7264085,108.110672,13z/data=!3m1!4b1!4m6!3m5!1s0x3171f9d86718ab89:0x299001fb25775252!8m2!3d12.730243!4d108.1072924!16s%2Fg%2F11nb9_kzjn?entry=ttu&g_ep=EgoyMDI2MDkwMi4wIKXMDSoASAFQAw%3D%3D'
2026-09-08 09:29:08,986 | INFO | Google Maps title search variant 1/8: Chichi House, 7b đ. chu van an, tuy hoa, đak lak
2026-09-08 09:29:08,986 | INFO | Navigation start | attempt=1/3 | timeout=15000ms | url=https://www.google.com/maps/search/?api=1&query=Chichi%20House%2C%207b%20%C4%91.%20chu%20van%20an%2C%20tuy%20hoa%2C%20%C4%91ak%20lak
2026-09-08 09:29:09,197 | INFO | Navigation success | attempt=1/3 | 0.21s | url=https://www.google.com/maps/search/?api=1&query=Chichi%20House%2C%207b%20%C4%91.%20chu%20van%20an%2C%20tuy%20hoa%2C%20%C4%91ak%20lak
2026-09-08 09:29:44,361 | INFO | NO_CANDIDATES after hydration retries | mode=title | title='Chichi House' | address='7B Đ. Chu Văn An, Tuy Hòa, Đắk Lắk, Việt Nam' | page_url='https://www.google.com/maps/place/Chichi+House/@13.0887106,109.3116377,17z/data=!4m9!3m8!1s0x316fec3ebebd7887:0xf7da772bc20678fe!5m2!4m1!1i2!8m2!3d13.0887106!4d109.3116377!16s%2Fg%2F11h54zbcxp?entry=ttu&g_ep=EgoyMDI2MDkwMi4wIKXMDSoASAFQAw%3D%3D'
2026-09-08 09:29:44,361 | INFO | Google Maps title search variant 2/8: Chichi House, 7B Đ. Chu Văn An, Tuy Hòa, Đắk Lắk, Việt Nam
2026-09-08 09:29:44,361 | INFO | Navigation start | attempt=1/3 | timeout=15000ms | url=https://www.google.com/maps/search/?api=1&query=Chichi%20House%2C%207B%20%C4%90.%20Chu%20V%C4%83n%20An%2C%20Tuy%20H%C3%B2a%2C%20%C4%90%E1%BA%AFk%20L%E1%BA%AFk%2C%20Vi%E1%BB%87t%20Nam
2026-09-08 09:29:44,569 | INFO | Navigation success | attempt=1/3 | 0.21s | url=https://www.google.com/maps/search/?api=1&query=Chichi%20House%2C%207B%20%C4%90.%20Chu%20V%C4%83n%20An%2C%20Tuy%20H%C3%B2a%2C%20%C4%90%E1%BA%AFk%20L%E1%BA%AFk%2C%20Vi%E1%BB%87t%20Nam
2026-09-08 09:30:20,819 | INFO | NO_CANDIDATES after hydration retries | mode=title | title='Chichi House' | address='7B Đ. Chu Văn An, Tuy Hòa, Đắk Lắk, Việt Nam' | page_url='https://www.google.com/maps/place/Chichi+House/@13.0887106,109.3116377,17z/data=!4m9!3m8!1s0x316fec3ebebd7887:0xf7da772bc20678fe!5m2!4m1!1i2!8m2!3d13.0887106!4d109.3116377!16s%2Fg%2F11h54zbcxp?entry=ttu&g_ep=EgoyMDI2MDkwMi4wIKXMDSoASAFQAw%3D%3D'
2026-09-08 09:30:20,819 | INFO | Google Maps title search variant 3/8: 7B Đ. Chu Văn An, Tuy Hòa, Đắk Lắk, Việt Nam, Chichi House
2026-09-08 09:30:20,819 | INFO | Navigation start | attempt=1/3 | timeout=15000ms | url=https://www.google.com/maps/search/?api=1&query=7B%20%C4%90.%20Chu%20V%C4%83n%20An%2C%20Tuy%20H%C3%B2a%2C%20%C4%90%E1%BA%AFk%20L%E1%BA%AFk%2C%20Vi%E1%BB%87t%20Nam%2C%20Chichi%20House
2026-09-08 09:30:21,017 | INFO | Navigation success | attempt=1/3 | 0.20s | url=https://www.google.com/maps/search/?api=1&query=7B%20%C4%90.%20Chu%20V%C4%83n%20An%2C%20Tuy%20H%C3%B2a%2C%20%C4%90%E1%BA%AFk%20L%E1%BA%AFk%2C%20Vi%E1%BB%87t%20Nam%2C%20Chichi%20House
2026-09-08 09:30:56,160 | INFO | NO_CANDIDATES after hydration retries | mode=title | title='Chichi House' | address='7B Đ. Chu Văn An, Tuy Hòa, Đắk Lắk, Việt Nam' | page_url='https://www.google.com/maps/place/Chichi+House/@13.0887106,109.3116377,17z/data=!4m9!3m8!1s0x316fec3ebebd7887:0xf7da772bc20678fe!5m2!4m1!1i2!8m2!3d13.0887106!4d109.3116377!16s%2Fg%2F11h54zbcxp?entry=ttu&g_ep=EgoyMDI2MDkwMi4wIKXMDSoASAFQAw%3D%3D'
2026-09-08 09:30:56,160 | INFO | Google Maps title search variant 4/8: Chichi House
2026-09-08 09:30:56,160 | INFO | Navigation start | attempt=1/3 | timeout=15000ms | url=https://www.google.com/maps/search/?api=1&query=Chichi%20House
2026-09-08 09:30:56,351 | INFO | Navigation success | attempt=1/3 | 0.19s | url=https://www.google.com/maps/search/?api=1&query=Chichi%20House
2026-09-08 09:31:05,675 | INFO | Navigation start | attempt=1/3 | timeout=15000ms | url=https://www.google.com/maps/place/Chi+Chi+House/data=!4m7!3m6!1s0x31752f748d6d9b01:0x32a99e10207addb1!8m2!3d10.749529!4d106.716555!16s/g/11t0wgkr97!19sChIJAZttjXQvdTERsd16IBCeqTI?authuser=0&hl=vi&g_ep=EgoyMDI2MDkwMi4wIJJjKgBIAVAD&rclk=1
2026-09-08 09:31:05,855 | INFO | Navigation success | attempt=1/3 | 0.18s | url=https://www.google.com/maps/place/Chi+Chi+House/data=!4m7!3m6!1s0x31752f748d6d9b01:0x32a99e10207addb1!8m2!3d10.749529!4d106.716555!16s/g/11t0wgkr97!19sChIJAZttjXQvdTERsd16IBCeqTI?authuser=0&hl=vi&g_ep=EgoyMDI2MDkwMi4wIJJjKgBIAVAD&rclk=1
2026-09-08 09:31:06,779 | INFO | VERIFY CANDIDATE | input_title='Chichi House' | actual_title='' | input_address='7B Đ. Chu Văn An, Tuy Hòa, Đắk Lắk, Việt Nam' | actual_address='\ue52e' | url='https://www.google.com/maps/place/Chi+Chi+House/data=!4m7!3m6!1s0x31752f748d6d9b01:0x32a99e10207addb1!8m2!3d10.749529!4d106.716555!16s/g/11t0wgkr97!19sChIJAZttjXQvdTERsd16IBCeqTI?authuser=0&hl=vi&g_ep=EgoyMDI2MDkwMi4wIJJjKgBIAVAD&rclk=1' | coordinates=(10.749529, 106.7)
2026-09-08 09:31:06,782 | INFO | VERIFY FINAL | success=False | reason=TITLE_UNAVAILABLE | title_ok=False | address_ok=False | input_title='Chichi House' | maps_title='' | input_address='7B Đ. Chu Văn An, Tuy Hòa, Đắk Lắk, Việt Nam' | maps_address='\ue52e' | url='https://www.google.com/maps/place/Chi+Chi+House/data=!4m7!3m6!1s0x31752f748d6d9b01:0x32a99e10207addb1!8m2!3d10.749529!4d106.716555!16s/g/11t0wgkr97!19sChIJAZttjXQvdTERsd16IBCeqTI?authuser=0&hl=vi&g_ep=EgoyMDI2MDkwMi4wIJJjKgBIAVAD&rclk=1'
2026-09-08 09:31:06,782 | INFO | Navigation start | attempt=1/3 | timeout=15000ms | url=https://www.google.com/maps/search/Chichi+House/@13.6174968,107.1141214,7z/data=!3m1!4b1?entry=ttu&g_ep=EgoyMDI2MDkwMi4wIKXMDSoASAFQAw%3D%3D
2026-09-08 09:31:06,950 | INFO | Navigation success | attempt=1/3 | 0.17s | url=https://www.google.com/maps/search/Chichi+House/@13.6174968,107.1141214,7z/data=!3m1!4b1?entry=ttu&g_ep=EgoyMDI2MDkwMi4wIKXMDSoASAFQAw%3D%3D
2026-09-08 09:31:07,325 | INFO | Navigation start | attempt=1/3 | timeout=15000ms | url=https://www.google.com/maps/place/CHI+CHI+HOUSE/data=!4m7!3m6!1s0x31752f00491f80e7:0x436e2ba465e1cff0!8m2!3d10.7439884!4d106.7057194!16s/g/11z2cgtj14!19sChIJ54AfSQAvdTER8M_hZaQrbkM?authuser=0&hl=vi&g_ep=EgoyMDI2MDkwMi4wIJJjKgBIAVAD&rclk=1
2026-09-08 09:31:07,604 | INFO | Navigation success | attempt=1/3 | 0.28s | url=https://www.google.com/maps/place/CHI+CHI+HOUSE/data=!4m7!3m6!1s0x31752f00491f80e7:0x436e2ba465e1cff0!8m2!3d10.7439884!4d106.7057194!16s/g/11z2cgtj14!19sChIJ54AfSQAvdTER8M_hZaQrbkM?authuser=0&hl=vi&g_ep=EgoyMDI2MDkwMi4wIJJjKgBIAVAD&rclk=1
2026-09-08 09:31:08,794 | INFO | VERIFY CANDIDATE | input_title='Chichi House' | actual_title='' | input_address='7B Đ. Chu Văn An, Tuy Hòa, Đắk Lắk, Việt Nam' | actual_address='\ue52e' | url='https://www.google.com/maps/place/CHI+CHI+HOUSE/data=!4m7!3m6!1s0x31752f00491f80e7:0x436e2ba465e1cff0!8m2!3d10.7439884!4d106.7057194!16s/g/11z2cgtj14!19sChIJ54AfSQAvdTER8M_hZaQrbkM?authuser=0&hl=vi&g_ep=EgoyMDI2MDkwMi4wIJJjKgBIAVAD&rclk=1' | coordinates=(10.7439884, 106.7)
2026-09-08 09:31:08,797 | INFO | VERIFY FINAL | success=False | reason=TITLE_UNAVAILABLE | title_ok=False | address_ok=False | input_title='Chichi House' | maps_title='' | input_address='7B Đ. Chu Văn An, Tuy Hòa, Đắk Lắk, Việt Nam' | maps_address='\ue52e' | url='https://www.google.com/maps/place/CHI+CHI+HOUSE/data=!4m7!3m6!1s0x31752f00491f80e7:0x436e2ba465e1cff0!8m2!3d10.7439884!4d106.7057194!16s/g/11z2cgtj14!19sChIJ54AfSQAvdTER8M_hZaQrbkM?authuser=0&hl=vi&g_ep=EgoyMDI2MDkwMi4wIJJjKgBIAVAD&rclk=1'
2026-09-08 09:31:08,797 | INFO | Navigation start | attempt=1/3 | timeout=15000ms | url=https://www.google.com/maps/search/Chichi+House/@13.6174968,107.1141214,7z/data=!3m1!4b1?entry=ttu&g_ep=EgoyMDI2MDkwMi4wIKXMDSoASAFQAw%3D%3D
2026-09-08 09:31:08,998 | INFO | Navigation success | attempt=1/3 | 0.20s | url=https://www.google.com/maps/search/Chichi+House/@13.6174968,107.1141214,7z/data=!3m1!4b1?entry=ttu&g_ep=EgoyMDI2MDkwMi4wIKXMDSoASAFQAw%3D%3D
2026-09-08 09:31:09,421 | INFO | Navigation start | attempt=1/3 | timeout=15000ms | url=https://www.google.com/maps/place/Chi+Chi+House/data=!4m10!3m9!1s0x3141a1a524ef5d47:0x809c4258cdf6845d!5m2!4m1!1i2!8m2!3d16.4910051!4d107.5892965!16s/g/11stj9hjlc!19sChIJR13vJKWhQTERXYT2zVhCnIA?authuser=0&hl=vi&g_ep=EgoyMDI2MDkwMi4wIJJjKgBIAVAD&rclk=1
2026-09-08 09:31:09,965 | INFO | Navigation success | attempt=1/3 | 0.54s | url=https://www.google.com/maps/place/Chi+Chi+House/data=!4m10!3m9!1s0x3141a1a524ef5d47:0x809c4258cdf6845d!5m2!4m1!1i2!8m2!3d16.4910051!4d107.5892965!16s/g/11stj9hjlc!19sChIJR13vJKWhQTERXYT2zVhCnIA?authuser=0&hl=vi&g_ep=EgoyMDI2MDkwMi4wIJJjKgBIAVAD&rclk=1
2026-09-08 09:31:11,152 | INFO | VERIFY CANDIDATE | input_title='Chichi House' | actual_title='' | input_address='7B Đ. Chu Văn An, Tuy Hòa, Đắk Lắk, Việt Nam' | actual_address='\ue52e' | url='https://www.google.com/maps/place/Chi+Chi+House/data=!4m10!3m9!1s0x3141a1a524ef5d47:0x809c4258cdf6845d!5m2!4m1!1i2!8m2!3d16.4910051!4d107.5892965!16s/g/11stj9hjlc!19sChIJR13vJKWhQTERXYT2zVhCnIA?authuser=0&hl=vi&g_ep=EgoyMDI2MDkwMi4wIJJjKgBIAVAD&rclk=1' | coordinates=(16.4910051, 107.5)
2026-09-08 09:31:11,157 | INFO | VERIFY FINAL | success=False | reason=TITLE_UNAVAILABLE | title_ok=False | address_ok=False | input_title='Chichi House' | maps_title='' | input_address='7B Đ. Chu Văn An, Tuy Hòa, Đắk Lắk, Việt Nam' | maps_address='\ue52e' | url='https://www.google.com/maps/place/Chi+Chi+House/data=!4m10!3m9!1s0x3141a1a524ef5d47:0x809c4258cdf6845d!5m2!4m1!1i2!8m2!3d16.4910051!4d107.5892965!16s/g/11stj9hjlc!19sChIJR13vJKWhQTERXYT2zVhCnIA?authuser=0&hl=vi&g_ep=EgoyMDI2MDkwMi4wIJJjKgBIAVAD&rclk=1'
2026-09-08 09:31:11,157 | INFO | Navigation start | attempt=1/3 | timeout=15000ms | url=https://www.google.com/maps/search/Chichi+House/@13.6174968,107.1141214,7z/data=!3m1!4b1?entry=ttu&g_ep=EgoyMDI2MDkwMi4wIKXMDSoASAFQAw%3D%3D
2026-09-08 09:31:11,405 | INFO | Navigation success | attempt=1/3 | 0.25s | url=https://www.google.com/maps/search/Chichi+House/@13.6174968,107.1141214,7z/data=!3m1!4b1?entry=ttu&g_ep=EgoyMDI2MDkwMi4wIKXMDSoASAFQAw%3D%3D
2026-09-08 09:31:11,822 | INFO | Navigation start | attempt=1/3 | timeout=15000ms | url=https://www.google.com/maps/place/Chi+Chi+house/data=!4m7!3m6!1s0x317527003aba6c1d:0x85321d0f102217ff!8m2!3d10.8398669!4d106.7707117!16s/g/11yrx0_ns4!19sChIJHWy6OgAndTER_xciEA8dMoU?authuser=0&hl=vi&g_ep=EgoyMDI2MDkwMi4wIJJjKgBIAVAD&rclk=1
2026-09-08 09:31:12,263 | INFO | Navigation success | attempt=1/3 | 0.44s | url=https://www.google.com/maps/place/Chi+Chi+house/data=!4m7!3m6!1s0x317527003aba6c1d:0x85321d0f102217ff!8m2!3d10.8398669!4d106.7707117!16s/g/11yrx0_ns4!19sChIJHWy6OgAndTER_xciEA8dMoU?authuser=0&hl=vi&g_ep=EgoyMDI2MDkwMi4wIJJjKgBIAVAD&rclk=1
2026-09-08 09:31:13,571 | INFO | VERIFY CANDIDATE | input_title='Chichi House' | actual_title='' | input_address='7B Đ. Chu Văn An, Tuy Hòa, Đắk Lắk, Việt Nam' | actual_address='\ue52e' | url='https://www.google.com/maps/place/Chi+Chi+house/data=!4m7!3m6!1s0x317527003aba6c1d:0x85321d0f102217ff!8m2!3d10.8398669!4d106.7707117!16s/g/11yrx0_ns4!19sChIJHWy6OgAndTER_xciEA8dMoU?authuser=0&hl=vi&g_ep=EgoyMDI2MDkwMi4wIJJjKgBIAVAD&rclk=1' | coordinates=(10.8398669, 106.7)
2026-09-08 09:31:13,575 | INFO | VERIFY FINAL | success=False | reason=TITLE_UNAVAILABLE | title_ok=False | address_ok=False | input_title='Chichi House' | maps_title='' | input_address='7B Đ. Chu Văn An, Tuy Hòa, Đắk Lắk, Việt Nam' | maps_address='\ue52e' | url='https://www.google.com/maps/place/Chi+Chi+house/data=!4m7!3m6!1s0x317527003aba6c1d:0x85321d0f102217ff!8m2!3d10.8398669!4d106.7707117!16s/g/11yrx0_ns4!19sChIJHWy6OgAndTER_xciEA8dMoU?authuser=0&hl=vi&g_ep=EgoyMDI2MDkwMi4wIJJjKgBIAVAD&rclk=1'
2026-09-08 09:31:13,575 | INFO | Navigation start | attempt=1/3 | timeout=15000ms | url=https://www.google.com/maps/search/Chichi+House/@13.6174968,107.1141214,7z/data=!3m1!4b1?entry=ttu&g_ep=EgoyMDI2MDkwMi4wIKXMDSoASAFQAw%3D%3D
2026-09-08 09:31:13,773 | INFO | Navigation success | attempt=1/3 | 0.20s | url=https://www.google.com/maps/search/Chichi+House/@13.6174968,107.1141214,7z/data=!3m1!4b1?entry=ttu&g_ep=EgoyMDI2MDkwMi4wIKXMDSoASAFQAw%3D%3D
2026-09-08 09:31:14,161 | INFO | Navigation start | attempt=1/3 | timeout=15000ms | url=https://www.google.com/maps/place/CHI+CHI+HOUSE/data=!4m7!3m6!1s0x3175292743a5d859:0x95f497b93634c26d!8m2!3d10.851631!4d106.65737!16s/g/11vhp43n2_!19sChIJWdilQycpdTERbcI0NrmX9JU?authuser=0&hl=vi&g_ep=EgoyMDI2MDkwMi4wIJJjKgBIAVAD&rclk=1
2026-09-08 09:31:14,413 | INFO | Navigation success | attempt=1/3 | 0.25s | url=https://www.google.com/maps/place/CHI+CHI+HOUSE/data=!4m7!3m6!1s0x3175292743a5d859:0x95f497b93634c26d!8m2!3d10.851631!4d106.65737!16s/g/11vhp43n2_!19sChIJWdilQycpdTERbcI0NrmX9JU?authuser=0&hl=vi&g_ep=EgoyMDI2MDkwMi4wIJJjKgBIAVAD&rclk=1
2026-09-08 09:31:15,629 | INFO | VERIFY CANDIDATE | input_title='Chichi House' | actual_title='' | input_address='7B Đ. Chu Văn An, Tuy Hòa, Đắk Lắk, Việt Nam' | actual_address='\ue52e' | url='https://www.google.com/maps/place/CHI+CHI+HOUSE/data=!4m7!3m6!1s0x3175292743a5d859:0x95f497b93634c26d!8m2!3d10.851631!4d106.65737!16s/g/11vhp43n2_!19sChIJWdilQycpdTERbcI0NrmX9JU?authuser=0&hl=vi&g_ep=EgoyMDI2MDkwMi4wIJJjKgBIAVAD&rclk=1' | coordinates=(10.851631, 106.6)
2026-09-08 09:31:15,632 | INFO | VERIFY FINAL | success=False | reason=TITLE_UNAVAILABLE | title_ok=False | address_ok=False | input_title='Chichi House' | maps_title='' | input_address='7B Đ. Chu Văn An, Tuy Hòa, Đắk Lắk, Việt Nam' | maps_address='\ue52e' | url='https://www.google.com/maps/place/CHI+CHI+HOUSE/data=!4m7!3m6!1s0x3175292743a5d859:0x95f497b93634c26d!8m2!3d10.851631!4d106.65737!16s/g/11vhp43n2_!19sChIJWdilQycpdTERbcI0NrmX9JU?authuser=0&hl=vi&g_ep=EgoyMDI2MDkwMi4wIJJjKgBIAVAD&rclk=1'
2026-09-08 09:31:15,633 | INFO | Navigation start | attempt=1/3 | timeout=15000ms | url=https://www.google.com/maps/search/Chichi+House/@13.6174968,107.1141214,7z/data=!3m1!4b1?entry=ttu&g_ep=EgoyMDI2MDkwMi4wIKXMDSoASAFQAw%3D%3D
2026-09-08 09:31:15,835 | INFO | Navigation success | attempt=1/3 | 0.20s | url=https://www.google.com/maps/search/Chichi+House/@13.6174968,107.1141214,7z/data=!3m1!4b1?entry=ttu&g_ep=EgoyMDI2MDkwMi4wIKXMDSoASAFQAw%3D%3D
2026-09-08 09:31:16,237 | INFO | Navigation start | attempt=1/3 | timeout=15000ms | url=https://www.google.com/maps/place/ChiChi+house+(Top+Nails)/data=!4m7!3m6!1s0x3174d900634575b5:0x859d61d26a6dcff2!8m2!3d10.9009361!4d106.7694443!16s/g/11y86t7gcz!19sChIJtXVFYwDZdDER8s9tatJhnYU?authuser=0&hl=vi&g_ep=EgoyMDI2MDkwMi4wIJJjKgBIAVAD&rclk=1
2026-09-08 09:31:16,474 | INFO | Navigation success | attempt=1/3 | 0.24s | url=https://www.google.com/maps/place/ChiChi+house+(Top+Nails)/data=!4m7!3m6!1s0x3174d900634575b5:0x859d61d26a6dcff2!8m2!3d10.9009361!4d106.7694443!16s/g/11y86t7gcz!19sChIJtXVFYwDZdDER8s9tatJhnYU?authuser=0&hl=vi&g_ep=EgoyMDI2MDkwMi4wIJJjKgBIAVAD&rclk=1
2026-09-08 09:31:17,717 | INFO | VERIFY CANDIDATE | input_title='Chichi House' | actual_title='' | input_address='7B Đ. Chu Văn An, Tuy Hòa, Đắk Lắk, Việt Nam' | actual_address='\ue52e' | url='https://www.google.com/maps/place/ChiChi+house+(Top+Nails)/data=!4m7!3m6!1s0x3174d900634575b5:0x859d61d26a6dcff2!8m2!3d10.9009361!4d106.7694443!16s/g/11y86t7gcz!19sChIJtXVFYwDZdDER8s9tatJhnYU?authuser=0&hl=vi&g_ep=EgoyMDI2MDkwMi4wIJJjKgBIAVAD&rclk=1' | coordinates=(10.9009361, 106.7)
2026-09-08 09:31:17,720 | INFO | VERIFY FINAL | success=False | reason=TITLE_UNAVAILABLE | title_ok=False | address_ok=False | input_title='Chichi House' | maps_title='' | input_address='7B Đ. Chu Văn An, Tuy Hòa, Đắk Lắk, Việt Nam' | maps_address='\ue52e' | url='https://www.google.com/maps/place/ChiChi+house+(Top+Nails)/data=!4m7!3m6!1s0x3174d900634575b5:0x859d61d26a6dcff2!8m2!3d10.9009361!4d106.7694443!16s/g/11y86t7gcz!19sChIJtXVFYwDZdDER8s9tatJhnYU?authuser=0&hl=vi&g_ep=EgoyMDI2MDkwMi4wIJJjKgBIAVAD&rclk=1'
2026-09-08 09:31:17,720 | INFO | Navigation start | attempt=1/3 | timeout=15000ms | url=https://www.google.com/maps/search/Chichi+House/@13.6174968,107.1141214,7z/data=!3m1!4b1?entry=ttu&g_ep=EgoyMDI2MDkwMi4wIKXMDSoASAFQAw%3D%3D
2026-09-08 09:31:17,912 | INFO | Navigation success | attempt=1/3 | 0.19s | url=https://www.google.com/maps/search/Chichi+House/@13.6174968,107.1141214,7z/data=!3m1!4b1?entry=ttu&g_ep=EgoyMDI2MDkwMi4wIKXMDSoASAFQAw%3D%3D
2026-09-08 09:31:18,322 | INFO | Navigation start | attempt=1/3 | timeout=15000ms | url=https://www.google.com/maps/place/ChiHi’s+House/data=!4m7!3m6!1s0x3174d1b1fe739a5b:0x6dddeec68b4641b!8m2!3d11.02307!4d106.6389463!16s/g/11jyz1lhlw!19sChIJW5pz_rHRdDERG2S0aOze3QY?authuser=0&hl=vi&g_ep=EgoyMDI2MDkwMi4wIJJjKgBIAVAD&rclk=1
2026-09-08 09:31:18,772 | INFO | Navigation success | attempt=1/3 | 0.45s | url=https://www.google.com/maps/place/ChiHi’s+House/data=!4m7!3m6!1s0x3174d1b1fe739a5b:0x6dddeec68b4641b!8m2!3d11.02307!4d106.6389463!16s/g/11jyz1lhlw!19sChIJW5pz_rHRdDERG2S0aOze3QY?authuser=0&hl=vi&g_ep=EgoyMDI2MDkwMi4wIJJjKgBIAVAD&rclk=1
2026-09-08 09:31:20,074 | INFO | VERIFY CANDIDATE | input_title='Chichi House' | actual_title='' | input_address='7B Đ. Chu Văn An, Tuy Hòa, Đắk Lắk, Việt Nam' | actual_address='\ue52e' | url='https://www.google.com/maps/place/ChiHi%E2%80%99s+House/data=!4m7!3m6!1s0x3174d1b1fe739a5b:0x6dddeec68b4641b!8m2!3d11.02307!4d106.6389463!16s/g/11jyz1lhlw!19sChIJW5pz_rHRdDERG2S0aOze3QY?authuser=0&hl=vi&g_ep=EgoyMDI2MDkwMi4wIJJjKgBIAVAD&rclk=1' | coordinates=(11.02307, 106.6)
2026-09-08 09:31:20,078 | INFO | VERIFY FINAL | success=False | reason=TITLE_UNAVAILABLE | title_ok=False | address_ok=False | input_title='Chichi House' | maps_title='' | input_address='7B Đ. Chu Văn An, Tuy Hòa, Đắk Lắk, Việt Nam' | maps_address='\ue52e' | url='https://www.google.com/maps/place/ChiHi%E2%80%99s+House/data=!4m7!3m6!1s0x3174d1b1fe739a5b:0x6dddeec68b4641b!8m2!3d11.02307!4d106.6389463!16s/g/11jyz1lhlw!19sChIJW5pz_rHRdDERG2S0aOze3QY?authuser=0&hl=vi&g_ep=EgoyMDI2MDkwMi4wIJJjKgBIAVAD&rclk=1'
2026-09-08 09:31:20,078 | INFO | Google Maps address search variant 5/8: 7B Đ. Chu Văn An, Tuy Hòa, Đắk Lắk, Việt Nam
2026-09-08 09:31:20,078 | INFO | Navigation start | attempt=1/3 | timeout=15000ms | url=https://www.google.com/maps/search/?api=1&query=7B%20%C4%90.%20Chu%20V%C4%83n%20An%2C%20Tuy%20H%C3%B2a%2C%20%C4%90%E1%BA%AFk%20L%E1%BA%AFk%2C%20Vi%E1%BB%87t%20Nam
2026-09-08 09:31:20,273 | INFO | Navigation success | attempt=1/3 | 0.19s | url=https://www.google.com/maps/search/?api=1&query=7B%20%C4%90.%20Chu%20V%C4%83n%20An%2C%20Tuy%20H%C3%B2a%2C%20%C4%90%E1%BA%AFk%20L%E1%BA%AFk%2C%20Vi%E1%BB%87t%20Nam
2026-09-08 09:31:53,816 | INFO | NO_CANDIDATES after hydration retries | mode=address | title='Chichi House' | address='7B Đ. Chu Văn An, Tuy Hòa, Đắk Lắk, Việt Nam' | page_url='https://www.google.com/maps/place/7b+%C4%90.+Chu+V%C4%83n+An,+Tuy+H%C3%B2a,+%C4%90%E1%BA%AFk+L%E1%BA%AFk,+Vi%E1%BB%87t+Nam/@13.0887512,109.3116089,17z/data=!3m1!4b1!4m6!3m5!1s0x316fec3ebcff2d0f:0xde4f2a776afd30ec!8m2!3d13.0887512!4d109.3116089!16s%2Fg%2F11s9kyt27y?entry=ttu&g_ep=EgoyMDI2MDkwMi4wIKXMDSoASAFQAw%3D%3D'
2026-09-08 09:31:53,822 | INFO | Google Maps title search variant 6/8: Chichi House, tuy hoa, đak lak
2026-09-08 09:31:53,822 | INFO | Navigation start | attempt=1/3 | timeout=15000ms | url=https://www.google.com/maps/search/?api=1&query=Chichi%20House%2C%20tuy%20hoa%2C%20%C4%91ak%20lak
2026-09-08 09:31:54,104 | INFO | Navigation success | attempt=1/3 | 0.28s | url=https://www.google.com/maps/search/?api=1&query=Chichi%20House%2C%20tuy%20hoa%2C%20%C4%91ak%20lak
2026-09-08 09:32:27,876 | INFO | NO_CANDIDATES after hydration retries | mode=title | title='Chichi House' | address='7B Đ. Chu Văn An, Tuy Hòa, Đắk Lắk, Việt Nam' | page_url='https://www.google.com/maps/place/Chichi+House/@13.0887106,109.3116377,17z/data=!4m9!3m8!1s0x316fec3ebebd7887:0xf7da772bc20678fe!5m2!4m1!1i2!8m2!3d13.0887106!4d109.3116377!16s%2Fg%2F11h54zbcxp?entry=ttu&g_ep=EgoyMDI2MDkwMi4wIKXMDSoASAFQAw%3D%3D'
2026-09-08 09:32:27,877 | INFO | Google Maps title search variant 7/8: 7b đ. chu van an, tuy hoa, đak lak
2026-09-08 09:32:27,877 | INFO | Navigation start | attempt=1/3 | timeout=15000ms | url=https://www.google.com/maps/search/?api=1&query=7b%20%C4%91.%20chu%20van%20an%2C%20tuy%20hoa%2C%20%C4%91ak%20lak
2026-09-08 09:32:28,108 | INFO | Navigation success | attempt=1/3 | 0.23s | url=https://www.google.com/maps/search/?api=1&query=7b%20%C4%91.%20chu%20van%20an%2C%20tuy%20hoa%2C%20%C4%91ak%20lak
2026-09-08 09:33:01,453 | INFO | NO_CANDIDATES after hydration retries | mode=title | title='Chichi House' | address='7B Đ. Chu Văn An, Tuy Hòa, Đắk Lắk, Việt Nam' | page_url='https://www.google.com/maps/place/7b+%C4%90.+Chu+V%C4%83n+An,+Tuy+H%C3%B2a,+%C4%90%E1%BA%AFk+L%E1%BA%AFk,+Vi%E1%BB%87t+Nam/@13.0887512,109.3116089,17z/data=!3m1!4b1!4m6!3m5!1s0x316fec3ebcff2d0f:0xde4f2a776afd30ec!8m2!3d13.0887512!4d109.3116089!16s%2Fg%2F11s9kyt27y?entry=ttu&g_ep=EgoyMDI2MDkwMi4wIKXMDSoASAFQAw%3D%3D'
2026-09-08 09:33:01,453 | INFO | Google Maps title search variant 8/8: tuy hoa, đak lak
2026-09-08 09:33:01,453 | INFO | Navigation start | attempt=1/3 | timeout=15000ms | url=https://www.google.com/maps/search/?api=1&query=tuy%20hoa%2C%20%C4%91ak%20lak
2026-09-08 09:33:01,648 | INFO | Navigation success | attempt=1/3 | 0.20s | url=https://www.google.com/maps/search/?api=1&query=tuy%20hoa%2C%20%C4%91ak%20lak
2026-09-08 09:33:32,612 | INFO | NO_CANDIDATES after hydration retries | mode=title | title='Chichi House' | address='7B Đ. Chu Văn An, Tuy Hòa, Đắk Lắk, Việt Nam' | page_url='https://www.google.com/maps/place/Tuy+H%C3%B2a,+%C4%90%E1%BA%AFk+L%E1%BA%AFk,+Vi%E1%BB%87t+Nam/@13.0747775,109.295381,13z/data=!3m1!4b1!4m6!3m5!1s0x316fec06a039f411:0x149d53af85103ade!8m2!3d13.0836818!4d109.295048!16s%2Fg%2F11z42h2d8z?entry=ttu&g_ep=EgoyMDI2MDkwMi4wIKXMDSoASAFQAw%3D%3D'
2026-09-08 09:33:32,613 | WARNING | Google Maps search exhausted | reason=NOT_FOUND | title='Chichi House' | address='7B Đ. Chu Văn An, Tuy Hòa, Đắk Lắk, Việt Nam'
2026-09-08 09:33:32,614 | INFO | EXCEL SEARCH RESULT | success=False | reason=NOT_FOUND | google_maps_url=None | url=None | cleaned_url=''
2026-09-08 09:33:34,316 | INFO | Existing URL check | maps_col=google_maps_url | url_col=URL | maps='' | url='' | reusable=''
2026-09-08 09:33:34,385 | WARNING | CURRENT MAPS PLACE TITLE/ADDRESS MISMATCH | input_title='Coconut Hotel' | actual_title='Tuy Hòa' | input_address='294 ĐL Hùng Vương, Tuy Hòa, Đắk Lắk, Việt Nam' | actual_address='Tuy Hòa' | url='https://www.google.com/maps/place/Tuy+H%C3%B2a,+%C4%90%E1%BA%AFk+L%E1%BA%AFk,+Vi%E1%BB%87t+Nam/@13.0747775,109.295381,13z/data=!3m1!4b1!4m6!3m5!1s0x316fec06a039f411:0x149d53af85103ade!8m2!3d13.0836818!4d109.295048!16s%2Fg%2F11z42h2d8z?entry=ttu&g_ep=EgoyMDI2MDkwMi4wIKXMDSoASAFQAw%3D%3D'
2026-09-08 09:33:34,386 | INFO | Google Maps title search variant 1/8: Coconut Hotel, 294 đl hung vuong, tuy hoa, đak lak
2026-09-08 09:33:34,386 | INFO | Navigation start | attempt=1/3 | timeout=15000ms | url=https://www.google.com/maps/search/?api=1&query=Coconut%20Hotel%2C%20294%20%C4%91l%20hung%20vuong%2C%20tuy%20hoa%2C%20%C4%91ak%20lak
2026-09-08 09:33:34,565 | INFO | Navigation success | attempt=1/3 | 0.18s | url=https://www.google.com/maps/search/?api=1&query=Coconut%20Hotel%2C%20294%20%C4%91l%20hung%20vuong%2C%20tuy%20hoa%2C%20%C4%91ak%20lak
2026-09-08 09:34:06,855 | INFO | NO_CANDIDATES after hydration retries | mode=title | title='Coconut Hotel' | address='294 ĐL Hùng Vương, Tuy Hòa, Đắk Lắk, Việt Nam' | page_url='https://www.google.com/maps/place/Coconut+Hotel/@13.0967396,109.3119076,17z/data=!4m9!3m8!1s0x316fede4034c708f:0x9f481c066327dcf!5m2!4m1!1i2!8m2!3d13.0967396!4d109.3119076!16s%2Fg%2F11j22sg04h?entry=ttu&g_ep=EgoyMDI2MDkwMi4wIKXMDSoASAFQAw%3D%3D'
2026-09-08 09:34:06,856 | INFO | Google Maps title search variant 2/8: Coconut Hotel, 294 ĐL Hùng Vương, Tuy Hòa, Đắk Lắk, Việt Nam
2026-09-08 09:34:06,856 | INFO | Navigation start | attempt=1/3 | timeout=15000ms | url=https://www.google.com/maps/search/?api=1&query=Coconut%20Hotel%2C%20294%20%C4%90L%20H%C3%B9ng%20V%C6%B0%C6%A1ng%2C%20Tuy%20H%C3%B2a%2C%20%C4%90%E1%BA%AFk%20L%E1%BA%AFk%2C%20Vi%E1%BB%87t%20Nam
2026-09-08 09:34:07,075 | INFO | Navigation success | attempt=1/3 | 0.22s | url=https://www.google.com/maps/search/?api=1&query=Coconut%20Hotel%2C%20294%20%C4%90L%20H%C3%B9ng%20V%C6%B0%C6%A1ng%2C%20Tuy%20H%C3%B2a%2C%20%C4%90%E1%BA%AFk%20L%E1%BA%AFk%2C%20Vi%E1%BB%87t%20Nam
2026-09-08 09:34:38,326 | INFO | NO_CANDIDATES after hydration retries | mode=title | title='Coconut Hotel' | address='294 ĐL Hùng Vương, Tuy Hòa, Đắk Lắk, Việt Nam' | page_url='https://www.google.com/maps/place/Coconut+Hotel/@13.0967396,109.3119076,17z/data=!4m9!3m8!1s0x316fede4034c708f:0x9f481c066327dcf!5m2!4m1!1i2!8m2!3d13.0967396!4d109.3119076!16s%2Fg%2F11j22sg04h?entry=ttu&g_ep=EgoyMDI2MDkwMi4wIKXMDSoASAFQAw%3D%3D'
2026-09-08 09:34:38,326 | INFO | Google Maps title search variant 3/8: 294 ĐL Hùng Vương, Tuy Hòa, Đắk Lắk, Việt Nam, Coconut Hotel
2026-09-08 09:34:38,327 | INFO | Navigation start | attempt=1/3 | timeout=15000ms | url=https://www.google.com/maps/search/?api=1&query=294%20%C4%90L%20H%C3%B9ng%20V%C6%B0%C6%A1ng%2C%20Tuy%20H%C3%B2a%2C%20%C4%90%E1%BA%AFk%20L%E1%BA%AFk%2C%20Vi%E1%BB%87t%20Nam%2C%20Coconut%20Hotel
2026-09-08 09:34:38,558 | INFO | Navigation success | attempt=1/3 | 0.23s | url=https://www.google.com/maps/search/?api=1&query=294%20%C4%90L%20H%C3%B9ng%20V%C6%B0%C6%A1ng%2C%20Tuy%20H%C3%B2a%2C%20%C4%90%E1%BA%AFk%20L%E1%BA%AFk%2C%20Vi%E1%BB%87t%20Nam%2C%20Coconut%20Hotel
