2026-09-07 15:49:56,264 | INFO | JSON lookup loaded: 0 Maps URLs
2026-09-07 15:49:59,209 | INFO | Existing URL check | maps_col=google_maps_url | url_col=URL | maps='' | url='' | reusable=''
2026-09-07 15:49:59,227 | INFO | Google Maps ADDRESS search 1/3: Hotel, FURATON HOTEL 富来登酒店
2026-09-07 15:50:05,354 | INFO | DIRECT PLACE DETECTED | attempt=5/5 | mode=address | title='FURATON HOTEL 富来登酒店' | url='https://www.google.com/maps/place/FURATON+HOTEL+%E5%AF%8C%E6%9D%A5%E7%99%BB%E9%85%92%E5%BA%97/@10.7969177,106.4618513,17z/data=!3m1!4b1!4m9!3m8!1s0x310ad3003e031d2b:0x7d32845a8ee8ef1d!5m2!4m1!1i2!8m2!3d10.7969177!4d106.4618513!16s%2Fg%2F11x5s2v2p1?entry=ttu&g_ep=EgoyMDI2MDkwMi4wIKXMDSoASAFQAw%3D%3D'
2026-09-07 15:50:10,692 | INFO | VERIFY ADDRESS | input_title='FURATON HOTEL 富来登酒店' | actual_title='FURATON HOTEL 富来登酒店' | input_address='Hotel' | actual_address='48 đường 14A, Đức Hòa, Tây Ninh 82700, Việt Nam' | title_score=1.000 | address_score=0.000 | location_score=0.000 | exact_identity=True | input_has_address=True | success=False | reason=PROVINCE_MISMATCH | url='https://www.google.com/maps/place/FURATON+HOTEL+%E5%AF%8C%E6%9D%A5%E7%99%BB%E9%85%92%E5%BA%97/@10.7969177,106.4618513,17z/data=!3m1!4b1!4m9!3m8!1s0x310ad3003e031d2b:0x7d32845a8ee8ef1d!5m2!4m1!1i2!8m2!3d10.7969177!4d106.4618513!16s%2Fg%2F11x5s2v2p1?entry=ttu&g_ep=EgoyMDI2MDkwMi4wIKXMDSoASAFQAw%3D%3D'
2026-09-07 15:50:10,693 | INFO | Google Maps ADDRESS search 2/3: FURATON HOTEL 富来登酒店, Hotel
2026-09-07 15:50:16,193 | INFO | DIRECT PLACE DETECTED DURING HYDRATION | attempt=4/4 | mode=address | title='FURATON HOTEL 富来登酒店' | url='https://www.google.com/maps/place/FURATON+HOTEL+%E5%AF%8C%E6%9D%A5%E7%99%BB%E9%85%92%E5%BA%97/@10.7969177,106.4618513,17z/data=!3m1!4b1!4m9!3m8!1s0x310ad3003e031d2b:0x7d32845a8ee8ef1d!5m2!4m1!1i2!8m2!3d10.7969177!4d106.4618513!16s%2Fg%2F11x5s2v2p1?entry=ttu&g_ep=EgoyMDI2MDkwMi4wIKXMDSoASAFQAw%3D%3D'
2026-09-07 15:50:19,122 | INFO | VERIFY ADDRESS | input_title='FURATON HOTEL 富来登酒店' | actual_title='FURATON HOTEL 富来登酒店' | input_address='Hotel' | actual_address='48 đường 14A, Đức Hòa, Tây Ninh 82700, Việt Nam' | title_score=1.000 | address_score=0.000 | location_score=0.000 | exact_identity=True | input_has_address=True | success=False | reason=PROVINCE_MISMATCH | url='https://www.google.com/maps/place/FURATON+HOTEL+%E5%AF%8C%E6%9D%A5%E7%99%BB%E9%85%92%E5%BA%97/@10.7969177,106.4618513,17z/data=!3m1!4b1!4m9!3m8!1s0x310ad3003e031d2b:0x7d32845a8ee8ef1d!5m2!4m1!1i2!8m2!3d10.7969177!4d106.4618513!16s%2Fg%2F11x5s2v2p1?entry=ttu&g_ep=EgoyMDI2MDkwMi4wIKXMDSoASAFQAw%3D%3D'
2026-09-07 15:50:19,122 | INFO | Google Maps ADDRESS search 3/3: Hotel
2026-09-07 15:50:24,755 | INFO | ADDRESS PHASE FAILED -> TITLE FALLBACK | FURATON HOTEL 富来登酒店 | Hotel
2026-09-07 15:50:24,757 | INFO | Google Maps TITLE fallback 1/2: FURATON HOTEL 富来登酒店
2026-09-07 15:50:29,552 | INFO | DIRECT PLACE DETECTED DURING HYDRATION | attempt=3/4 | mode=title | title='FURATON HOTEL 富来登酒店' | url='https://www.google.com/maps/place/FURATON+HOTEL+%E5%AF%8C%E6%9D%A5%E7%99%BB%E9%85%92%E5%BA%97/@10.7969177,106.4618513,17z/data=!3m1!4b1!4m9!3m8!1s0x310ad3003e031d2b:0x7d32845a8ee8ef1d!5m2!4m1!1i2!8m2!3d10.7969177!4d106.4618513!16s%2Fg%2F11x5s2v2p1?entry=ttu&g_ep=EgoyMDI2MDkwMi4wIKXMDSoASAFQAw%3D%3D'
2026-09-07 15:50:32,934 | INFO | VERIFY TITLE | input_title='FURATON HOTEL 富来登酒店' | actual_title='FURATON HOTEL 富来登酒店' | input_address='Hotel' | actual_address='48 đường 14A, Đức Hòa, Tây Ninh 82700, Việt Nam' | title_score=1.000 | address_score=0.000 | location_score=0.000 | exact_identity=True | input_has_address=True | success=False | reason=PROVINCE_MISMATCH | url='https://www.google.com/maps/place/FURATON+HOTEL+%E5%AF%8C%E6%9D%A5%E7%99%BB%E9%85%92%E5%BA%97/@10.7969177,106.4618513,17z/data=!3m1!4b1!4m9!3m8!1s0x310ad3003e031d2b:0x7d32845a8ee8ef1d!5m2!4m1!1i2!8m2!3d10.7969177!4d106.4618513!16s%2Fg%2F11x5s2v2p1?entry=ttu&g_ep=EgoyMDI2MDkwMi4wIKXMDSoASAFQAw%3D%3D'
2026-09-07 15:50:32,934 | INFO | Google Maps TITLE fallback 2/2: FURATON HOTEL 富来登酒店, hotel
2026-09-07 15:50:37,861 | INFO | DIRECT PLACE DETECTED DURING HYDRATION | attempt=4/4 | mode=title | title='FURATON HOTEL 富来登酒店' | url='https://www.google.com/maps/place/FURATON+HOTEL+%E5%AF%8C%E6%9D%A5%E7%99%BB%E9%85%92%E5%BA%97/@10.7969177,106.4618513,17z/data=!3m1!4b1!4m9!3m8!1s0x310ad3003e031d2b:0x7d32845a8ee8ef1d!5m2!4m1!1i2!8m2!3d10.7969177!4d106.4618513!16s%2Fg%2F11x5s2v2p1?entry=ttu&g_ep=EgoyMDI2MDkwMi4wIKXMDSoASAFQAw%3D%3D'
2026-09-07 15:50:40,761 | INFO | VERIFY TITLE | input_title='FURATON HOTEL 富来登酒店' | actual_title='FURATON HOTEL 富来登酒店' | input_address='Hotel' | actual_address='48 đường 14A, Đức Hòa, Tây Ninh 82700, Việt Nam' | title_score=1.000 | address_score=0.000 | location_score=0.000 | exact_identity=True | input_has_address=True | success=False | reason=PROVINCE_MISMATCH | url='https://www.google.com/maps/place/FURATON+HOTEL+%E5%AF%8C%E6%9D%A5%E7%99%BB%E9%85%92%E5%BA%97/@10.7969177,106.4618513,17z/data=!3m1!4b1!4m9!3m8!1s0x310ad3003e031d2b:0x7d32845a8ee8ef1d!5m2!4m1!1i2!8m2!3d10.7969177!4d106.4618513!16s%2Fg%2F11x5s2v2p1?entry=ttu&g_ep=EgoyMDI2MDkwMi4wIKXMDSoASAFQAw%3D%3D'
2026-09-07 15:50:40,761 | WARNING | Google Maps NOT_VERIFIED after ADDRESS + TITLE fallback | title='FURATON HOTEL 富来登酒店' | address='Hotel' | detail_reason=PROVINCE_MISMATCH
2026-09-07 15:50:40,762 | INFO | EXCEL SEARCH RESULT | success=False | status=MISSING | reason=NOT_VERIFIED | detail_reason=PROVINCE_MISMATCH | google_maps_url=None | url=None | cleaned_url=''
2026-09-07 15:50:42,112 | INFO | Existing URL check | maps_col=google_maps_url | url_col=URL | maps='' | url='' | reusable=''
2026-09-07 15:50:42,113 | INFO | ADDRESS PHASE FAILED -> TITLE FALLBACK | Hana Villa - Entire Place | 
2026-09-07 15:50:42,113 | INFO | Google Maps TITLE fallback 1/2: Hana Villa - Entire Place
2026-09-07 15:50:56,561 | INFO | VERIFY TITLE | input_title='Hana Villa - Entire Place' | actual_title='Hana Villa' | input_address='' | actual_address='' | title_score=0.900 | address_score=0.000 | location_score=0.000 | exact_identity=False | input_has_address=False | success=False | reason=ADDRESS_UNAVAILABLE | url='https://www.google.com/maps/place/Hana+Villa/data=!4m7!3m6!1s0x317531000ee5f09b:0xe4f644a464b8fd1!8m2!3d10.6939158!4d106.7229733!16s/g/11ln0cr0m6!19sChIJm_DlDgAxdTER0Y9LRkpkTw4?authuser=0&hl=vi&g_ep=EgoyMDI2MDkwMi4wIJJjKgBIAVAD&rclk=1'
2026-09-07 15:50:59,825 | INFO | VERIFY TITLE | input_title='Hana Villa - Entire Place' | actual_title='Hana Villa' | input_address='' | actual_address='' | title_score=0.900 | address_score=0.000 | location_score=0.000 | exact_identity=False | input_has_address=False | success=False | reason=ADDRESS_UNAVAILABLE | url='https://www.google.com/maps/place/Hana+Villa/data=!4m7!3m6!1s0x31752536aa39beb7:0x10b8b81035be1471!8m2!3d10.7705206!4d106.7547606!16s/g/11lp_77vsx!19sChIJt745qjYldTERcRS-NRC4uBA?authuser=0&hl=vi&g_ep=EgoyMDI2MDkwMi4wIJJjKgBIAVAD&rclk=1'
2026-09-07 15:51:01,812 | INFO | VERIFY TITLE | input_title='Hana Villa - Entire Place' | actual_title='Hana Villa' | input_address='' | actual_address='' | title_score=0.900 | address_score=0.000 | location_score=0.000 | exact_identity=False | input_has_address=False | success=False | reason=ADDRESS_UNAVAILABLE | url='https://www.google.com/maps/place/Hana+Villa/data=!4m7!3m6!1s0x31421770f287e47b:0x677b7bc6d843eef!8m2!3d16.0763042!4d108.2413598!16s/g/11mqwkjm3d!19sChIJe-SH8nAXQjER7z6Ebby3dwY?authuser=0&hl=vi&g_ep=EgoyMDI2MDkwMi4wIJJjKgBIAVAD&rclk=1'
2026-09-07 15:51:03,621 | INFO | VERIFY TITLE | input_title='Hana Villa - Entire Place' | actual_title='Hana Villa' | input_address='' | actual_address='' | title_score=0.900 | address_score=0.000 | location_score=0.000 | exact_identity=False | input_has_address=False | success=False | reason=ADDRESS_UNAVAILABLE | url='https://www.google.com/maps/place/Hana+Villa/data=!4m7!3m6!1s0x3174d90064f9f011:0xada686205a86a475!8m2!3d10.9489205!4d106.7466724!16s/g/11y8ngrp07!19sChIJEfD5ZADZdDERdaSGWiCGpq0?authuser=0&hl=vi&g_ep=EgoyMDI2MDkwMi4wIJJjKgBIAVAD&rclk=1'
2026-09-07 15:51:05,519 | INFO | VERIFY TITLE | input_title='Hana Villa - Entire Place' | actual_title='HANA VILLA' | input_address='' | actual_address='' | title_score=0.900 | address_score=0.000 | location_score=0.000 | exact_identity=False | input_has_address=False | success=False | reason=ADDRESS_UNAVAILABLE | url='https://www.google.com/maps/place/HANA+VILLA/data=!4m7!3m6!1s0x314211006dfe1e97:0x6a0071df02e04114!8m2!3d15.9603534!4d108.2736417!16s/g/11xf8mwzqg!19sChIJlx7-bQARQjERFEHgAt9xAGo?authuser=0&hl=vi&g_ep=EgoyMDI2MDkwMi4wIJJjKgBIAVAD&rclk=1'
2026-09-07 15:51:05,519 | INFO | Google Maps TITLE fallback 2/2: "Hana Villa - Entire Place"
2026-09-07 15:51:19,916 | INFO | VERIFY TITLE | input_title='Hana Villa - Entire Place' | actual_title='Hana Villa' | input_address='' | actual_address='' | title_score=0.900 | address_score=0.000 | location_score=0.000 | exact_identity=False | input_has_address=False | success=False | reason=ADDRESS_UNAVAILABLE | url='https://www.google.com/maps/place/Hana+Villa/data=!4m7!3m6!1s0x317531000ee5f09b:0xe4f644a464b8fd1!8m2!3d10.6939158!4d106.7229733!16s/g/11ln0cr0m6!19sChIJm_DlDgAxdTER0Y9LRkpkTw4?authuser=0&hl=vi&g_ep=EgoyMDI2MDkwMi4wIJJjKgBIAVAD&rclk=1'
2026-09-07 15:51:21,735 | INFO | VERIFY TITLE | input_title='Hana Villa - Entire Place' | actual_title='Hana Villa' | input_address='' | actual_address='' | title_score=0.900 | address_score=0.000 | location_score=0.000 | exact_identity=False | input_has_address=False | success=False | reason=ADDRESS_UNAVAILABLE | url='https://www.google.com/maps/place/Hana+Villa/data=!4m7!3m6!1s0x3174d90064f9f011:0xada686205a86a475!8m2!3d10.9489205!4d106.7466724!16s/g/11y8ngrp07!19sChIJEfD5ZADZdDERdaSGWiCGpq0?authuser=0&hl=vi&g_ep=EgoyMDI2MDkwMi4wIJJjKgBIAVAD&rclk=1'
2026-09-07 15:51:24,657 | INFO | VERIFY TITLE | input_title='Hana Villa - Entire Place' | actual_title='Hana Villa' | input_address='' | actual_address='' | title_score=0.900 | address_score=0.000 | location_score=0.000 | exact_identity=False | input_has_address=False | success=False | reason=ADDRESS_UNAVAILABLE | url='https://www.google.com/maps/place/Hana+Villa/data=!4m7!3m6!1s0x31421770f287e47b:0x677b7bc6d843eef!8m2!3d16.0763042!4d108.2413598!16s/g/11mqwkjm3d!19sChIJe-SH8nAXQjER7z6Ebby3dwY?authuser=0&hl=vi&g_ep=EgoyMDI2MDkwMi4wIJJjKgBIAVAD&rclk=1'
2026-09-07 15:51:27,042 | INFO | VERIFY TITLE | input_title='Hana Villa - Entire Place' | actual_title='Hana Villa' | input_address='' | actual_address='' | title_score=0.900 | address_score=0.000 | location_score=0.000 | exact_identity=False | input_has_address=False | success=False | reason=ADDRESS_UNAVAILABLE | url='https://www.google.com/maps/place/Hana+Villa/data=!4m7!3m6!1s0x31752536aa39beb7:0x10b8b81035be1471!8m2!3d10.7705206!4d106.7547606!16s/g/11lp_77vsx!19sChIJt745qjYldTERcRS-NRC4uBA?authuser=0&hl=vi&g_ep=EgoyMDI2MDkwMi4wIJJjKgBIAVAD&rclk=1'
2026-09-07 15:51:30,063 | INFO | VERIFY TITLE | input_title='Hana Villa - Entire Place' | actual_title='HANA VILLA' | input_address='' | actual_address='' | title_score=0.900 | address_score=0.000 | location_score=0.000 | exact_identity=False | input_has_address=False | success=False | reason=ADDRESS_UNAVAILABLE | url='https://www.google.com/maps/place/HANA+VILLA/data=!4m7!3m6!1s0x314211006dfe1e97:0x6a0071df02e04114!8m2!3d15.9603534!4d108.2736417!16s/g/11xf8mwzqg!19sChIJlx7-bQARQjERFEHgAt9xAGo?authuser=0&hl=vi&g_ep=EgoyMDI2MDkwMi4wIJJjKgBIAVAD&rclk=1'
2026-09-07 15:51:30,064 | WARNING | Google Maps NOT_VERIFIED after ADDRESS + TITLE fallback | title='Hana Villa - Entire Place' | address='' | detail_reason=ADDRESS_UNAVAILABLE
2026-09-07 15:51:30,064 | INFO | EXCEL SEARCH RESULT | success=False | status=MISSING | reason=NOT_VERIFIED | detail_reason=ADDRESS_UNAVAILABLE | google_maps_url=None | url=None | cleaned_url=''
2026-09-07 15:51:31,731 | INFO | Existing URL check | maps_col=google_maps_url | url_col=URL | maps='' | url='' | reusable=''
2026-09-07 15:51:31,731 | INFO | ADDRESS PHASE FAILED -> TITLE FALLBACK | HANZ Mai Vy Hotel - Double Room | 
2026-09-07 15:51:31,732 | INFO | Google Maps TITLE fallback 1/2: HANZ Mai Vy Hotel - Double Room
2026-09-07 15:51:42,887 | INFO | VERIFY TITLE | input_title='HANZ Mai Vy Hotel - Double Room' | actual_title='HANZ Mai Vy Hotel' | input_address='' | actual_address='' | title_score=0.900 | address_score=0.000 | location_score=0.000 | exact_identity=False | input_has_address=False | success=False | reason=ADDRESS_UNAVAILABLE | url='https://www.google.com/maps/place/HANZ+Mai+Vy+Hotel/data=!4m11!3m10!1s0x310b6b065623264f:0xb88aa913224a71da!5m2!4m1!1i2!8m2!3d11.3002396!4d106.1021881!16s/g/11zwyyqgfn!17BQ0FF!19sChIJTyYjVgZrCzER2nFKIhOpirg?authuser=0&hl=vi&g_ep=EgoyMDI2MDkwMi4wIJJjKgBIAVAD&rclk=1'
2026-09-07 15:51:46,512 | INFO | VERIFY TITLE | input_title='HANZ Mai Vy Hotel - Double Room' | actual_title='Mai Vy Hotel' | input_address='' | actual_address='' | title_score=0.900 | address_score=0.000 | location_score=0.000 | exact_identity=False | input_has_address=False | success=False | reason=ADDRESS_UNAVAILABLE | url='https://www.google.com/maps/place/Mai+Vy+Hotel/data=!4m10!3m9!1s0x31752f46271a4731:0xd80a843705998ad5!5m2!4m1!1i2!8m2!3d10.7677555!4d106.6925309!16s/g/11h3ngc75g!19sChIJMUcaJ0YvdTER1YqZBTeECtg?authuser=0&hl=vi&g_ep=EgoyMDI2MDkwMi4wIJJjKgBIAVAD&rclk=1'
2026-09-07 15:51:46,512 | INFO | Google Maps TITLE fallback 2/2: "HANZ Mai Vy Hotel - Double Room"
2026-09-07 15:51:58,027 | INFO | VERIFY TITLE | input_title='HANZ Mai Vy Hotel - Double Room' | actual_title='HANZ Mai Vy Hotel' | input_address='' | actual_address='' | title_score=0.900 | address_score=0.000 | location_score=0.000 | exact_identity=False | input_has_address=False | success=False | reason=ADDRESS_UNAVAILABLE | url='https://www.google.com/maps/place/HANZ+Mai+Vy+Hotel/data=!4m11!3m10!1s0x310b6b065623264f:0xb88aa913224a71da!5m2!4m1!1i2!8m2!3d11.3002396!4d106.1021881!16s/g/11zwyyqgfn!17BQ0FF!19sChIJTyYjVgZrCzER2nFKIhOpirg?authuser=0&hl=vi&g_ep=EgoyMDI2MDkwMi4wIJJjKgBIAVAD&rclk=1'
2026-09-07 15:52:00,965 | INFO | VERIFY TITLE | input_title='HANZ Mai Vy Hotel - Double Room' | actual_title='Mai Vy Hotel' | input_address='' | actual_address='' | title_score=0.900 | address_score=0.000 | location_score=0.000 | exact_identity=False | input_has_address=False | success=False | reason=ADDRESS_UNAVAILABLE | url='https://www.google.com/maps/place/Mai+Vy+Hotel/data=!4m10!3m9!1s0x31752f46271a4731:0xd80a843705998ad5!5m2!4m1!1i2!8m2!3d10.7677555!4d106.6925309!16s/g/11h3ngc75g!19sChIJMUcaJ0YvdTER1YqZBTeECtg?authuser=0&hl=vi&g_ep=EgoyMDI2MDkwMi4wIJJjKgBIAVAD&rclk=1'
2026-09-07 15:52:00,966 | WARNING | Google Maps NOT_VERIFIED after ADDRESS + TITLE fallback | title='HANZ Mai Vy Hotel - Double Room' | address='' | detail_reason=ADDRESS_UNAVAILABLE
2026-09-07 15:52:00,966 | INFO | EXCEL SEARCH RESULT | success=False | status=MISSING | reason=NOT_VERIFIED | detail_reason=ADDRESS_UNAVAILABLE | google_maps_url=None | url=None | cleaned_url=''
2026-09-07 15:52:02,471 | INFO | Existing URL check | maps_col=google_maps_url | url_col=URL | maps='' | url='' | reusable=''
2026-09-07 15:52:06,799 | INFO | VERIFY EXISTING | input_title='HANZ Mai Vy Hotel - Junior Suite' | actual_title='Mai Vy Hotel' | input_address='' | actual_address='' | title_score=0.900 | address_score=0.000 | location_score=0.000 | exact_identity=False | input_has_address=False | success=False | reason=EXISTING_TITLE_MISMATCH | url='https://www.google.com/maps/place/Mai+Vy+Hotel/data=!4m10!3m9!1s0x31752f46271a4731:0xd80a843705998ad5!5m2!4m1!1i2!8m2!3d10.7677555!4d106.6925309!16s/g/11h3ngc75g!19sChIJMUcaJ0YvdTER1YqZBTeECtg?authuser=0&hl=vi&g_ep=EgoyMDI2MDkwMi4wIJJjKgBIAVAD&rclk=1'
2026-09-07 15:52:06,799 | INFO | ADDRESS PHASE FAILED -> TITLE FALLBACK | HANZ Mai Vy Hotel - Junior Suite | 
2026-09-07 15:52:06,804 | INFO | Google Maps TITLE fallback 1/2: HANZ Mai Vy Hotel - Junior Suite
2026-09-07 15:52:26,462 | INFO | VERIFY TITLE | input_title='HANZ Mai Vy Hotel - Junior Suite' | actual_title='HANZ Mai Vy Hotel' | input_address='' | actual_address='' | title_score=0.900 | address_score=0.000 | location_score=0.000 | exact_identity=False | input_has_address=False | success=False | reason=ADDRESS_UNAVAILABLE | url='https://www.google.com/maps/place/HANZ+Mai+Vy+Hotel/data=!4m11!3m10!1s0x310b6b065623264f:0xb88aa913224a71da!5m2!4m1!1i2!8m2!3d11.3002396!4d106.1021881!16s/g/11zwyyqgfn!17BQ0FF!19sChIJTyYjVgZrCzER2nFKIhOpirg?authuser=0&hl=vi&g_ep=EgoyMDI2MDkwMi4wIJJjKgBIAVAD&rclk=1'
2026-09-07 15:52:26,463 | INFO | Google Maps TITLE fallback 2/2: "HANZ Mai Vy Hotel - Junior Suite"
2026-09-07 15:52:33,215 | INFO | NO_CANDIDATES | mode=title | title='HANZ Mai Vy Hotel - Junior Suite' | address='' | page_url='https://www.google.com/maps/search/?api=1&query=%22HANZ%20Mai%20Vy%20Hotel%20-%20Junior%20Suite%22'
2026-09-07 15:52:33,215 | WARNING | Google Maps NOT_VERIFIED after ADDRESS + TITLE fallback | title='HANZ Mai Vy Hotel - Junior Suite' | address='' | detail_reason=ADDRESS_UNAVAILABLE
2026-09-07 15:52:33,216 | INFO | EXCEL SEARCH RESULT | success=False | status=MISSING | reason=NOT_VERIFIED | detail_reason=ADDRESS_UNAVAILABLE | google_maps_url=None | url=None | cleaned_url=''
2026-09-07 15:52:34,510 | INFO | Existing URL check | maps_col=google_maps_url | url_col=URL | maps='' | url='' | reusable=''
2026-09-07 15:52:34,511 | INFO | Google Maps ADDRESS search 1/3: Housing development, Hoàng Family’s Homestay
2026-09-07 15:52:34,514 | WARNING | Cannot create page | error=BrowserContext.new_page: Target page, context or browser has been closed
2026-09-07 15:52:34,515 | INFO | Google Maps ADDRESS search 2/3: Hoàng Family’s Homestay, Housing development
2026-09-07 15:52:34,516 | WARNING | Cannot create page | error=BrowserContext.new_page: Target page, context or browser has been closed
2026-09-07 15:52:34,516 | INFO | Google Maps ADDRESS search 3/3: Housing development
2026-09-07 15:52:34,517 | WARNING | Cannot create page | error=BrowserContext.new_page: Target page, context or browser has been closed
2026-09-07 15:52:34,517 | INFO | ADDRESS PHASE FAILED -> TITLE FALLBACK | Hoàng Family’s Homestay | Housing development
2026-09-07 15:52:34,517 | INFO | Google Maps TITLE fallback 1/2: Hoàng Family’s Homestay
2026-09-07 15:52:34,519 | WARNING | Cannot create page | error=BrowserContext.new_page: Target page, context or browser has been closed
2026-09-07 15:52:34,519 | INFO | Google Maps TITLE fallback 2/2: Hoàng Family’s Homestay, housing development
2026-09-07 15:52:34,520 | WARNING | Cannot create page | error=BrowserContext.new_page: Target page, context or browser has been closed
2026-09-07 15:52:34,520 | WARNING | Google Maps NOT_VERIFIED after ADDRESS + TITLE fallback | title='Hoàng Family’s Homestay' | address='Housing development' | detail_reason=NAVIGATION_FAILED
2026-09-07 15:52:34,520 | INFO | EXCEL SEARCH RESULT | success=False | status=MISSING | reason=NOT_VERIFIED | detail_reason=NAVIGATION_FAILED | google_maps_url=None | url=None | cleaned_url=''
