2026-09-08 09:15:02,563 | INFO | JSON lookup loaded: 0 Maps URLs
2026-09-08 09:15:04,676 | INFO | Existing URL check | maps_col=google_maps_url | url_col=URL | maps='' | url='' | reusable=''
2026-09-08 09:15:04,683 | INFO | Google Maps title search variant 1/8: Cherry homestay phong đoi lon, buon ma thuot, đak lak
2026-09-08 09:15:04,688 | INFO | Navigation start | attempt=1/3 | timeout=15000ms | url=https://www.google.com/maps/search/?api=1&query=Cherry%20homestay%20phong%20%C4%91oi%20lon%2C%20buon%20ma%20thuot%2C%20%C4%91ak%20lak
2026-09-08 09:15:05,014 | INFO | Navigation success | attempt=1/3 | 0.33s | url=https://www.google.com/maps/search/?api=1&query=Cherry%20homestay%20phong%20%C4%91oi%20lon%2C%20buon%20ma%20thuot%2C%20%C4%91ak%20lak
2026-09-08 09:15:34,895 | INFO | NO_CANDIDATES after hydration retries | mode=title | title='Cherry homestay phong đoi lon' | address='Buôn Ma Thuột, Đắk Lắk, Việt Nam' | page_url='https://www.google.com/maps/place/CHERRY+HOMESTAY+%26+COFFEE+BMT/@12.6945476,108.0378557,17z/data=!4m9!3m8!1s0x31721d39b8f6bd49:0xaf9dcdcf829f757c!5m2!4m1!1i2!8m2!3d12.6945476!4d108.0378557!16s%2Fg%2F11vqq2yfpd?entry=ttu&g_ep=EgoyMDI2MDkwMi4wIKXMDSoASAFQAw%3D%3D'
2026-09-08 09:15:34,896 | INFO | Google Maps title search variant 2/8: Cherry homestay phong đoi lon, Buôn Ma Thuột, Đắk Lắk, Việt Nam
2026-09-08 09:15:34,896 | INFO | Navigation start | attempt=1/3 | timeout=15000ms | url=https://www.google.com/maps/search/?api=1&query=Cherry%20homestay%20phong%20%C4%91oi%20lon%2C%20Bu%C3%B4n%20Ma%20Thu%E1%BB%99t%2C%20%C4%90%E1%BA%AFk%20L%E1%BA%AFk%2C%20Vi%E1%BB%87t%20Nam
2026-09-08 09:15:35,151 | INFO | Navigation success | attempt=1/3 | 0.25s | url=https://www.google.com/maps/search/?api=1&query=Cherry%20homestay%20phong%20%C4%91oi%20lon%2C%20Bu%C3%B4n%20Ma%20Thu%E1%BB%99t%2C%20%C4%90%E1%BA%AFk%20L%E1%BA%AFk%2C%20Vi%E1%BB%87t%20Nam
2026-09-08 09:16:11,163 | INFO | NO_CANDIDATES after hydration retries | mode=title | title='Cherry homestay phong đoi lon' | address='Buôn Ma Thuột, Đắk Lắk, Việt Nam' | page_url='https://www.google.com/maps/place/CHERRY+HOMESTAY+%26+COFFEE+BMT/@12.6945476,108.0378557,17z/data=!4m9!3m8!1s0x31721d39b8f6bd49:0xaf9dcdcf829f757c!5m2!4m1!1i2!8m2!3d12.6945476!4d108.0378557!16s%2Fg%2F11vqq2yfpd?entry=ttu&g_ep=EgoyMDI2MDkwMi4wIKXMDSoASAFQAw%3D%3D'
2026-09-08 09:16:11,163 | INFO | Google Maps title search variant 3/8: Buôn Ma Thuột, Đắk Lắk, Việt Nam, Cherry homestay phong đoi lon
2026-09-08 09:16:11,165 | INFO | Navigation start | attempt=1/3 | timeout=15000ms | url=https://www.google.com/maps/search/?api=1&query=Bu%C3%B4n%20Ma%20Thu%E1%BB%99t%2C%20%C4%90%E1%BA%AFk%20L%E1%BA%AFk%2C%20Vi%E1%BB%87t%20Nam%2C%20Cherry%20homestay%20phong%20%C4%91oi%20lon
2026-09-08 09:16:11,408 | INFO | Navigation success | attempt=1/3 | 0.24s | url=https://www.google.com/maps/search/?api=1&query=Bu%C3%B4n%20Ma%20Thu%E1%BB%99t%2C%20%C4%90%E1%BA%AFk%20L%E1%BA%AFk%2C%20Vi%E1%BB%87t%20Nam%2C%20Cherry%20homestay%20phong%20%C4%91oi%20lon
2026-09-08 09:16:44,888 | INFO | NO_CANDIDATES after hydration retries | mode=title | title='Cherry homestay phong đoi lon' | address='Buôn Ma Thuột, Đắk Lắk, Việt Nam' | page_url='https://www.google.com/maps/place/CHERRY+HOMESTAY+%26+COFFEE+BMT/@12.6945476,108.0378557,17z/data=!4m9!3m8!1s0x31721d39b8f6bd49:0xaf9dcdcf829f757c!5m2!4m1!1i2!8m2!3d12.6945476!4d108.0378557!16s%2Fg%2F11vqq2yfpd?entry=ttu&g_ep=EgoyMDI2MDkwMi4wIKXMDSoASAFQAw%3D%3D'
2026-09-08 09:16:44,889 | INFO | Google Maps title search variant 4/8: Cherry homestay phong đoi lon
2026-09-08 09:16:44,889 | INFO | Navigation start | attempt=1/3 | timeout=15000ms | url=https://www.google.com/maps/search/?api=1&query=Cherry%20homestay%20phong%20%C4%91oi%20lon
2026-09-08 09:16:45,089 | INFO | Navigation success | attempt=1/3 | 0.20s | url=https://www.google.com/maps/search/?api=1&query=Cherry%20homestay%20phong%20%C4%91oi%20lon
2026-09-08 09:16:55,837 | INFO | Navigation start | attempt=1/3 | timeout=15000ms | url=https://www.google.com/maps/place/Cherry+homestay/data=!4m10!3m9!1s0x31756f58bfa5ca2b:0x1907da3f6fe7ea10!5m2!4m1!1i2!8m2!3d10.3376301!4d107.0834039!16s/g/11t7hyrp6y!19sChIJK8qlv1hvdTEREOrnbz_aBxk?authuser=0&hl=vi&g_ep=EgoyMDI2MDkwMi4wIJJjKgBIAVAD&rclk=1
2026-09-08 09:16:56,295 | INFO | Navigation success | attempt=1/3 | 0.46s | url=https://www.google.com/maps/place/Cherry+homestay/data=!4m10!3m9!1s0x31756f58bfa5ca2b:0x1907da3f6fe7ea10!5m2!4m1!1i2!8m2!3d10.3376301!4d107.0834039!16s/g/11t7hyrp6y!19sChIJK8qlv1hvdTEREOrnbz_aBxk?authuser=0&hl=vi&g_ep=EgoyMDI2MDkwMi4wIJJjKgBIAVAD&rclk=1
2026-09-08 09:16:57,428 | INFO | VERIFY CANDIDATE | input_title='Cherry homestay phong đoi lon' | actual_title='' | input_address='Buôn Ma Thuột, Đắk Lắk, Việt Nam' | actual_address='\ue52e' | url='https://www.google.com/maps/place/Cherry+homestay/data=!4m10!3m9!1s0x31756f58bfa5ca2b:0x1907da3f6fe7ea10!5m2!4m1!1i2!8m2!3d10.3376301!4d107.0834039!16s/g/11t7hyrp6y!19sChIJK8qlv1hvdTEREOrnbz_aBxk?authuser=0&hl=vi&g_ep=EgoyMDI2MDkwMi4wIJJjKgBIAVAD&rclk=1' | coordinates=(10.3376301, 107.0)
2026-09-08 09:16:57,430 | INFO | VERIFY FINAL | success=False | reason=TITLE_UNAVAILABLE | title_ok=False | address_ok=False | input_title='Cherry homestay phong đoi lon' | maps_title='' | input_address='Buôn Ma Thuột, Đắk Lắk, Việt Nam' | maps_address='\ue52e' | url='https://www.google.com/maps/place/Cherry+homestay/data=!4m10!3m9!1s0x31756f58bfa5ca2b:0x1907da3f6fe7ea10!5m2!4m1!1i2!8m2!3d10.3376301!4d107.0834039!16s/g/11t7hyrp6y!19sChIJK8qlv1hvdTEREOrnbz_aBxk?authuser=0&hl=vi&g_ep=EgoyMDI2MDkwMi4wIJJjKgBIAVAD&rclk=1'
2026-09-08 09:16:57,431 | INFO | Navigation start | attempt=1/3 | timeout=15000ms | url=https://www.google.com/maps/search/Cherry+homestay+phong+%C4%91oi+lon/@15.2982184,107.1782718,6z/data=!3m1!4b1?entry=ttu&g_ep=EgoyMDI2MDkwMi4wIKXMDSoASAFQAw%3D%3D
2026-09-08 09:16:57,642 | INFO | Navigation success | attempt=1/3 | 0.21s | url=https://www.google.com/maps/search/Cherry+homestay+phong+%C4%91oi+lon/@15.2982184,107.1782718,6z/data=!3m1!4b1?entry=ttu&g_ep=EgoyMDI2MDkwMi4wIKXMDSoASAFQAw%3D%3D
2026-09-08 09:16:58,099 | INFO | Navigation start | attempt=1/3 | timeout=15000ms | url=https://www.google.com/maps/place/Cherry+homestay/data=!4m7!3m6!1s0x31752f0010a2188b:0xcdacc71865965f3f!8m2!3d10.7901191!4d106.6632399!16s/g/11ythmr2d0!19sChIJixiiEAAvdTERP1-WZRjHrM0?authuser=0&hl=vi&g_ep=EgoyMDI2MDkwMi4wIJJjKgBIAVAD&rclk=1
2026-09-08 09:16:58,339 | INFO | Navigation success | attempt=1/3 | 0.24s | url=https://www.google.com/maps/place/Cherry+homestay/data=!4m7!3m6!1s0x31752f0010a2188b:0xcdacc71865965f3f!8m2!3d10.7901191!4d106.6632399!16s/g/11ythmr2d0!19sChIJixiiEAAvdTERP1-WZRjHrM0?authuser=0&hl=vi&g_ep=EgoyMDI2MDkwMi4wIJJjKgBIAVAD&rclk=1
2026-09-08 09:16:59,877 | INFO | VERIFY CANDIDATE | input_title='Cherry homestay phong đoi lon' | actual_title='' | input_address='Buôn Ma Thuột, Đắk Lắk, Việt Nam' | actual_address='\ue52e' | url='https://www.google.com/maps/place/Cherry+homestay/data=!4m7!3m6!1s0x31752f0010a2188b:0xcdacc71865965f3f!8m2!3d10.7901191!4d106.6632399!16s/g/11ythmr2d0!19sChIJixiiEAAvdTERP1-WZRjHrM0?authuser=0&hl=vi&g_ep=EgoyMDI2MDkwMi4wIJJjKgBIAVAD&rclk=1' | coordinates=(10.7901191, 106.6)
2026-09-08 09:16:59,879 | INFO | VERIFY FINAL | success=False | reason=TITLE_UNAVAILABLE | title_ok=False | address_ok=False | input_title='Cherry homestay phong đoi lon' | maps_title='' | input_address='Buôn Ma Thuột, Đắk Lắk, Việt Nam' | maps_address='\ue52e' | url='https://www.google.com/maps/place/Cherry+homestay/data=!4m7!3m6!1s0x31752f0010a2188b:0xcdacc71865965f3f!8m2!3d10.7901191!4d106.6632399!16s/g/11ythmr2d0!19sChIJixiiEAAvdTERP1-WZRjHrM0?authuser=0&hl=vi&g_ep=EgoyMDI2MDkwMi4wIJJjKgBIAVAD&rclk=1'
2026-09-08 09:16:59,879 | INFO | Navigation start | attempt=1/3 | timeout=15000ms | url=https://www.google.com/maps/search/Cherry+homestay+phong+%C4%91oi+lon/@15.2982184,107.1782718,6z/data=!3m1!4b1?entry=ttu&g_ep=EgoyMDI2MDkwMi4wIKXMDSoASAFQAw%3D%3D
2026-09-08 09:17:00,095 | INFO | Navigation success | attempt=1/3 | 0.22s | url=https://www.google.com/maps/search/Cherry+homestay+phong+%C4%91oi+lon/@15.2982184,107.1782718,6z/data=!3m1!4b1?entry=ttu&g_ep=EgoyMDI2MDkwMi4wIKXMDSoASAFQAw%3D%3D
2026-09-08 09:17:00,487 | INFO | Navigation start | attempt=1/3 | timeout=15000ms | url=https://www.google.com/maps/place/Cherry+Home/data=!4m7!3m6!1s0x317529cbba65b4a7:0x967d07f636cb116f!8m2!3d10.8417008!4d106.7129702!16s/g/11z5q3l33n!19sChIJp7RlusspdTERbxHLNvYHfZY?authuser=0&hl=vi&g_ep=EgoyMDI2MDkwMi4wIJJjKgBIAVAD&rclk=1
2026-09-08 09:17:00,689 | INFO | Navigation success | attempt=1/3 | 0.20s | url=https://www.google.com/maps/place/Cherry+Home/data=!4m7!3m6!1s0x317529cbba65b4a7:0x967d07f636cb116f!8m2!3d10.8417008!4d106.7129702!16s/g/11z5q3l33n!19sChIJp7RlusspdTERbxHLNvYHfZY?authuser=0&hl=vi&g_ep=EgoyMDI2MDkwMi4wIJJjKgBIAVAD&rclk=1
2026-09-08 09:17:01,474 | INFO | VERIFY CANDIDATE | input_title='Cherry homestay phong đoi lon' | actual_title='' | input_address='Buôn Ma Thuột, Đắk Lắk, Việt Nam' | actual_address='\ue52e' | url='https://www.google.com/maps/place/Cherry+Home/data=!4m7!3m6!1s0x317529cbba65b4a7:0x967d07f636cb116f!8m2!3d10.8417008!4d106.7129702!16s/g/11z5q3l33n!19sChIJp7RlusspdTERbxHLNvYHfZY?authuser=0&hl=vi&g_ep=EgoyMDI2MDkwMi4wIJJjKgBIAVAD&rclk=1' | coordinates=(10.8417008, 106.7)
2026-09-08 09:17:01,476 | INFO | VERIFY FINAL | success=False | reason=TITLE_UNAVAILABLE | title_ok=False | address_ok=False | input_title='Cherry homestay phong đoi lon' | maps_title='' | input_address='Buôn Ma Thuột, Đắk Lắk, Việt Nam' | maps_address='\ue52e' | url='https://www.google.com/maps/place/Cherry+Home/data=!4m7!3m6!1s0x317529cbba65b4a7:0x967d07f636cb116f!8m2!3d10.8417008!4d106.7129702!16s/g/11z5q3l33n!19sChIJp7RlusspdTERbxHLNvYHfZY?authuser=0&hl=vi&g_ep=EgoyMDI2MDkwMi4wIJJjKgBIAVAD&rclk=1'
2026-09-08 09:17:01,476 | INFO | Navigation start | attempt=1/3 | timeout=15000ms | url=https://www.google.com/maps/search/Cherry+homestay+phong+%C4%91oi+lon/@15.2982184,107.1782718,6z/data=!3m1!4b1?entry=ttu&g_ep=EgoyMDI2MDkwMi4wIKXMDSoASAFQAw%3D%3D
2026-09-08 09:17:01,693 | INFO | Navigation success | attempt=1/3 | 0.22s | url=https://www.google.com/maps/search/Cherry+homestay+phong+%C4%91oi+lon/@15.2982184,107.1782718,6z/data=!3m1!4b1?entry=ttu&g_ep=EgoyMDI2MDkwMi4wIKXMDSoASAFQAw%3D%3D
2026-09-08 09:17:02,119 | INFO | Navigation start | attempt=1/3 | timeout=15000ms | url=https://www.google.com/maps/place/Cherry+Villa/data=!4m7!3m6!1s0x317571aa3b3b708b:0x7fe78435674a0b33!8m2!3d10.3734539!4d107.1228553!16s/g/11vc8_yg3v!19sChIJi3A7O6pxdTERMwtKZzWE538?authuser=0&hl=vi&g_ep=EgoyMDI2MDkwMi4wIJJjKgBIAVAD&rclk=1
2026-09-08 09:17:02,331 | INFO | Navigation success | attempt=1/3 | 0.21s | url=https://www.google.com/maps/place/Cherry+Villa/data=!4m7!3m6!1s0x317571aa3b3b708b:0x7fe78435674a0b33!8m2!3d10.3734539!4d107.1228553!16s/g/11vc8_yg3v!19sChIJi3A7O6pxdTERMwtKZzWE538?authuser=0&hl=vi&g_ep=EgoyMDI2MDkwMi4wIJJjKgBIAVAD&rclk=1
2026-09-08 09:17:02,991 | INFO | VERIFY CANDIDATE | input_title='Cherry homestay phong đoi lon' | actual_title='' | input_address='Buôn Ma Thuột, Đắk Lắk, Việt Nam' | actual_address='\ue52e' | url='https://www.google.com/maps/place/Cherry+Villa/data=!4m7!3m6!1s0x317571aa3b3b708b:0x7fe78435674a0b33!8m2!3d10.3734539!4d107.1228553!16s/g/11vc8_yg3v!19sChIJi3A7O6pxdTERMwtKZzWE538?authuser=0&hl=vi&g_ep=EgoyMDI2MDkwMi4wIJJjKgBIAVAD&rclk=1' | coordinates=(10.3734539, 107.1)
2026-09-08 09:17:02,993 | INFO | VERIFY FINAL | success=False | reason=TITLE_UNAVAILABLE | title_ok=False | address_ok=False | input_title='Cherry homestay phong đoi lon' | maps_title='' | input_address='Buôn Ma Thuột, Đắk Lắk, Việt Nam' | maps_address='\ue52e' | url='https://www.google.com/maps/place/Cherry+Villa/data=!4m7!3m6!1s0x317571aa3b3b708b:0x7fe78435674a0b33!8m2!3d10.3734539!4d107.1228553!16s/g/11vc8_yg3v!19sChIJi3A7O6pxdTERMwtKZzWE538?authuser=0&hl=vi&g_ep=EgoyMDI2MDkwMi4wIJJjKgBIAVAD&rclk=1'
2026-09-08 09:17:02,993 | INFO | Navigation start | attempt=1/3 | timeout=15000ms | url=https://www.google.com/maps/search/Cherry+homestay+phong+%C4%91oi+lon/@15.2982184,107.1782718,6z/data=!3m1!4b1?entry=ttu&g_ep=EgoyMDI2MDkwMi4wIKXMDSoASAFQAw%3D%3D
2026-09-08 09:17:03,199 | INFO | Navigation success | attempt=1/3 | 0.21s | url=https://www.google.com/maps/search/Cherry+homestay+phong+%C4%91oi+lon/@15.2982184,107.1782718,6z/data=!3m1!4b1?entry=ttu&g_ep=EgoyMDI2MDkwMi4wIKXMDSoASAFQAw%3D%3D
2026-09-08 09:17:03,549 | INFO | Navigation start | attempt=1/3 | timeout=15000ms | url=https://www.google.com/maps/place/THE+VitaPlus+HOTEL/data=!4m10!3m9!1s0x304d29039eb42cab:0x187bdc7ee5052362!5m2!4m1!1i2!8m2!3d7.025526!4d100.489114!16s/g/11c88w5cb8!19sChIJqyy0ngMpTTARYiMF5X7cexg?authuser=0&hl=vi&g_ep=EgoyMDI2MDkwMi4wIJJjKgBIAVAD&rclk=1
2026-09-08 09:17:03,748 | INFO | Navigation success | attempt=1/3 | 0.20s | url=https://www.google.com/maps/place/THE+VitaPlus+HOTEL/data=!4m10!3m9!1s0x304d29039eb42cab:0x187bdc7ee5052362!5m2!4m1!1i2!8m2!3d7.025526!4d100.489114!16s/g/11c88w5cb8!19sChIJqyy0ngMpTTARYiMF5X7cexg?authuser=0&hl=vi&g_ep=EgoyMDI2MDkwMi4wIJJjKgBIAVAD&rclk=1
2026-09-08 09:17:04,443 | INFO | VERIFY CANDIDATE | input_title='Cherry homestay phong đoi lon' | actual_title='' | input_address='Buôn Ma Thuột, Đắk Lắk, Việt Nam' | actual_address='\ue52e' | url='https://www.google.com/maps/place/THE+VitaPlus+HOTEL/data=!4m10!3m9!1s0x304d29039eb42cab:0x187bdc7ee5052362!5m2!4m1!1i2!8m2!3d7.025526!4d100.489114!16s/g/11c88w5cb8!19sChIJqyy0ngMpTTARYiMF5X7cexg?authuser=0&hl=vi&g_ep=EgoyMDI2MDkwMi4wIJJjKgBIAVAD&rclk=1' | coordinates=(7.025526, 100.4)
2026-09-08 09:17:04,449 | INFO | VERIFY FINAL | success=False | reason=TITLE_UNAVAILABLE | title_ok=False | address_ok=False | input_title='Cherry homestay phong đoi lon' | maps_title='' | input_address='Buôn Ma Thuột, Đắk Lắk, Việt Nam' | maps_address='\ue52e' | url='https://www.google.com/maps/place/THE+VitaPlus+HOTEL/data=!4m10!3m9!1s0x304d29039eb42cab:0x187bdc7ee5052362!5m2!4m1!1i2!8m2!3d7.025526!4d100.489114!16s/g/11c88w5cb8!19sChIJqyy0ngMpTTARYiMF5X7cexg?authuser=0&hl=vi&g_ep=EgoyMDI2MDkwMi4wIJJjKgBIAVAD&rclk=1'
2026-09-08 09:17:04,449 | INFO | Navigation start | attempt=1/3 | timeout=15000ms | url=https://www.google.com/maps/search/Cherry+homestay+phong+%C4%91oi+lon/@15.2982184,107.1782718,6z/data=!3m1!4b1?entry=ttu&g_ep=EgoyMDI2MDkwMi4wIKXMDSoASAFQAw%3D%3D
2026-09-08 09:17:04,659 | INFO | Navigation success | attempt=1/3 | 0.21s | url=https://www.google.com/maps/search/Cherry+homestay+phong+%C4%91oi+lon/@15.2982184,107.1782718,6z/data=!3m1!4b1?entry=ttu&g_ep=EgoyMDI2MDkwMi4wIKXMDSoASAFQAw%3D%3D
2026-09-08 09:17:05,023 | INFO | Navigation start | attempt=1/3 | timeout=15000ms | url=https://www.google.com/maps/place/Villa+Cherry/data=!4m10!3m9!1s0x31756f2490a58ae3:0xb5113b3b81f8183c!5m2!4m1!1i2!8m2!3d10.3476331!4d107.0965841!16s/g/11w2khmxs9!19sChIJ44qlkCRvdTERPBj4gTs7EbU?authuser=0&hl=vi&g_ep=EgoyMDI2MDkwMi4wIJJjKgBIAVAD&rclk=1
2026-09-08 09:17:05,205 | INFO | Navigation success | attempt=1/3 | 0.18s | url=https://www.google.com/maps/place/Villa+Cherry/data=!4m10!3m9!1s0x31756f2490a58ae3:0xb5113b3b81f8183c!5m2!4m1!1i2!8m2!3d10.3476331!4d107.0965841!16s/g/11w2khmxs9!19sChIJ44qlkCRvdTERPBj4gTs7EbU?authuser=0&hl=vi&g_ep=EgoyMDI2MDkwMi4wIJJjKgBIAVAD&rclk=1
2026-09-08 09:17:05,786 | INFO | VERIFY CANDIDATE | input_title='Cherry homestay phong đoi lon' | actual_title='' | input_address='Buôn Ma Thuột, Đắk Lắk, Việt Nam' | actual_address='\ue52e' | url='https://www.google.com/maps/place/Villa+Cherry/data=!4m10!3m9!1s0x31756f2490a58ae3:0xb5113b3b81f8183c!5m2!4m1!1i2!8m2!3d10.3476331!4d107.0965841!16s/g/11w2khmxs9!19sChIJ44qlkCRvdTERPBj4gTs7EbU?authuser=0&hl=vi&g_ep=EgoyMDI2MDkwMi4wIJJjKgBIAVAD&rclk=1' | coordinates=(10.3476331, 107.0)
2026-09-08 09:17:05,789 | INFO | VERIFY FINAL | success=False | reason=TITLE_UNAVAILABLE | title_ok=False | address_ok=False | input_title='Cherry homestay phong đoi lon' | maps_title='' | input_address='Buôn Ma Thuột, Đắk Lắk, Việt Nam' | maps_address='\ue52e' | url='https://www.google.com/maps/place/Villa+Cherry/data=!4m10!3m9!1s0x31756f2490a58ae3:0xb5113b3b81f8183c!5m2!4m1!1i2!8m2!3d10.3476331!4d107.0965841!16s/g/11w2khmxs9!19sChIJ44qlkCRvdTERPBj4gTs7EbU?authuser=0&hl=vi&g_ep=EgoyMDI2MDkwMi4wIJJjKgBIAVAD&rclk=1'
2026-09-08 09:17:05,789 | INFO | Navigation start | attempt=1/3 | timeout=15000ms | url=https://www.google.com/maps/search/Cherry+homestay+phong+%C4%91oi+lon/@15.2982184,107.1782718,6z/data=!3m1!4b1?entry=ttu&g_ep=EgoyMDI2MDkwMi4wIKXMDSoASAFQAw%3D%3D
2026-09-08 09:17:05,979 | INFO | Navigation success | attempt=1/3 | 0.19s | url=https://www.google.com/maps/search/Cherry+homestay+phong+%C4%91oi+lon/@15.2982184,107.1782718,6z/data=!3m1!4b1?entry=ttu&g_ep=EgoyMDI2MDkwMi4wIKXMDSoASAFQAw%3D%3D
2026-09-08 09:17:06,331 | INFO | Navigation start | attempt=1/3 | timeout=15000ms | url=https://www.google.com/maps/place/Hadyai+Golden+Crown+Hotel/data=!4m10!3m9!1s0x304d285aa966cef1:0x7893ca8a3d64c837!5m2!4m1!1i2!8m2!3d7.00801!4d100.47313!16s/g/1thzy9sw!19sChIJ8c5mqVooTTARN8hkPYrKk3g?authuser=0&hl=vi&g_ep=EgoyMDI2MDkwMi4wIJJjKgBIAVAD&rclk=1
2026-09-08 09:17:06,554 | INFO | Navigation success | attempt=1/3 | 0.22s | url=https://www.google.com/maps/place/Hadyai+Golden+Crown+Hotel/data=!4m10!3m9!1s0x304d285aa966cef1:0x7893ca8a3d64c837!5m2!4m1!1i2!8m2!3d7.00801!4d100.47313!16s/g/1thzy9sw!19sChIJ8c5mqVooTTARN8hkPYrKk3g?authuser=0&hl=vi&g_ep=EgoyMDI2MDkwMi4wIJJjKgBIAVAD&rclk=1
2026-09-08 09:17:07,195 | INFO | VERIFY CANDIDATE | input_title='Cherry homestay phong đoi lon' | actual_title='' | input_address='Buôn Ma Thuột, Đắk Lắk, Việt Nam' | actual_address='\ue52e' | url='https://www.google.com/maps/place/Hadyai+Golden+Crown+Hotel/data=!4m10!3m9!1s0x304d285aa966cef1:0x7893ca8a3d64c837!5m2!4m1!1i2!8m2!3d7.00801!4d100.47313!16s/g/1thzy9sw!19sChIJ8c5mqVooTTARN8hkPYrKk3g?authuser=0&hl=vi&g_ep=EgoyMDI2MDkwMi4wIJJjKgBIAVAD&rclk=1' | coordinates=(7.00801, 100.4)
2026-09-08 09:17:07,198 | INFO | VERIFY FINAL | success=False | reason=TITLE_UNAVAILABLE | title_ok=False | address_ok=False | input_title='Cherry homestay phong đoi lon' | maps_title='' | input_address='Buôn Ma Thuột, Đắk Lắk, Việt Nam' | maps_address='\ue52e' | url='https://www.google.com/maps/place/Hadyai+Golden+Crown+Hotel/data=!4m10!3m9!1s0x304d285aa966cef1:0x7893ca8a3d64c837!5m2!4m1!1i2!8m2!3d7.00801!4d100.47313!16s/g/1thzy9sw!19sChIJ8c5mqVooTTARN8hkPYrKk3g?authuser=0&hl=vi&g_ep=EgoyMDI2MDkwMi4wIJJjKgBIAVAD&rclk=1'
2026-09-08 09:17:07,198 | INFO | Google Maps address search variant 5/8: Buôn Ma Thuột, Đắk Lắk, Việt Nam
2026-09-08 09:17:07,198 | INFO | Navigation start | attempt=1/3 | timeout=15000ms | url=https://www.google.com/maps/search/?api=1&query=Bu%C3%B4n%20Ma%20Thu%E1%BB%99t%2C%20%C4%90%E1%BA%AFk%20L%E1%BA%AFk%2C%20Vi%E1%BB%87t%20Nam
2026-09-08 09:17:07,428 | INFO | Navigation success | attempt=1/3 | 0.23s | url=https://www.google.com/maps/search/?api=1&query=Bu%C3%B4n%20Ma%20Thu%E1%BB%99t%2C%20%C4%90%E1%BA%AFk%20L%E1%BA%AFk%2C%20Vi%E1%BB%87t%20Nam
2026-09-08 09:17:40,957 | INFO | NO_CANDIDATES after hydration retries | mode=address | title='Cherry homestay phong đoi lon' | address='Buôn Ma Thuột, Đắk Lắk, Việt Nam' | page_url='https://www.google.com/maps/place/Bu%C3%B4n+Ma+Thu%E1%BB%99t,+%C4%90%E1%BA%AFk+L%E1%BA%AFk,+Vi%E1%BB%87t+Nam/@12.7008925,108.02286,13z/data=!3m1!4b1!4m6!3m5!1s0x31721d46c54d7e01:0x53b96fcf99adade6!8m2!3d12.7131519!4d108.0361555!16zL20vMGNiZnM5?entry=ttu&g_ep=EgoyMDI2MDkwMi4wIKXMDSoASAFQAw%3D%3D'
2026-09-08 09:17:40,957 | INFO | Google Maps title search variant 6/8: buon ma thuot, đak lak
2026-09-08 09:17:40,957 | INFO | Navigation start | attempt=1/3 | timeout=15000ms | url=https://www.google.com/maps/search/?api=1&query=buon%20ma%20thuot%2C%20%C4%91ak%20lak
2026-09-08 09:17:41,151 | INFO | Navigation success | attempt=1/3 | 0.19s | url=https://www.google.com/maps/search/?api=1&query=buon%20ma%20thuot%2C%20%C4%91ak%20lak
2026-09-08 09:18:11,090 | INFO | NO_CANDIDATES after hydration retries | mode=title | title='Cherry homestay phong đoi lon' | address='Buôn Ma Thuột, Đắk Lắk, Việt Nam' | page_url='https://www.google.com/maps/place/Bu%C3%B4n+Ma+Thu%E1%BB%99t,+%C4%90%E1%BA%AFk+L%E1%BA%AFk,+Vi%E1%BB%87t+Nam/@12.7008925,108.02286,13z/data=!3m1!4b1!4m6!3m5!1s0x31721d46c54d7e01:0x53b96fcf99adade6!8m2!3d12.7131519!4d108.0361555!16zL20vMGNiZnM5?entry=ttu&g_ep=EgoyMDI2MDkwMi4wIKXMDSoASAFQAw%3D%3D'
2026-09-08 09:18:11,090 | INFO | Google Maps title search variant 7/8: Cherry homestay phong đoi lon, đak lak
2026-09-08 09:18:11,090 | INFO | Navigation start | attempt=1/3 | timeout=15000ms | url=https://www.google.com/maps/search/?api=1&query=Cherry%20homestay%20phong%20%C4%91oi%20lon%2C%20%C4%91ak%20lak
2026-09-08 09:18:11,300 | INFO | Navigation success | attempt=1/3 | 0.21s | url=https://www.google.com/maps/search/?api=1&query=Cherry%20homestay%20phong%20%C4%91oi%20lon%2C%20%C4%91ak%20lak
2026-09-08 09:18:46,664 | INFO | NO_CANDIDATES after hydration retries | mode=title | title='Cherry homestay phong đoi lon' | address='Buôn Ma Thuột, Đắk Lắk, Việt Nam' | page_url='https://www.google.com/maps/place/CHERRY+HOMESTAY+%26+COFFEE+BMT/@12.6945476,108.0378557,17z/data=!4m9!3m8!1s0x31721d39b8f6bd49:0xaf9dcdcf829f757c!5m2!4m1!1i2!8m2!3d12.6945476!4d108.0378557!16s%2Fg%2F11vqq2yfpd?entry=ttu&g_ep=EgoyMDI2MDkwMi4wIKXMDSoASAFQAw%3D%3D'
2026-09-08 09:18:46,665 | INFO | Google Maps title search variant 8/8: Cherry homestay phong đoi lon, buon ma thuot
2026-09-08 09:18:46,665 | INFO | Navigation start | attempt=1/3 | timeout=15000ms | url=https://www.google.com/maps/search/?api=1&query=Cherry%20homestay%20phong%20%C4%91oi%20lon%2C%20buon%20ma%20thuot
2026-09-08 09:18:46,859 | INFO | Navigation success | attempt=1/3 | 0.19s | url=https://www.google.com/maps/search/?api=1&query=Cherry%20homestay%20phong%20%C4%91oi%20lon%2C%20buon%20ma%20thuot
2026-09-08 09:19:22,003 | INFO | NO_CANDIDATES after hydration retries | mode=title | title='Cherry homestay phong đoi lon' | address='Buôn Ma Thuột, Đắk Lắk, Việt Nam' | page_url='https://www.google.com/maps/place/CHERRY+HOMESTAY+%26+COFFEE+BMT/@12.6945476,108.0378557,17z/data=!4m9!3m8!1s0x31721d39b8f6bd49:0xaf9dcdcf829f757c!5m2!4m1!1i2!8m2!3d12.6945476!4d108.0378557!16s%2Fg%2F11vqq2yfpd?entry=ttu&g_ep=EgoyMDI2MDkwMi4wIKXMDSoASAFQAw%3D%3D'
2026-09-08 09:19:22,003 | WARNING | Google Maps search exhausted | reason=NOT_FOUND | title='Cherry homestay phong đoi lon' | address='Buôn Ma Thuột, Đắk Lắk, Việt Nam'
2026-09-08 09:19:22,004 | INFO | EXCEL SEARCH RESULT | success=False | reason=NOT_FOUND | google_maps_url=None | url=None | cleaned_url=''
2026-09-08 09:19:23,735 | INFO | Existing URL check | maps_col=google_maps_url | url_col=URL | maps='' | url='' | reusable=''
2026-09-08 09:19:23,858 | WARNING | CURRENT MAPS PLACE TITLE/ADDRESS MISMATCH | input_title='Chí Phèo Homestay' | actual_title='CHERRY HOMESTAY & COFFEE BMT' | input_address='Ea Wer, Đắk Lắk, Việt Nam' | actual_address='\ue0c8 75 Đường A4, tdp1, Buôn Ma Thuột, Đắk Lắk 630000, Việt Nam' | url='https://www.google.com/maps/place/CHERRY+HOMESTAY+%26+COFFEE+BMT/@12.6945476,108.0378557,17z/data=!4m9!3m8!1s0x31721d39b8f6bd49:0xaf9dcdcf829f757c!5m2!4m1!1i2!8m2!3d12.6945476!4d108.0378557!16s%2Fg%2F11vqq2yfpd?entry=ttu&g_ep=EgoyMDI2MDkwMi4wIKXMDSoASAFQAw%3D%3D'
2026-09-08 09:19:23,860 | INFO | Google Maps title search variant 1/8: Chí Phèo Homestay, ea wer, đak lak
2026-09-08 09:19:23,861 | INFO | Navigation start | attempt=1/3 | timeout=15000ms | url=https://www.google.com/maps/search/?api=1&query=Ch%C3%AD%20Ph%C3%A8o%20Homestay%2C%20ea%20wer%2C%20%C4%91ak%20lak
2026-09-08 09:19:24,118 | INFO | Navigation success | attempt=1/3 | 0.26s | url=https://www.google.com/maps/search/?api=1&query=Ch%C3%AD%20Ph%C3%A8o%20Homestay%2C%20ea%20wer%2C%20%C4%91ak%20lak
2026-09-08 09:19:57,384 | INFO | NO_CANDIDATES after hydration retries | mode=title | title='Chí Phèo Homestay' | address='Ea Wer, Đắk Lắk, Việt Nam' | page_url='https://www.google.com/maps/place/Ch%C3%AD+Ph%C3%A8o+Homestay/@12.767663,107.8939762,17z/data=!3m1!4b1!4m6!3m5!1s0x317205a8fb33df43:0x957a9b3d6aad61eb!8m2!3d12.767663!4d107.8939762!16s%2Fg%2F11vss7bhtw?entry=ttu&g_ep=EgoyMDI2MDkwMi4wIKXMDSoASAFQAw%3D%3D'
2026-09-08 09:19:57,384 | INFO | Google Maps title search variant 2/8: Chí Phèo Homestay, Ea Wer, Đắk Lắk, Việt Nam
2026-09-08 09:19:57,384 | INFO | Navigation start | attempt=1/3 | timeout=15000ms | url=https://www.google.com/maps/search/?api=1&query=Ch%C3%AD%20Ph%C3%A8o%20Homestay%2C%20Ea%20Wer%2C%20%C4%90%E1%BA%AFk%20L%E1%BA%AFk%2C%20Vi%E1%BB%87t%20Nam
2026-09-08 09:19:57,575 | INFO | Navigation success | attempt=1/3 | 0.19s | url=https://www.google.com/maps/search/?api=1&query=Ch%C3%AD%20Ph%C3%A8o%20Homestay%2C%20Ea%20Wer%2C%20%C4%90%E1%BA%AFk%20L%E1%BA%AFk%2C%20Vi%E1%BB%87t%20Nam
2026-09-08 09:20:29,569 | INFO | NO_CANDIDATES after hydration retries | mode=title | title='Chí Phèo Homestay' | address='Ea Wer, Đắk Lắk, Việt Nam' | page_url='https://www.google.com/maps/place/Ch%C3%AD+Ph%C3%A8o+Homestay/@12.767663,107.8939762,17z/data=!3m1!4b1!4m6!3m5!1s0x317205a8fb33df43:0x957a9b3d6aad61eb!8m2!3d12.767663!4d107.8939762!16s%2Fg%2F11vss7bhtw?entry=ttu&g_ep=EgoyMDI2MDkwMi4wIKXMDSoASAFQAw%3D%3D'
2026-09-08 09:20:29,570 | INFO | Google Maps title search variant 3/8: Ea Wer, Đắk Lắk, Việt Nam, Chí Phèo Homestay
2026-09-08 09:20:29,570 | INFO | Navigation start | attempt=1/3 | timeout=15000ms | url=https://www.google.com/maps/search/?api=1&query=Ea%20Wer%2C%20%C4%90%E1%BA%AFk%20L%E1%BA%AFk%2C%20Vi%E1%BB%87t%20Nam%2C%20Ch%C3%AD%20Ph%C3%A8o%20Homestay
2026-09-08 09:20:29,762 | INFO | Navigation success | attempt=1/3 | 0.19s | url=https://www.google.com/maps/search/?api=1&query=Ea%20Wer%2C%20%C4%90%E1%BA%AFk%20L%E1%BA%AFk%2C%20Vi%E1%BB%87t%20Nam%2C%20Ch%C3%AD%20Ph%C3%A8o%20Homestay
2026-09-08 09:20:59,743 | INFO | NO_CANDIDATES after hydration retries | mode=title | title='Chí Phèo Homestay' | address='Ea Wer, Đắk Lắk, Việt Nam' | page_url='https://www.google.com/maps/place/Ch%C3%AD+Ph%C3%A8o+Homestay/@12.767663,107.8939762,17z/data=!3m1!4b1!4m6!3m5!1s0x317205a8fb33df43:0x957a9b3d6aad61eb!8m2!3d12.767663!4d107.8939762!16s%2Fg%2F11vss7bhtw?entry=ttu&g_ep=EgoyMDI2MDkwMi4wIKXMDSoASAFQAw%3D%3D'
2026-09-08 09:20:59,743 | INFO | Google Maps title search variant 4/8: Chí Phèo Homestay
2026-09-08 09:20:59,744 | INFO | Navigation start | attempt=1/3 | timeout=15000ms | url=https://www.google.com/maps/search/?api=1&query=Ch%C3%AD%20Ph%C3%A8o%20Homestay
2026-09-08 09:21:00,049 | INFO | Navigation success | attempt=1/3 | 0.31s | url=https://www.google.com/maps/search/?api=1&query=Ch%C3%AD%20Ph%C3%A8o%20Homestay
2026-09-08 09:21:30,100 | INFO | NO_CANDIDATES after hydration retries | mode=title | title='Chí Phèo Homestay' | address='Ea Wer, Đắk Lắk, Việt Nam' | page_url='https://www.google.com/maps/place/Ch%C3%AD+Ph%C3%A8o+Homestay/@12.767663,107.8939762,17z/data=!3m1!4b1!4m6!3m5!1s0x317205a8fb33df43:0x957a9b3d6aad61eb!8m2!3d12.767663!4d107.8939762!16s%2Fg%2F11vss7bhtw?entry=ttu&g_ep=EgoyMDI2MDkwMi4wIKXMDSoASAFQAw%3D%3D'
2026-09-08 09:21:30,101 | INFO | Google Maps address search variant 5/8: Ea Wer, Đắk Lắk, Việt Nam
2026-09-08 09:21:30,102 | INFO | Navigation start | attempt=1/3 | timeout=15000ms | url=https://www.google.com/maps/search/?api=1&query=Ea%20Wer%2C%20%C4%90%E1%BA%AFk%20L%E1%BA%AFk%2C%20Vi%E1%BB%87t%20Nam
2026-09-08 09:21:30,302 | INFO | Navigation success | attempt=1/3 | 0.20s | url=https://www.google.com/maps/search/?api=1&query=Ea%20Wer%2C%20%C4%90%E1%BA%AFk%20L%E1%BA%AFk%2C%20Vi%E1%BB%87t%20Nam
2026-09-08 09:22:00,286 | INFO | NO_CANDIDATES after hydration retries | mode=address | title='Chí Phèo Homestay' | address='Ea Wer, Đắk Lắk, Việt Nam' | page_url='https://www.google.com/maps/place/Ea+Wer,+%C4%90%E1%BA%AFk+L%E1%BA%AFk,+Vi%E1%BB%87t+Nam/@12.829401,107.8795195,12z/data=!3m1!4b1!4m6!3m5!1s0x3172060e21cea7f7:0x38383b63136ad73e!8m2!3d12.8352421!4d107.8702347!16s%2Fm%2F0kbj1f6?entry=ttu&g_ep=EgoyMDI2MDkwMi4wIKXMDSoASAFQAw%3D%3D'
2026-09-08 09:22:00,287 | INFO | Google Maps title search variant 6/8: ea wer, đak lak
2026-09-08 09:22:00,287 | INFO | Navigation start | attempt=1/3 | timeout=15000ms | url=https://www.google.com/maps/search/?api=1&query=ea%20wer%2C%20%C4%91ak%20lak
2026-09-08 09:22:00,469 | INFO | Navigation success | attempt=1/3 | 0.18s | url=https://www.google.com/maps/search/?api=1&query=ea%20wer%2C%20%C4%91ak%20lak
2026-09-08 09:22:29,379 | INFO | NO_CANDIDATES after hydration retries | mode=title | title='Chí Phèo Homestay' | address='Ea Wer, Đắk Lắk, Việt Nam' | page_url='https://www.google.com/maps/place/%C4%90%E1%BA%AFk+L%E1%BA%AFk,+Vi%E1%BB%87t+Nam/@12.9279215,108.4715285,9z/data=!3m1!4b1!4m6!3m5!1s0x3171f7daf7307157:0x8ef97694d9883315!8m2!3d12.7100116!4d108.2377519!16zL20vMDUzZDU3?entry=ttu&g_ep=EgoyMDI2MDkwMi4wIKXMDSoASAFQAw%3D%3D'
2026-09-08 09:22:29,379 | INFO | Google Maps title search variant 7/8: Chí Phèo Homestay, đak lak
2026-09-08 09:22:29,379 | INFO | Navigation start | attempt=1/3 | timeout=15000ms | url=https://www.google.com/maps/search/?api=1&query=Ch%C3%AD%20Ph%C3%A8o%20Homestay%2C%20%C4%91ak%20lak
2026-09-08 09:22:29,580 | INFO | Navigation success | attempt=1/3 | 0.20s | url=https://www.google.com/maps/search/?api=1&query=Ch%C3%AD%20Ph%C3%A8o%20Homestay%2C%20%C4%91ak%20lak
2026-09-08 09:22:59,576 | INFO | NO_CANDIDATES after hydration retries | mode=title | title='Chí Phèo Homestay' | address='Ea Wer, Đắk Lắk, Việt Nam' | page_url='https://www.google.com/maps/place/Ch%C3%AD+Ph%C3%A8o+Homestay/@12.767663,107.8939762,17z/data=!3m1!4b1!4m6!3m5!1s0x317205a8fb33df43:0x957a9b3d6aad61eb!8m2!3d12.767663!4d107.8939762!16s%2Fg%2F11vss7bhtw?entry=ttu&g_ep=EgoyMDI2MDkwMi4wIKXMDSoASAFQAw%3D%3D'
2026-09-08 09:22:59,577 | INFO | Google Maps title search variant 8/8: Chí Phèo Homestay, ea wer
2026-09-08 09:22:59,577 | INFO | Navigation start | attempt=1/3 | timeout=15000ms | url=https://www.google.com/maps/search/?api=1&query=Ch%C3%AD%20Ph%C3%A8o%20Homestay%2C%20ea%20wer
2026-09-08 09:22:59,769 | INFO | Navigation success | attempt=1/3 | 0.19s | url=https://www.google.com/maps/search/?api=1&query=Ch%C3%AD%20Ph%C3%A8o%20Homestay%2C%20ea%20wer
2026-09-08 09:23:29,833 | INFO | NO_CANDIDATES after hydration retries | mode=title | title='Chí Phèo Homestay' | address='Ea Wer, Đắk Lắk, Việt Nam' | page_url='https://www.google.com/maps/place/Ch%C3%AD+Ph%C3%A8o+Homestay/@12.767663,107.8939762,17z/data=!3m1!4b1!4m6!3m5!1s0x317205a8fb33df43:0x957a9b3d6aad61eb!8m2!3d12.767663!4d107.8939762!16s%2Fg%2F11vss7bhtw?entry=ttu&g_ep=EgoyMDI2MDkwMi4wIKXMDSoASAFQAw%3D%3D'
2026-09-08 09:23:29,833 | WARNING | Google Maps search exhausted | reason=NOT_FOUND | title='Chí Phèo Homestay' | address='Ea Wer, Đắk Lắk, Việt Nam'
2026-09-08 09:23:29,833 | INFO | EXCEL SEARCH RESULT | success=False | reason=NOT_FOUND | google_maps_url=None | url=None | cleaned_url=''
2026-09-08 09:23:31,322 | INFO | Existing URL check | maps_col=google_maps_url | url_col=URL | maps='' | url='' | reusable=''
2026-09-08 09:23:31,476 | WARNING | CURRENT MAPS PLACE TITLE/ADDRESS MISMATCH | input_title='Chilling Cinema & Homestay CN1' | actual_title='Chí Phèo Homestay' | input_address='1236 A Dừa, Ea Kao, Đắk Lắk 63000, Việt Nam' | actual_address='\ue413' | url='https://www.google.com/maps/place/Ch%C3%AD+Ph%C3%A8o+Homestay/@12.767663,107.8939762,17z/data=!3m1!4b1!4m6!3m5!1s0x317205a8fb33df43:0x957a9b3d6aad61eb!8m2!3d12.767663!4d107.8939762!16s%2Fg%2F11vss7bhtw?entry=ttu&g_ep=EgoyMDI2MDkwMi4wIKXMDSoASAFQAw%3D%3D'
2026-09-08 09:23:31,477 | INFO | Google Maps title search variant 1/8: Chilling Cinema & Homestay CN1, 1236 a dua, ea kao, đak lak 63000
2026-09-08 09:23:31,477 | INFO | Navigation start | attempt=1/3 | timeout=15000ms | url=https://www.google.com/maps/search/?api=1&query=Chilling%20Cinema%20%26%20Homestay%20CN1%2C%201236%20a%20dua%2C%20ea%20kao%2C%20%C4%91ak%20lak%2063000
2026-09-08 09:23:31,644 | INFO | Navigation success | attempt=1/3 | 0.17s | url=https://www.google.com/maps/search/?api=1&query=Chilling%20Cinema%20%26%20Homestay%20CN1%2C%201236%20a%20dua%2C%20ea%20kao%2C%20%C4%91ak%20lak%2063000
2026-09-08 09:24:01,819 | INFO | NO_CANDIDATES after hydration retries | mode=title | title='Chilling Cinema & Homestay CN1' | address='1236 A Dừa, Ea Kao, Đắk Lắk 63000, Việt Nam' | page_url='https://www.google.com/maps/place/Chilling+Cinema+%26+Homestay+CN1/@12.6524834,108.0236649,17z/data=!3m1!4b1!4m6!3m5!1s0x31721d6a680a363f:0xda524545655c496a!8m2!3d12.6524834!4d108.0236649!16s%2Fg%2F11wgr06mgk?entry=ttu&g_ep=EgoyMDI2MDkwMi4wIKXMDSoASAFQAw%3D%3D'
2026-09-08 09:24:01,819 | INFO | Google Maps title search variant 2/8: Chilling Cinema & Homestay CN1, 1236 A Dừa, Ea Kao, Đắk Lắk 63000, Việt Nam
2026-09-08 09:24:01,820 | INFO | Navigation start | attempt=1/3 | timeout=15000ms | url=https://www.google.com/maps/search/?api=1&query=Chilling%20Cinema%20%26%20Homestay%20CN1%2C%201236%20A%20D%E1%BB%ABa%2C%20Ea%20Kao%2C%20%C4%90%E1%BA%AFk%20L%E1%BA%AFk%2063000%2C%20Vi%E1%BB%87t%20Nam
2026-09-08 09:24:02,290 | INFO | Navigation success | attempt=1/3 | 0.47s | url=https://www.google.com/maps/search/?api=1&query=Chilling%20Cinema%20%26%20Homestay%20CN1%2C%201236%20A%20D%E1%BB%ABa%2C%20Ea%20Kao%2C%20%C4%90%E1%BA%AFk%20L%E1%BA%AFk%2063000%2C%20Vi%E1%BB%87t%20Nam
2026-09-08 09:24:11,640 | INFO | Navigation start | attempt=1/3 | timeout=15000ms | url=https://www.google.com/maps/place/Chilling+Cinema+&+Homestay+CN1/data=!4m7!3m6!1s0x31721d6a680a363f:0xda524545655c496a!8m2!3d12.6524834!4d108.0236649!16s/g/11wgr06mgk!19sChIJPzYKaGodcjERaklcZUVFUto?authuser=0&hl=vi&g_ep=EgoyMDI2MDkwMi4wIJJjKgBIAVAD&rclk=1
2026-09-08 09:24:11,828 | INFO | Navigation success | attempt=1/3 | 0.19s | url=https://www.google.com/maps/place/Chilling+Cinema+&+Homestay+CN1/data=!4m7!3m6!1s0x31721d6a680a363f:0xda524545655c496a!8m2!3d12.6524834!4d108.0236649!16s/g/11wgr06mgk!19sChIJPzYKaGodcjERaklcZUVFUto?authuser=0&hl=vi&g_ep=EgoyMDI2MDkwMi4wIJJjKgBIAVAD&rclk=1
2026-09-08 09:24:12,525 | INFO | VERIFY CANDIDATE | input_title='Chilling Cinema & Homestay CN1' | actual_title='' | input_address='1236 A Dừa, Ea Kao, Đắk Lắk 63000, Việt Nam' | actual_address='\ue52e' | url='https://www.google.com/maps/place/Chilling+Cinema+&+Homestay+CN1/data=!4m7!3m6!1s0x31721d6a680a363f:0xda524545655c496a!8m2!3d12.6524834!4d108.0236649!16s/g/11wgr06mgk!19sChIJPzYKaGodcjERaklcZUVFUto?authuser=0&hl=vi&g_ep=EgoyMDI2MDkwMi4wIJJjKgBIAVAD&rclk=1' | coordinates=(12.6524834, 108.0)
2026-09-08 09:24:12,527 | INFO | VERIFY FINAL | success=False | reason=TITLE_UNAVAILABLE | title_ok=False | address_ok=False | input_title='Chilling Cinema & Homestay CN1' | maps_title='' | input_address='1236 A Dừa, Ea Kao, Đắk Lắk 63000, Việt Nam' | maps_address='\ue52e' | url='https://www.google.com/maps/place/Chilling+Cinema+&+Homestay+CN1/data=!4m7!3m6!1s0x31721d6a680a363f:0xda524545655c496a!8m2!3d12.6524834!4d108.0236649!16s/g/11wgr06mgk!19sChIJPzYKaGodcjERaklcZUVFUto?authuser=0&hl=vi&g_ep=EgoyMDI2MDkwMi4wIJJjKgBIAVAD&rclk=1'
2026-09-08 09:24:12,527 | INFO | Navigation start | attempt=1/3 | timeout=15000ms | url=https://www.google.com/maps/search/Chilling+Cinema+%26+Homestay+CN1,+1236+A+D%E1%BB%ABa,+Ea+Kao,+%C4%90%E1%BA%AFk+L%E1%BA%AFk+63000,+Vi%E1%BB%87t+Nam/@12.6731826,108.0396179,14z/data=!3m1!4b1?entry=ttu&g_ep=EgoyMDI2MDkwMi4wIKXMDSoASAFQAw%3D%3D
2026-09-08 09:24:12,710 | INFO | Navigation success | attempt=1/3 | 0.18s | url=https://www.google.com/maps/search/Chilling+Cinema+%26+Homestay+CN1,+1236+A+D%E1%BB%ABa,+Ea+Kao,+%C4%90%E1%BA%AFk+L%E1%BA%AFk+63000,+Vi%E1%BB%87t+Nam/@12.6731826,108.0396179,14z/data=!3m1!4b1?entry=ttu&g_ep=EgoyMDI2MDkwMi4wIKXMDSoASAFQAw%3D%3D
2026-09-08 09:24:13,060 | INFO | Navigation start | attempt=1/3 | timeout=15000ms | url=https://www.google.com/maps/place/Chilling+Cinema+&+Homestay+CN2/data=!4m7!3m6!1s0x31721d617121d123:0x959ee01c631e4e32!8m2!3d12.675268!4d108.0451549!16s/g/11w50jpwjd!19sChIJI9EhcWEdcjERMk4eYxzgnpU?authuser=0&hl=vi&g_ep=EgoyMDI2MDkwMi4wIJJjKgBIAVAD&rclk=1
2026-09-08 09:24:13,313 | INFO | Navigation success | attempt=1/3 | 0.25s | url=https://www.google.com/maps/place/Chilling+Cinema+&+Homestay+CN2/data=!4m7!3m6!1s0x31721d617121d123:0x959ee01c631e4e32!8m2!3d12.675268!4d108.0451549!16s/g/11w50jpwjd!19sChIJI9EhcWEdcjERMk4eYxzgnpU?authuser=0&hl=vi&g_ep=EgoyMDI2MDkwMi4wIJJjKgBIAVAD&rclk=1
2026-09-08 09:24:13,878 | INFO | VERIFY CANDIDATE | input_title='Chilling Cinema & Homestay CN1' | actual_title='' | input_address='1236 A Dừa, Ea Kao, Đắk Lắk 63000, Việt Nam' | actual_address='\ue52e' | url='https://www.google.com/maps/place/Chilling+Cinema+&+Homestay+CN2/data=!4m7!3m6!1s0x31721d617121d123:0x959ee01c631e4e32!8m2!3d12.675268!4d108.0451549!16s/g/11w50jpwjd!19sChIJI9EhcWEdcjERMk4eYxzgnpU?authuser=0&hl=vi&g_ep=EgoyMDI2MDkwMi4wIJJjKgBIAVAD&rclk=1' | coordinates=(12.675268, 108.0)
2026-09-08 09:24:13,880 | INFO | VERIFY FINAL | success=False | reason=TITLE_UNAVAILABLE | title_ok=False | address_ok=False | input_title='Chilling Cinema & Homestay CN1' | maps_title='' | input_address='1236 A Dừa, Ea Kao, Đắk Lắk 63000, Việt Nam' | maps_address='\ue52e' | url='https://www.google.com/maps/place/Chilling+Cinema+&+Homestay+CN2/data=!4m7!3m6!1s0x31721d617121d123:0x959ee01c631e4e32!8m2!3d12.675268!4d108.0451549!16s/g/11w50jpwjd!19sChIJI9EhcWEdcjERMk4eYxzgnpU?authuser=0&hl=vi&g_ep=EgoyMDI2MDkwMi4wIJJjKgBIAVAD&rclk=1'
2026-09-08 09:24:13,880 | INFO | Navigation start | attempt=1/3 | timeout=15000ms | url=https://www.google.com/maps/search/Chilling+Cinema+%26+Homestay+CN1,+1236+A+D%E1%BB%ABa,+Ea+Kao,+%C4%90%E1%BA%AFk+L%E1%BA%AFk+63000,+Vi%E1%BB%87t+Nam/@12.6731826,108.0396179,14z/data=!3m1!4b1?entry=ttu&g_ep=EgoyMDI2MDkwMi4wIKXMDSoASAFQAw%3D%3D
2026-09-08 09:24:14,041 | INFO | Navigation success | attempt=1/3 | 0.16s | url=https://www.google.com/maps/search/Chilling+Cinema+%26+Homestay+CN1,+1236+A+D%E1%BB%ABa,+Ea+Kao,+%C4%90%E1%BA%AFk+L%E1%BA%AFk+63000,+Vi%E1%BB%87t+Nam/@12.6731826,108.0396179,14z/data=!3m1!4b1?entry=ttu&g_ep=EgoyMDI2MDkwMi4wIKXMDSoASAFQAw%3D%3D
2026-09-08 09:24:14,397 | INFO | Navigation start | attempt=1/3 | timeout=15000ms | url=https://www.google.com/maps/place/Chilling+Cinema+&+Homestay+CN3+-+Y+Ngông/data=!4m7!3m6!1s0x31721d2c6e9a4047:0xbc626b0db35e4cf1!8m2!3d12.671018!4d108.0301314!16s/g/11mcph47j7!19sChIJR0CabiwdcjER8Uxesw1rYrw?authuser=0&hl=vi&g_ep=EgoyMDI2MDkwMi4wIJJjKgBIAVAD&rclk=1
2026-09-08 09:24:14,722 | INFO | Navigation success | attempt=1/3 | 0.33s | url=https://www.google.com/maps/place/Chilling+Cinema+&+Homestay+CN3+-+Y+Ngông/data=!4m7!3m6!1s0x31721d2c6e9a4047:0xbc626b0db35e4cf1!8m2!3d12.671018!4d108.0301314!16s/g/11mcph47j7!19sChIJR0CabiwdcjER8Uxesw1rYrw?authuser=0&hl=vi&g_ep=EgoyMDI2MDkwMi4wIJJjKgBIAVAD&rclk=1
2026-09-08 09:24:15,379 | INFO | VERIFY CANDIDATE | input_title='Chilling Cinema & Homestay CN1' | actual_title='' | input_address='1236 A Dừa, Ea Kao, Đắk Lắk 63000, Việt Nam' | actual_address='\ue52e' | url='https://www.google.com/maps/place/Chilling+Cinema+&+Homestay+CN3+-+Y+Ng%C3%B4ng/data=!4m7!3m6!1s0x31721d2c6e9a4047:0xbc626b0db35e4cf1!8m2!3d12.671018!4d108.0301314!16s/g/11mcph47j7!19sChIJR0CabiwdcjER8Uxesw1rYrw?authuser=0&hl=vi&g_ep=EgoyMDI2MDkwMi4wIJJjKgBIAVAD&rclk=1' | coordinates=(12.671018, 108.0)
2026-09-08 09:24:15,382 | INFO | VERIFY FINAL | success=False | reason=TITLE_UNAVAILABLE | title_ok=False | address_ok=False | input_title='Chilling Cinema & Homestay CN1' | maps_title='' | input_address='1236 A Dừa, Ea Kao, Đắk Lắk 63000, Việt Nam' | maps_address='\ue52e' | url='https://www.google.com/maps/place/Chilling+Cinema+&+Homestay+CN3+-+Y+Ng%C3%B4ng/data=!4m7!3m6!1s0x31721d2c6e9a4047:0xbc626b0db35e4cf1!8m2!3d12.671018!4d108.0301314!16s/g/11mcph47j7!19sChIJR0CabiwdcjER8Uxesw1rYrw?authuser=0&hl=vi&g_ep=EgoyMDI2MDkwMi4wIJJjKgBIAVAD&rclk=1'
2026-09-08 09:24:15,382 | INFO | Navigation start | attempt=1/3 | timeout=15000ms | url=https://www.google.com/maps/search/Chilling+Cinema+%26+Homestay+CN1,+1236+A+D%E1%BB%ABa,+Ea+Kao,+%C4%90%E1%BA%AFk+L%E1%BA%AFk+63000,+Vi%E1%BB%87t+Nam/@12.6731826,108.0396179,14z/data=!3m1!4b1?entry=ttu&g_ep=EgoyMDI2MDkwMi4wIKXMDSoASAFQAw%3D%3D
2026-09-08 09:24:15,600 | INFO | Navigation success | attempt=1/3 | 0.22s | url=https://www.google.com/maps/search/Chilling+Cinema+%26+Homestay+CN1,+1236+A+D%E1%BB%ABa,+Ea+Kao,+%C4%90%E1%BA%AFk+L%E1%BA%AFk+63000,+Vi%E1%BB%87t+Nam/@12.6731826,108.0396179,14z/data=!3m1!4b1?entry=ttu&g_ep=EgoyMDI2MDkwMi4wIKXMDSoASAFQAw%3D%3D
2026-09-08 09:24:15,984 | INFO | Navigation start | attempt=1/3 | timeout=15000ms | url=https://www.google.com/maps/place/villa+netflix+and+chill/data=!4m7!3m6!1s0x3171f74ae9f90499:0xc10f135a29375987!8m2!3d12.6938818!4d108.0555709!16s/g/11mrqdbxt6!19sChIJmQT56Ur3cTERh1k3KVoTD8E?authuser=0&hl=vi&g_ep=EgoyMDI2MDkwMi4wIJJjKgBIAVAD&rclk=1
2026-09-08 09:24:16,262 | INFO | Navigation success | attempt=1/3 | 0.28s | url=https://www.google.com/maps/place/villa+netflix+and+chill/data=!4m7!3m6!1s0x3171f74ae9f90499:0xc10f135a29375987!8m2!3d12.6938818!4d108.0555709!16s/g/11mrqdbxt6!19sChIJmQT56Ur3cTERh1k3KVoTD8E?authuser=0&hl=vi&g_ep=EgoyMDI2MDkwMi4wIJJjKgBIAVAD&rclk=1
2026-09-08 09:24:16,906 | INFO | VERIFY CANDIDATE | input_title='Chilling Cinema & Homestay CN1' | actual_title='' | input_address='1236 A Dừa, Ea Kao, Đắk Lắk 63000, Việt Nam' | actual_address='\ue52e' | url='https://www.google.com/maps/place/villa+netflix+and+chill/data=!4m7!3m6!1s0x3171f74ae9f90499:0xc10f135a29375987!8m2!3d12.6938818!4d108.0555709!16s/g/11mrqdbxt6!19sChIJmQT56Ur3cTERh1k3KVoTD8E?authuser=0&hl=vi&g_ep=EgoyMDI2MDkwMi4wIJJjKgBIAVAD&rclk=1' | coordinates=(12.6938818, 108.0)
2026-09-08 09:24:16,908 | INFO | VERIFY FINAL | success=False | reason=TITLE_UNAVAILABLE | title_ok=False | address_ok=False | input_title='Chilling Cinema & Homestay CN1' | maps_title='' | input_address='1236 A Dừa, Ea Kao, Đắk Lắk 63000, Việt Nam' | maps_address='\ue52e' | url='https://www.google.com/maps/place/villa+netflix+and+chill/data=!4m7!3m6!1s0x3171f74ae9f90499:0xc10f135a29375987!8m2!3d12.6938818!4d108.0555709!16s/g/11mrqdbxt6!19sChIJmQT56Ur3cTERh1k3KVoTD8E?authuser=0&hl=vi&g_ep=EgoyMDI2MDkwMi4wIJJjKgBIAVAD&rclk=1'
2026-09-08 09:24:16,908 | INFO | Google Maps title search variant 3/8: 1236 A Dừa, Ea Kao, Đắk Lắk 63000, Việt Nam, Chilling Cinema & Homestay CN1
2026-09-08 09:24:16,908 | INFO | Navigation start | attempt=1/3 | timeout=15000ms | url=https://www.google.com/maps/search/?api=1&query=1236%20A%20D%E1%BB%ABa%2C%20Ea%20Kao%2C%20%C4%90%E1%BA%AFk%20L%E1%BA%AFk%2063000%2C%20Vi%E1%BB%87t%20Nam%2C%20Chilling%20Cinema%20%26%20Homestay%20CN1
2026-09-08 09:24:17,105 | INFO | Navigation success | attempt=1/3 | 0.20s | url=https://www.google.com/maps/search/?api=1&query=1236%20A%20D%E1%BB%ABa%2C%20Ea%20Kao%2C%20%C4%90%E1%BA%AFk%20L%E1%BA%AFk%2063000%2C%20Vi%E1%BB%87t%20Nam%2C%20Chilling%20Cinema%20%26%20Homestay%20CN1
2026-09-08 09:24:47,124 | INFO | NO_CANDIDATES after hydration retries | mode=title | title='Chilling Cinema & Homestay CN1' | address='1236 A Dừa, Ea Kao, Đắk Lắk 63000, Việt Nam' | page_url='https://www.google.com/maps/place/Chilling+Cinema+%26+Homestay+CN1/@12.6524834,108.0236649,17z/data=!3m1!4b1!4m6!3m5!1s0x31721d6a680a363f:0xda524545655c496a!8m2!3d12.6524834!4d108.0236649!16s%2Fg%2F11wgr06mgk?entry=ttu&g_ep=EgoyMDI2MDkwMi4wIKXMDSoASAFQAw%3D%3D'
2026-09-08 09:24:47,125 | INFO | Google Maps title search variant 4/8: Chilling Cinema & Homestay CN1
2026-09-08 09:24:47,125 | INFO | Navigation start | attempt=1/3 | timeout=15000ms | url=https://www.google.com/maps/search/?api=1&query=Chilling%20Cinema%20%26%20Homestay%20CN1
2026-09-08 09:24:47,338 | INFO | Navigation success | attempt=1/3 | 0.21s | url=https://www.google.com/maps/search/?api=1&query=Chilling%20Cinema%20%26%20Homestay%20CN1
2026-09-08 09:25:20,442 | INFO | NO_CANDIDATES after hydration retries | mode=title | title='Chilling Cinema & Homestay CN1' | address='1236 A Dừa, Ea Kao, Đắk Lắk 63000, Việt Nam' | page_url='https://www.google.com/maps/place/Chilling+Cinema+%26+Homestay+CN1/@12.6524834,108.0236649,17z/data=!3m1!4b1!4m6!3m5!1s0x31721d6a680a363f:0xda524545655c496a!8m2!3d12.6524834!4d108.0236649!16s%2Fg%2F11wgr06mgk?entry=ttu&g_ep=EgoyMDI2MDkwMi4wIKXMDSoASAFQAw%3D%3D'
2026-09-08 09:25:20,443 | INFO | Google Maps address search variant 5/8: 1236 A Dừa, Ea Kao, Đắk Lắk 63000, Việt Nam
2026-09-08 09:25:20,443 | INFO | Navigation start | attempt=1/3 | timeout=15000ms | url=https://www.google.com/maps/search/?api=1&query=1236%20A%20D%E1%BB%ABa%2C%20Ea%20Kao%2C%20%C4%90%E1%BA%AFk%20L%E1%BA%AFk%2063000%2C%20Vi%E1%BB%87t%20Nam
2026-09-08 09:25:20,647 | INFO | Navigation success | attempt=1/3 | 0.20s | url=https://www.google.com/maps/search/?api=1&query=1236%20A%20D%E1%BB%ABa%2C%20Ea%20Kao%2C%20%C4%90%E1%BA%AFk%20L%E1%BA%AFk%2063000%2C%20Vi%E1%BB%87t%20Nam
2026-09-08 09:25:51,656 | INFO | NO_CANDIDATES after hydration retries | mode=address | title='Chilling Cinema & Homestay CN1' | address='1236 A Dừa, Ea Kao, Đắk Lắk 63000, Việt Nam' | page_url='https://www.google.com/maps/place/Chilling+Cinema+%26+Homestay+CN1/@12.6524834,108.0236649,17z/data=!3m1!4b1!4m6!3m5!1s0x31721d6a680a363f:0xda524545655c496a!8m2!3d12.6524834!4d108.0236649!16s%2Fg%2F11wgr06mgk?entry=ttu&g_ep=EgoyMDI2MDkwMi4wIKXMDSoASAFQAw%3D%3D'
2026-09-08 09:25:51,657 | INFO | Google Maps title search variant 6/8: Chilling Cinema & Homestay CN1, ea kao, đak lak 63000
2026-09-08 09:25:51,657 | INFO | Navigation start | attempt=1/3 | timeout=15000ms | url=https://www.google.com/maps/search/?api=1&query=Chilling%20Cinema%20%26%20Homestay%20CN1%2C%20ea%20kao%2C%20%C4%91ak%20lak%2063000
2026-09-08 09:25:51,870 | INFO | Navigation success | attempt=1/3 | 0.21s | url=https://www.google.com/maps/search/?api=1&query=Chilling%20Cinema%20%26%20Homestay%20CN1%2C%20ea%20kao%2C%20%C4%91ak%20lak%2063000
2026-09-08 09:26:25,020 | INFO | NO_CANDIDATES after hydration retries | mode=title | title='Chilling Cinema & Homestay CN1' | address='1236 A Dừa, Ea Kao, Đắk Lắk 63000, Việt Nam' | page_url='https://www.google.com/maps/place/Chilling+Cinema+%26+Homestay+CN1/@12.6524834,108.0236649,17z/data=!3m1!4b1!4m6!3m5!1s0x31721d6a680a363f:0xda524545655c496a!8m2!3d12.6524834!4d108.0236649!16s%2Fg%2F11wgr06mgk?entry=ttu&g_ep=EgoyMDI2MDkwMi4wIKXMDSoASAFQAw%3D%3D'
2026-09-08 09:26:25,020 | INFO | Google Maps title search variant 7/8: 1236 a dua, ea kao, đak lak 63000
2026-09-08 09:26:25,021 | INFO | Navigation start | attempt=1/3 | timeout=15000ms | url=https://www.google.com/maps/search/?api=1&query=1236%20a%20dua%2C%20ea%20kao%2C%20%C4%91ak%20lak%2063000
2026-09-08 09:26:25,248 | INFO | Navigation success | attempt=1/3 | 0.23s | url=https://www.google.com/maps/search/?api=1&query=1236%20a%20dua%2C%20ea%20kao%2C%20%C4%91ak%20lak%2063000
2026-09-08 09:26:56,275 | INFO | NO_CANDIDATES after hydration retries | mode=title | title='Chilling Cinema & Homestay CN1' | address='1236 A Dừa, Ea Kao, Đắk Lắk 63000, Việt Nam' | page_url='https://www.google.com/maps/place/Chilling+Cinema+%26+Homestay+CN1/@12.6524834,108.0236649,17z/data=!3m1!4b1!4m6!3m5!1s0x31721d6a680a363f:0xda524545655c496a!8m2!3d12.6524834!4d108.0236649!16s%2Fg%2F11wgr06mgk?entry=ttu&g_ep=EgoyMDI2MDkwMi4wIKXMDSoASAFQAw%3D%3D'
2026-09-08 09:26:56,276 | INFO | Google Maps title search variant 8/8: ea kao, đak lak 63000
2026-09-08 09:26:56,276 | INFO | Navigation start | attempt=1/3 | timeout=15000ms | url=https://www.google.com/maps/search/?api=1&query=ea%20kao%2C%20%C4%91ak%20lak%2063000
2026-09-08 09:26:56,455 | INFO | Navigation success | attempt=1/3 | 0.18s | url=https://www.google.com/maps/search/?api=1&query=ea%20kao%2C%20%C4%91ak%20lak%2063000
2026-09-08 09:27:27,359 | INFO | NO_CANDIDATES after hydration retries | mode=title | title='Chilling Cinema & Homestay CN1' | address='1236 A Dừa, Ea Kao, Đắk Lắk 63000, Việt Nam' | page_url='https://www.google.com/maps/place/Bu%C3%B4n+Ma+Thu%E1%BB%99t,+%C4%90%E1%BA%AFk+L%E1%BA%AFk+63000,+Vi%E1%BB%87t+Nam/@12.6515969,108.0237194,15z/data=!3m1!4b1!4m6!3m5!1s0x31721dc279aa2413:0x76f2fc9cac540f9e!8m2!3d12.6515971!4d108.0237194!16s%2Fg%2F11sfdhjws9?entry=ttu&g_ep=EgoyMDI2MDkwMi4wIKXMDSoASAFQAw%3D%3D'
2026-09-08 09:27:27,359 | WARNING | Google Maps search exhausted | reason=NOT_FOUND | title='Chilling Cinema & Homestay CN1' | address='1236 A Dừa, Ea Kao, Đắk Lắk 63000, Việt Nam'
2026-09-08 09:27:27,359 | INFO | EXCEL SEARCH RESULT | success=False | reason=NOT_FOUND | google_maps_url=None | url=None | cleaned_url=''
2026-09-08 09:27:28,676 | INFO | Existing URL check | maps_col=google_maps_url | url_col=URL | maps='' | url='' | reusable=''
2026-09-08 09:27:28,765 | WARNING | CURRENT MAPS PLACE TITLE/ADDRESS MISMATCH | input_title='Chilling Cinema & Homestay CN2' | actual_title='Đắk Lắk 63000' | input_address='26 Phạm Hồng Thái, Buôn Ma Thuột, Đắk Lắk 63000, Việt Nam' | actual_address='Đắk Lắk 63000' | url='https://www.google.com/maps/place/Bu%C3%B4n+Ma+Thu%E1%BB%99t,+%C4%90%E1%BA%AFk+L%E1%BA%AFk+63000,+Vi%E1%BB%87t+Nam/@12.6515969,108.0237194,15z/data=!3m1!4b1!4m6!3m5!1s0x31721dc279aa2413:0x76f2fc9cac540f9e!8m2!3d12.6515971!4d108.0237194!16s%2Fg%2F11sfdhjws9?entry=ttu&g_ep=EgoyMDI2MDkwMi4wIKXMDSoASAFQAw%3D%3D'
2026-09-08 09:27:28,766 | INFO | Google Maps title search variant 1/8: Chilling Cinema & Homestay CN2, 26 pham hong thai, buon ma thuot, đak lak 63000
2026-09-08 09:27:28,766 | INFO | Navigation start | attempt=1/3 | timeout=15000ms | url=https://www.google.com/maps/search/?api=1&query=Chilling%20Cinema%20%26%20Homestay%20CN2%2C%2026%20pham%20hong%20thai%2C%20buon%20ma%20thuot%2C%20%C4%91ak%20lak%2063000
2026-09-08 09:27:28,963 | INFO | Navigation success | attempt=1/3 | 0.20s | url=https://www.google.com/maps/search/?api=1&query=Chilling%20Cinema%20%26%20Homestay%20CN2%2C%2026%20pham%20hong%20thai%2C%20buon%20ma%20thuot%2C%20%C4%91ak%20lak%2063000
2026-09-08 09:28:01,046 | INFO | NO_CANDIDATES after hydration retries | mode=title | title='Chilling Cinema & Homestay CN2' | address='26 Phạm Hồng Thái, Buôn Ma Thuột, Đắk Lắk 63000, Việt Nam' | page_url='https://www.google.com/maps/place/Chilling+Cinema+%26+Homestay+CN2/@12.675268,108.0451549,17z/data=!3m1!4b1!4m6!3m5!1s0x31721d617121d123:0x959ee01c631e4e32!8m2!3d12.675268!4d108.0451549!16s%2Fg%2F11w50jpwjd?entry=ttu&g_ep=EgoyMDI2MDkwMi4wIKXMDSoASAFQAw%3D%3D'
2026-09-08 09:28:01,046 | INFO | Google Maps title search variant 2/8: Chilling Cinema & Homestay CN2, 26 Phạm Hồng Thái, Buôn Ma Thuột, Đắk Lắk 63000, Việt Nam
2026-09-08 09:28:01,046 | INFO | Navigation start | attempt=1/3 | timeout=15000ms | url=https://www.google.com/maps/search/?api=1&query=Chilling%20Cinema%20%26%20Homestay%20CN2%2C%2026%20Ph%E1%BA%A1m%20H%E1%BB%93ng%20Th%C3%A1i%2C%20Bu%C3%B4n%20Ma%20Thu%E1%BB%99t%2C%20%C4%90%E1%BA%AFk%20L%E1%BA%AFk%2063000%2C%20Vi%E1%BB%87t%20Nam
2026-09-08 09:28:01,238 | INFO | Navigation success | attempt=1/3 | 0.19s | url=https://www.google.com/maps/search/?api=1&query=Chilling%20Cinema%20%26%20Homestay%20CN2%2C%2026%20Ph%E1%BA%A1m%20H%E1%BB%93ng%20Th%C3%A1i%2C%20Bu%C3%B4n%20Ma%20Thu%E1%BB%99t%2C%20%C4%90%E1%BA%AFk%20L%E1%BA%AFk%2063000%2C%20Vi%E1%BB%87t%20Nam
2026-09-08 09:28:32,457 | INFO | NO_CANDIDATES after hydration retries | mode=title | title='Chilling Cinema & Homestay CN2' | address='26 Phạm Hồng Thái, Buôn Ma Thuột, Đắk Lắk 63000, Việt Nam' | page_url='https://www.google.com/maps/place/Chilling+Cinema+%26+Homestay+CN2/@12.675268,108.0451549,17z/data=!3m1!4b1!4m6!3m5!1s0x31721d617121d123:0x959ee01c631e4e32!8m2!3d12.675268!4d108.0451549!16s%2Fg%2F11w50jpwjd?entry=ttu&g_ep=EgoyMDI2MDkwMi4wIKXMDSoASAFQAw%3D%3D'
2026-09-08 09:28:32,458 | INFO | Google Maps title search variant 3/8: 26 Phạm Hồng Thái, Buôn Ma Thuột, Đắk Lắk 63000, Việt Nam, Chilling Cinema & Homestay CN2
2026-09-08 09:28:32,459 | INFO | Navigation start | attempt=1/3 | timeout=15000ms | url=https://www.google.com/maps/search/?api=1&query=26%20Ph%E1%BA%A1m%20H%E1%BB%93ng%20Th%C3%A1i%2C%20Bu%C3%B4n%20Ma%20Thu%E1%BB%99t%2C%20%C4%90%E1%BA%AFk%20L%E1%BA%AFk%2063000%2C%20Vi%E1%BB%87t%20Nam%2C%20Chilling%20Cinema%20%26%20Homestay%20CN2
2026-09-08 09:28:32,694 | INFO | Navigation success | attempt=1/3 | 0.24s | url=https://www.google.com/maps/search/?api=1&query=26%20Ph%E1%BA%A1m%20H%E1%BB%93ng%20Th%C3%A1i%2C%20Bu%C3%B4n%20Ma%20Thu%E1%BB%99t%2C%20%C4%90%E1%BA%AFk%20L%E1%BA%AFk%2063000%2C%20Vi%E1%BB%87t%20Nam%2C%20Chilling%20Cinema%20%26%20Homestay%20CN2
2026-09-08 09:29:03,953 | INFO | NO_CANDIDATES after hydration retries | mode=title | title='Chilling Cinema & Homestay CN2' | address='26 Phạm Hồng Thái, Buôn Ma Thuột, Đắk Lắk 63000, Việt Nam' | page_url='https://www.google.com/maps/place/Chilling+Cinema+%26+Homestay+CN2/@12.675268,108.0451549,17z/data=!3m1!4b1!4m6!3m5!1s0x31721d617121d123:0x959ee01c631e4e32!8m2!3d12.675268!4d108.0451549!16s%2Fg%2F11w50jpwjd?entry=ttu&g_ep=EgoyMDI2MDkwMi4wIKXMDSoASAFQAw%3D%3D'
2026-09-08 09:29:03,953 | INFO | Google Maps title search variant 4/8: Chilling Cinema & Homestay CN2
2026-09-08 09:29:03,953 | INFO | Navigation start | attempt=1/3 | timeout=15000ms | url=https://www.google.com/maps/search/?api=1&query=Chilling%20Cinema%20%26%20Homestay%20CN2
2026-09-08 09:29:04,203 | INFO | Navigation success | attempt=1/3 | 0.25s | url=https://www.google.com/maps/search/?api=1&query=Chilling%20Cinema%20%26%20Homestay%20CN2
2026-09-08 09:29:33,298 | INFO | NO_CANDIDATES after hydration retries | mode=title | title='Chilling Cinema & Homestay CN2' | address='26 Phạm Hồng Thái, Buôn Ma Thuột, Đắk Lắk 63000, Việt Nam' | page_url='https://www.google.com/maps/place/Chilling+Cinema+%26+Homestay+CN2/@12.675268,108.0451549,17z/data=!3m1!4b1!4m6!3m5!1s0x31721d617121d123:0x959ee01c631e4e32!8m2!3d12.675268!4d108.0451549!16s%2Fg%2F11w50jpwjd?entry=ttu&g_ep=EgoyMDI2MDkwMi4wIKXMDSoASAFQAw%3D%3D'
2026-09-08 09:29:33,299 | INFO | Google Maps address search variant 5/8: 26 Phạm Hồng Thái, Buôn Ma Thuột, Đắk Lắk 63000, Việt Nam
2026-09-08 09:29:33,300 | INFO | Navigation start | attempt=1/3 | timeout=15000ms | url=https://www.google.com/maps/search/?api=1&query=26%20Ph%E1%BA%A1m%20H%E1%BB%93ng%20Th%C3%A1i%2C%20Bu%C3%B4n%20Ma%20Thu%E1%BB%99t%2C%20%C4%90%E1%BA%AFk%20L%E1%BA%AFk%2063000%2C%20Vi%E1%BB%87t%20Nam
2026-09-08 09:29:33,615 | INFO | Navigation success | attempt=1/3 | 0.32s | url=https://www.google.com/maps/search/?api=1&query=26%20Ph%E1%BA%A1m%20H%E1%BB%93ng%20Th%C3%A1i%2C%20Bu%C3%B4n%20Ma%20Thu%E1%BB%99t%2C%20%C4%90%E1%BA%AFk%20L%E1%BA%AFk%2063000%2C%20Vi%E1%BB%87t%20Nam
2026-09-08 09:30:07,688 | INFO | NO_CANDIDATES after hydration retries | mode=address | title='Chilling Cinema & Homestay CN2' | address='26 Phạm Hồng Thái, Buôn Ma Thuột, Đắk Lắk 63000, Việt Nam' | page_url='https://www.google.com/maps/place/26+Ph%E1%BA%A1m+H%E1%BB%93ng+Th%C3%A1i,+Bu%C3%B4n+Ma+Thu%E1%BB%99t,+%C4%90%E1%BA%AFk+L%E1%BA%AFk+63000,+Vi%E1%BB%87t+Nam/@12.675268,108.0451549,17z/data=!3m1!4b1!4m6!3m5!1s0x31721d80dfdf6ea1:0x1ad73a6f2f0127bd!8m2!3d12.675268!4d108.0451549!16s%2Fg%2F11qbsg4drw?entry=ttu&g_ep=EgoyMDI2MDkwMi4wIKXMDSoASAFQAw%3D%3D'
2026-09-08 09:30:07,688 | INFO | Google Maps title search variant 6/8: Chilling Cinema & Homestay CN2, buon ma thuot, đak lak 63000
2026-09-08 09:30:07,688 | INFO | Navigation start | attempt=1/3 | timeout=15000ms | url=https://www.google.com/maps/search/?api=1&query=Chilling%20Cinema%20%26%20Homestay%20CN2%2C%20buon%20ma%20thuot%2C%20%C4%91ak%20lak%2063000
2026-09-08 09:30:07,875 | INFO | Navigation success | attempt=1/3 | 0.19s | url=https://www.google.com/maps/search/?api=1&query=Chilling%20Cinema%20%26%20Homestay%20CN2%2C%20buon%20ma%20thuot%2C%20%C4%91ak%20lak%2063000
2026-09-08 09:30:38,026 | INFO | NO_CANDIDATES after hydration retries | mode=title | title='Chilling Cinema & Homestay CN2' | address='26 Phạm Hồng Thái, Buôn Ma Thuột, Đắk Lắk 63000, Việt Nam' | page_url='https://www.google.com/maps/place/Chilling+Cinema+%26+Homestay+CN2/@12.675268,108.0451549,17z/data=!3m1!4b1!4m6!3m5!1s0x31721d617121d123:0x959ee01c631e4e32!8m2!3d12.675268!4d108.0451549!16s%2Fg%2F11w50jpwjd?entry=ttu&g_ep=EgoyMDI2MDkwMi4wIKXMDSoASAFQAw%3D%3D'
2026-09-08 09:30:38,026 | INFO | Google Maps title search variant 7/8: 26 pham hong thai, buon ma thuot, đak lak 63000
2026-09-08 09:30:38,027 | INFO | Navigation start | attempt=1/3 | timeout=15000ms | url=https://www.google.com/maps/search/?api=1&query=26%20pham%20hong%20thai%2C%20buon%20ma%20thuot%2C%20%C4%91ak%20lak%2063000
2026-09-08 09:30:38,233 | INFO | Navigation success | attempt=1/3 | 0.21s | url=https://www.google.com/maps/search/?api=1&query=26%20pham%20hong%20thai%2C%20buon%20ma%20thuot%2C%20%C4%91ak%20lak%2063000
2026-09-08 09:31:10,200 | INFO | NO_CANDIDATES after hydration retries | mode=title | title='Chilling Cinema & Homestay CN2' | address='26 Phạm Hồng Thái, Buôn Ma Thuột, Đắk Lắk 63000, Việt Nam' | page_url='https://www.google.com/maps/place/26+Ph%E1%BA%A1m+H%E1%BB%93ng+Th%C3%A1i,+Bu%C3%B4n+Ma+Thu%E1%BB%99t,+%C4%90%E1%BA%AFk+L%E1%BA%AFk+63000,+Vi%E1%BB%87t+Nam/@12.675268,108.0451549,17z/data=!3m1!4b1!4m6!3m5!1s0x31721d80dfdf6ea1:0x1ad73a6f2f0127bd!8m2!3d12.675268!4d108.0451549!16s%2Fg%2F11qbsg4drw?entry=ttu&g_ep=EgoyMDI2MDkwMi4wIKXMDSoASAFQAw%3D%3D'
2026-09-08 09:31:10,213 | INFO | Google Maps title search variant 8/8: buon ma thuot, đak lak 63000
2026-09-08 09:31:10,213 | INFO | Navigation start | attempt=1/3 | timeout=15000ms | url=https://www.google.com/maps/search/?api=1&query=buon%20ma%20thuot%2C%20%C4%91ak%20lak%2063000
2026-09-08 09:31:10,482 | INFO | Navigation success | attempt=1/3 | 0.27s | url=https://www.google.com/maps/search/?api=1&query=buon%20ma%20thuot%2C%20%C4%91ak%20lak%2063000
2026-09-08 09:31:42,536 | INFO | NO_CANDIDATES after hydration retries | mode=title | title='Chilling Cinema & Homestay CN2' | address='26 Phạm Hồng Thái, Buôn Ma Thuột, Đắk Lắk 63000, Việt Nam' | page_url='https://www.google.com/maps/place/Bu%C3%B4n+Ma+Thu%E1%BB%99t,+%C4%90%E1%BA%AFk+L%E1%BA%AFk+63000,+Vi%E1%BB%87t+Nam/@12.6515969,108.0237194,15z/data=!3m1!4b1!4m6!3m5!1s0x31721dc279aa2413:0x76f2fc9cac540f9e!8m2!3d12.6515971!4d108.0237194!16s%2Fg%2F11sfdhjws9?entry=ttu&g_ep=EgoyMDI2MDkwMi4wIKXMDSoASAFQAw%3D%3D'
2026-09-08 09:31:42,537 | WARNING | Google Maps search exhausted | reason=NOT_FOUND | title='Chilling Cinema & Homestay CN2' | address='26 Phạm Hồng Thái, Buôn Ma Thuột, Đắk Lắk 63000, Việt Nam'
2026-09-08 09:31:42,538 | INFO | EXCEL SEARCH RESULT | success=False | reason=NOT_FOUND | google_maps_url=None | url=None | cleaned_url=''
2026-09-08 09:31:44,291 | INFO | Existing URL check | maps_col=google_maps_url | url_col=URL | maps='' | url='' | reusable=''
2026-09-08 09:31:44,427 | WARNING | CURRENT MAPS PLACE TITLE/ADDRESS MISMATCH | input_title='Chilling Cinema & Homestay CN3 - Y Ngông' | actual_title='Đắk Lắk 63000' | input_address='15135 Y Ngông, Buôn Ma Thuột, Đắk Lắk 63000, Việt Nam' | actual_address='Đắk Lắk 63000' | url='https://www.google.com/maps/place/Bu%C3%B4n+Ma+Thu%E1%BB%99t,+%C4%90%E1%BA%AFk+L%E1%BA%AFk+63000,+Vi%E1%BB%87t+Nam/@12.6515969,108.0237194,15z/data=!3m1!4b1!4m6!3m5!1s0x31721dc279aa2413:0x76f2fc9cac540f9e!8m2!3d12.6515971!4d108.0237194!16s%2Fg%2F11sfdhjws9?entry=ttu&g_ep=EgoyMDI2MDkwMi4wIKXMDSoASAFQAw%3D%3D'
2026-09-08 09:31:44,433 | INFO | Google Maps title search variant 1/8: Chilling Cinema & Homestay CN3 - Y Ngông, 15135 y ngong, buon ma thuot, đak lak 63000
2026-09-08 09:31:44,434 | INFO | Navigation start | attempt=1/3 | timeout=15000ms | url=https://www.google.com/maps/search/?api=1&query=Chilling%20Cinema%20%26%20Homestay%20CN3%20-%20Y%20Ng%C3%B4ng%2C%2015135%20y%20ngong%2C%20buon%20ma%20thuot%2C%20%C4%91ak%20lak%2063000
2026-09-08 09:31:44,671 | INFO | Navigation success | attempt=1/3 | 0.24s | url=https://www.google.com/maps/search/?api=1&query=Chilling%20Cinema%20%26%20Homestay%20CN3%20-%20Y%20Ng%C3%B4ng%2C%2015135%20y%20ngong%2C%20buon%20ma%20thuot%2C%20%C4%91ak%20lak%2063000
2026-09-08 09:32:19,578 | INFO | NO_CANDIDATES after hydration retries | mode=title | title='Chilling Cinema & Homestay CN3 - Y Ngông' | address='15135 Y Ngông, Buôn Ma Thuột, Đắk Lắk 63000, Việt Nam' | page_url='https://www.google.com/maps/place/Chilling+Cinema+%26+Homestay+CN3+-+Y+Ng%C3%B4ng/@12.671018,108.0301314,17z/data=!3m1!4b1!4m6!3m5!1s0x31721d2c6e9a4047:0xbc626b0db35e4cf1!8m2!3d12.671018!4d108.0301314!16s%2Fg%2F11mcph47j7?entry=ttu&g_ep=EgoyMDI2MDkwMi4wIKXMDSoASAFQAw%3D%3D'
2026-09-08 09:32:19,579 | INFO | Google Maps title search variant 2/8: Chilling Cinema & Homestay CN3 - Y Ngông, 15135 Y Ngông, Buôn Ma Thuột, Đắk Lắk 63000, Việt Nam
2026-09-08 09:32:19,579 | INFO | Navigation start | attempt=1/3 | timeout=15000ms | url=https://www.google.com/maps/search/?api=1&query=Chilling%20Cinema%20%26%20Homestay%20CN3%20-%20Y%20Ng%C3%B4ng%2C%2015135%20Y%20Ng%C3%B4ng%2C%20Bu%C3%B4n%20Ma%20Thu%E1%BB%99t%2C%20%C4%90%E1%BA%AFk%20L%E1%BA%AFk%2063000%2C%20Vi%E1%BB%87t%20Nam
2026-09-08 09:32:19,802 | INFO | Navigation success | attempt=1/3 | 0.22s | url=https://www.google.com/maps/search/?api=1&query=Chilling%20Cinema%20%26%20Homestay%20CN3%20-%20Y%20Ng%C3%B4ng%2C%2015135%20Y%20Ng%C3%B4ng%2C%20Bu%C3%B4n%20Ma%20Thu%E1%BB%99t%2C%20%C4%90%E1%BA%AFk%20L%E1%BA%AFk%2063000%2C%20Vi%E1%BB%87t%20Nam
2026-09-08 09:32:30,061 | INFO | Navigation start | attempt=1/3 | timeout=15000ms | url=https://www.google.com/maps/place/Chilling+Cinema+&+Homestay+CN3+-+Y+Ngông/data=!4m7!3m6!1s0x31721d2c6e9a4047:0xbc626b0db35e4cf1!8m2!3d12.671018!4d108.0301314!16s/g/11mcph47j7!19sChIJR0CabiwdcjER8Uxesw1rYrw?authuser=0&hl=vi&g_ep=EgoyMDI2MDkwMi4wIJJjKgBIAVAD&rclk=1
2026-09-08 09:32:30,242 | INFO | Navigation success | attempt=1/3 | 0.18s | url=https://www.google.com/maps/place/Chilling+Cinema+&+Homestay+CN3+-+Y+Ngông/data=!4m7!3m6!1s0x31721d2c6e9a4047:0xbc626b0db35e4cf1!8m2!3d12.671018!4d108.0301314!16s/g/11mcph47j7!19sChIJR0CabiwdcjER8Uxesw1rYrw?authuser=0&hl=vi&g_ep=EgoyMDI2MDkwMi4wIJJjKgBIAVAD&rclk=1
2026-09-08 09:32:30,944 | INFO | VERIFY CANDIDATE | input_title='Chilling Cinema & Homestay CN3 - Y Ngông' | actual_title='' | input_address='15135 Y Ngông, Buôn Ma Thuột, Đắk Lắk 63000, Việt Nam' | actual_address='\ue52e' | url='https://www.google.com/maps/place/Chilling+Cinema+&+Homestay+CN3+-+Y+Ng%C3%B4ng/data=!4m7!3m6!1s0x31721d2c6e9a4047:0xbc626b0db35e4cf1!8m2!3d12.671018!4d108.0301314!16s/g/11mcph47j7!19sChIJR0CabiwdcjER8Uxesw1rYrw?authuser=0&hl=vi&g_ep=EgoyMDI2MDkwMi4wIJJjKgBIAVAD&rclk=1' | coordinates=(12.671018, 108.0)
2026-09-08 09:32:30,946 | INFO | VERIFY FINAL | success=False | reason=TITLE_UNAVAILABLE | title_ok=False | address_ok=False | input_title='Chilling Cinema & Homestay CN3 - Y Ngông' | maps_title='' | input_address='15135 Y Ngông, Buôn Ma Thuột, Đắk Lắk 63000, Việt Nam' | maps_address='\ue52e' | url='https://www.google.com/maps/place/Chilling+Cinema+&+Homestay+CN3+-+Y+Ng%C3%B4ng/data=!4m7!3m6!1s0x31721d2c6e9a4047:0xbc626b0db35e4cf1!8m2!3d12.671018!4d108.0301314!16s/g/11mcph47j7!19sChIJR0CabiwdcjER8Uxesw1rYrw?authuser=0&hl=vi&g_ep=EgoyMDI2MDkwMi4wIJJjKgBIAVAD&rclk=1'
2026-09-08 09:32:30,946 | INFO | Navigation start | attempt=1/3 | timeout=15000ms | url=https://www.google.com/maps/search/Chilling+Cinema+%26+Homestay+CN3+-+Y+Ng%C3%B4ng,+15135+Y+Ng%C3%B4ng,+Bu%C3%B4n+Ma+Thu%E1%BB%99t,+%C4%90%E1%BA%AFk+L%E1%BA%AFk+63000,+Vi%E1%BB%87t+Nam/@12.6638757,108.0344099,15z/data=!3m1!4b1?entry=ttu&g_ep=EgoyMDI2MDkwMi4wIKXMDSoASAFQAw%3D%3D
2026-09-08 09:32:31,126 | INFO | Navigation success | attempt=1/3 | 0.18s | url=https://www.google.com/maps/search/Chilling+Cinema+%26+Homestay+CN3+-+Y+Ng%C3%B4ng,+15135+Y+Ng%C3%B4ng,+Bu%C3%B4n+Ma+Thu%E1%BB%99t,+%C4%90%E1%BA%AFk+L%E1%BA%AFk+63000,+Vi%E1%BB%87t+Nam/@12.6638757,108.0344099,15z/data=!3m1!4b1?entry=ttu&g_ep=EgoyMDI2MDkwMi4wIKXMDSoASAFQAw%3D%3D
2026-09-08 09:32:31,486 | INFO | Navigation start | attempt=1/3 | timeout=15000ms | url=https://www.google.com/maps/place/Chilling+Cinema+&+Homestay+CN2/data=!4m7!3m6!1s0x31721d617121d123:0x959ee01c631e4e32!8m2!3d12.675268!4d108.0451549!16s/g/11w50jpwjd!19sChIJI9EhcWEdcjERMk4eYxzgnpU?authuser=0&hl=vi&g_ep=EgoyMDI2MDkwMi4wIJJjKgBIAVAD&rclk=1
2026-09-08 09:32:31,676 | INFO | Navigation success | attempt=1/3 | 0.19s | url=https://www.google.com/maps/place/Chilling+Cinema+&+Homestay+CN2/data=!4m7!3m6!1s0x31721d617121d123:0x959ee01c631e4e32!8m2!3d12.675268!4d108.0451549!16s/g/11w50jpwjd!19sChIJI9EhcWEdcjERMk4eYxzgnpU?authuser=0&hl=vi&g_ep=EgoyMDI2MDkwMi4wIJJjKgBIAVAD&rclk=1
2026-09-08 09:32:32,484 | INFO | VERIFY CANDIDATE | input_title='Chilling Cinema & Homestay CN3 - Y Ngông' | actual_title='' | input_address='15135 Y Ngông, Buôn Ma Thuột, Đắk Lắk 63000, Việt Nam' | actual_address='\ue52e' | url='https://www.google.com/maps/place/Chilling+Cinema+&+Homestay+CN2/data=!4m7!3m6!1s0x31721d617121d123:0x959ee01c631e4e32!8m2!3d12.675268!4d108.0451549!16s/g/11w50jpwjd!19sChIJI9EhcWEdcjERMk4eYxzgnpU?authuser=0&hl=vi&g_ep=EgoyMDI2MDkwMi4wIJJjKgBIAVAD&rclk=1' | coordinates=(12.675268, 108.0)
2026-09-08 09:32:32,486 | INFO | VERIFY FINAL | success=False | reason=TITLE_UNAVAILABLE | title_ok=False | address_ok=False | input_title='Chilling Cinema & Homestay CN3 - Y Ngông' | maps_title='' | input_address='15135 Y Ngông, Buôn Ma Thuột, Đắk Lắk 63000, Việt Nam' | maps_address='\ue52e' | url='https://www.google.com/maps/place/Chilling+Cinema+&+Homestay+CN2/data=!4m7!3m6!1s0x31721d617121d123:0x959ee01c631e4e32!8m2!3d12.675268!4d108.0451549!16s/g/11w50jpwjd!19sChIJI9EhcWEdcjERMk4eYxzgnpU?authuser=0&hl=vi&g_ep=EgoyMDI2MDkwMi4wIJJjKgBIAVAD&rclk=1'
2026-09-08 09:32:32,487 | INFO | Navigation start | attempt=1/3 | timeout=15000ms | url=https://www.google.com/maps/search/Chilling+Cinema+%26+Homestay+CN3+-+Y+Ng%C3%B4ng,+15135+Y+Ng%C3%B4ng,+Bu%C3%B4n+Ma+Thu%E1%BB%99t,+%C4%90%E1%BA%AFk+L%E1%BA%AFk+63000,+Vi%E1%BB%87t+Nam/@12.6638757,108.0344099,15z/data=!3m1!4b1?entry=ttu&g_ep=EgoyMDI2MDkwMi4wIKXMDSoASAFQAw%3D%3D
2026-09-08 09:32:32,701 | INFO | Navigation success | attempt=1/3 | 0.21s | url=https://www.google.com/maps/search/Chilling+Cinema+%26+Homestay+CN3+-+Y+Ng%C3%B4ng,+15135+Y+Ng%C3%B4ng,+Bu%C3%B4n+Ma+Thu%E1%BB%99t,+%C4%90%E1%BA%AFk+L%E1%BA%AFk+63000,+Vi%E1%BB%87t+Nam/@12.6638757,108.0344099,15z/data=!3m1!4b1?entry=ttu&g_ep=EgoyMDI2MDkwMi4wIKXMDSoASAFQAw%3D%3D
2026-09-08 09:32:33,052 | INFO | Navigation start | attempt=1/3 | timeout=15000ms | url=https://www.google.com/maps/place/Chilling+Cinema+&+Homestay+CN1/data=!4m7!3m6!1s0x31721d6a680a363f:0xda524545655c496a!8m2!3d12.6524834!4d108.0236649!16s/g/11wgr06mgk!19sChIJPzYKaGodcjERaklcZUVFUto?authuser=0&hl=vi&g_ep=EgoyMDI2MDkwMi4wIJJjKgBIAVAD&rclk=1
2026-09-08 09:32:33,324 | INFO | Navigation success | attempt=1/3 | 0.27s | url=https://www.google.com/maps/place/Chilling+Cinema+&+Homestay+CN1/data=!4m7!3m6!1s0x31721d6a680a363f:0xda524545655c496a!8m2!3d12.6524834!4d108.0236649!16s/g/11wgr06mgk!19sChIJPzYKaGodcjERaklcZUVFUto?authuser=0&hl=vi&g_ep=EgoyMDI2MDkwMi4wIJJjKgBIAVAD&rclk=1
2026-09-08 09:32:34,045 | INFO | VERIFY CANDIDATE | input_title='Chilling Cinema & Homestay CN3 - Y Ngông' | actual_title='' | input_address='15135 Y Ngông, Buôn Ma Thuột, Đắk Lắk 63000, Việt Nam' | actual_address='\ue52e' | url='https://www.google.com/maps/place/Chilling+Cinema+&+Homestay+CN1/data=!4m7!3m6!1s0x31721d6a680a363f:0xda524545655c496a!8m2!3d12.6524834!4d108.0236649!16s/g/11wgr06mgk!19sChIJPzYKaGodcjERaklcZUVFUto?authuser=0&hl=vi&g_ep=EgoyMDI2MDkwMi4wIJJjKgBIAVAD&rclk=1' | coordinates=(12.6524834, 108.0)
2026-09-08 09:32:34,048 | INFO | VERIFY FINAL | success=False | reason=TITLE_UNAVAILABLE | title_ok=False | address_ok=False | input_title='Chilling Cinema & Homestay CN3 - Y Ngông' | maps_title='' | input_address='15135 Y Ngông, Buôn Ma Thuột, Đắk Lắk 63000, Việt Nam' | maps_address='\ue52e' | url='https://www.google.com/maps/place/Chilling+Cinema+&+Homestay+CN1/data=!4m7!3m6!1s0x31721d6a680a363f:0xda524545655c496a!8m2!3d12.6524834!4d108.0236649!16s/g/11wgr06mgk!19sChIJPzYKaGodcjERaklcZUVFUto?authuser=0&hl=vi&g_ep=EgoyMDI2MDkwMi4wIJJjKgBIAVAD&rclk=1'
2026-09-08 09:32:34,049 | INFO | Google Maps title search variant 3/8: 15135 Y Ngông, Buôn Ma Thuột, Đắk Lắk 63000, Việt Nam, Chilling Cinema & Homestay CN3 - Y Ngông
2026-09-08 09:32:34,049 | INFO | Navigation start | attempt=1/3 | timeout=15000ms | url=https://www.google.com/maps/search/?api=1&query=15135%20Y%20Ng%C3%B4ng%2C%20Bu%C3%B4n%20Ma%20Thu%E1%BB%99t%2C%20%C4%90%E1%BA%AFk%20L%E1%BA%AFk%2063000%2C%20Vi%E1%BB%87t%20Nam%2C%20Chilling%20Cinema%20%26%20Homestay%20CN3%20-%20Y%20Ng%C3%B4ng
2026-09-08 09:32:34,234 | INFO | Navigation success | attempt=1/3 | 0.19s | url=https://www.google.com/maps/search/?api=1&query=15135%20Y%20Ng%C3%B4ng%2C%20Bu%C3%B4n%20Ma%20Thu%E1%BB%99t%2C%20%C4%90%E1%BA%AFk%20L%E1%BA%AFk%2063000%2C%20Vi%E1%BB%87t%20Nam%2C%20Chilling%20Cinema%20%26%20Homestay%20CN3%20-%20Y%20Ng%C3%B4ng
2026-09-08 09:33:05,507 | INFO | NO_CANDIDATES after hydration retries | mode=title | title='Chilling Cinema & Homestay CN3 - Y Ngông' | address='15135 Y Ngông, Buôn Ma Thuột, Đắk Lắk 63000, Việt Nam' | page_url='https://www.google.com/maps/place/Chilling+Cinema+%26+Homestay+CN3+-+Y+Ng%C3%B4ng/@12.671018,108.0301314,17z/data=!3m1!4b1!4m6!3m5!1s0x31721d2c6e9a4047:0xbc626b0db35e4cf1!8m2!3d12.671018!4d108.0301314!16s%2Fg%2F11mcph47j7?entry=ttu&g_ep=EgoyMDI2MDkwMi4wIKXMDSoASAFQAw%3D%3D'
2026-09-08 09:33:05,507 | INFO | Google Maps title search variant 4/8: Chilling Cinema & Homestay CN3 - Y Ngông
2026-09-08 09:33:05,508 | INFO | Navigation start | attempt=1/3 | timeout=15000ms | url=https://www.google.com/maps/search/?api=1&query=Chilling%20Cinema%20%26%20Homestay%20CN3%20-%20Y%20Ng%C3%B4ng
2026-09-08 09:33:05,719 | INFO | Navigation success | attempt=1/3 | 0.21s | url=https://www.google.com/maps/search/?api=1&query=Chilling%20Cinema%20%26%20Homestay%20CN3%20-%20Y%20Ng%C3%B4ng
2026-09-08 09:33:37,815 | INFO | NO_CANDIDATES after hydration retries | mode=title | title='Chilling Cinema & Homestay CN3 - Y Ngông' | address='15135 Y Ngông, Buôn Ma Thuột, Đắk Lắk 63000, Việt Nam' | page_url='https://www.google.com/maps/place/Chilling+Cinema+%26+Homestay+CN3+-+Y+Ng%C3%B4ng/@12.671018,108.0301314,17z/data=!3m1!4b1!4m6!3m5!1s0x31721d2c6e9a4047:0xbc626b0db35e4cf1!8m2!3d12.671018!4d108.0301314!16s%2Fg%2F11mcph47j7?entry=ttu&g_ep=EgoyMDI2MDkwMi4wIKXMDSoASAFQAw%3D%3D'
2026-09-08 09:33:37,816 | INFO | Google Maps address search variant 5/8: 15135 Y Ngông, Buôn Ma Thuột, Đắk Lắk 63000, Việt Nam
2026-09-08 09:33:37,816 | INFO | Navigation start | attempt=1/3 | timeout=15000ms | url=https://www.google.com/maps/search/?api=1&query=15135%20Y%20Ng%C3%B4ng%2C%20Bu%C3%B4n%20Ma%20Thu%E1%BB%99t%2C%20%C4%90%E1%BA%AFk%20L%E1%BA%AFk%2063000%2C%20Vi%E1%BB%87t%20Nam
2026-09-08 09:33:38,012 | INFO | Navigation success | attempt=1/3 | 0.20s | url=https://www.google.com/maps/search/?api=1&query=15135%20Y%20Ng%C3%B4ng%2C%20Bu%C3%B4n%20Ma%20Thu%E1%BB%99t%2C%20%C4%90%E1%BA%AFk%20L%E1%BA%AFk%2063000%2C%20Vi%E1%BB%87t%20Nam
2026-09-08 09:34:09,966 | INFO | NO_CANDIDATES after hydration retries | mode=address | title='Chilling Cinema & Homestay CN3 - Y Ngông' | address='15135 Y Ngông, Buôn Ma Thuột, Đắk Lắk 63000, Việt Nam' | page_url='https://www.google.com/maps/place/151%2F35+Y+Ng%C3%B4ng,+Bu%C3%B4n+Ma+Thu%E1%BB%99t,+%C4%90%E1%BA%AFk+L%E1%BA%AFk+630000,+Vi%E1%BB%87t+Nam/@12.6720839,108.0299882,17z/data=!3m1!4b1!4m6!3m5!1s0x31721d99802b57ad:0xda47602c6cffbcd6!8m2!3d12.6720839!4d108.0299882!16s%2Fg%2F11vywjtct5?entry=ttu&g_ep=EgoyMDI2MDkwMi4wIKXMDSoASAFQAw%3D%3D'
2026-09-08 09:34:09,966 | INFO | Google Maps title search variant 6/8: Chilling Cinema & Homestay CN3 - Y Ngông, buon ma thuot, đak lak 63000
2026-09-08 09:34:09,967 | INFO | Navigation start | attempt=1/3 | timeout=15000ms | url=https://www.google.com/maps/search/?api=1&query=Chilling%20Cinema%20%26%20Homestay%20CN3%20-%20Y%20Ng%C3%B4ng%2C%20buon%20ma%20thuot%2C%20%C4%91ak%20lak%2063000
2026-09-08 09:34:10,159 | INFO | Navigation success | attempt=1/3 | 0.19s | url=https://www.google.com/maps/search/?api=1&query=Chilling%20Cinema%20%26%20Homestay%20CN3%20-%20Y%20Ng%C3%B4ng%2C%20buon%20ma%20thuot%2C%20%C4%91ak%20lak%2063000
2026-09-08 09:34:40,238 | INFO | NO_CANDIDATES after hydration retries | mode=title | title='Chilling Cinema & Homestay CN3 - Y Ngông' | address='15135 Y Ngông, Buôn Ma Thuột, Đắk Lắk 63000, Việt Nam' | page_url='https://www.google.com/maps/place/Chilling+Cinema+%26+Homestay+CN3+-+Y+Ng%C3%B4ng/@12.671018,108.0301314,17z/data=!3m1!4b1!4m6!3m5!1s0x31721d2c6e9a4047:0xbc626b0db35e4cf1!8m2!3d12.671018!4d108.0301314!16s%2Fg%2F11mcph47j7?entry=ttu&g_ep=EgoyMDI2MDkwMi4wIKXMDSoASAFQAw%3D%3D'
2026-09-08 09:34:40,238 | INFO | Google Maps title search variant 7/8: 15135 y ngong, buon ma thuot, đak lak 63000
2026-09-08 09:34:40,239 | INFO | Navigation start | attempt=1/3 | timeout=15000ms | url=https://www.google.com/maps/search/?api=1&query=15135%20y%20ngong%2C%20buon%20ma%20thuot%2C%20%C4%91ak%20lak%2063000
2026-09-08 09:34:40,521 | INFO | Navigation success | attempt=1/3 | 0.28s | url=https://www.google.com/maps/search/?api=1&query=15135%20y%20ngong%2C%20buon%20ma%20thuot%2C%20%C4%91ak%20lak%2063000
