2026-09-07 15:49:56,310 | INFO | JSON lookup loaded: 0 Maps URLs
2026-09-07 15:49:59,369 | INFO | Existing URL check | maps_col=google_maps_url | url_col=URL | maps='' | url='' | reusable=''
2026-09-07 15:49:59,436 | INFO | ADDRESS PHASE FAILED -> TITLE FALLBACK | Ti Ni Homestay, Double Room | 
2026-09-07 15:49:59,463 | INFO | Google Maps TITLE fallback 1/2: Ti Ni Homestay, Double Room
2026-09-07 15:50:07,482 | INFO | DIRECT PLACE DETECTED DURING HYDRATION | attempt=1/7 | mode=title | title='Ti Ni Homestay, Double Room' | url='https://www.google.com/maps/place/Kh%C3%A1ch+s%E1%BA%A1n+T%C3%8D+N%E1%BB%8A/@11.3035547,106.1192586,17z/data=!3m1!4b1!4m9!3m8!1s0x310b6bd59ba63521:0xb7749a55c0953b43!5m2!4m1!1i2!8m2!3d11.3035547!4d106.1192586!16s%2Fg%2F11hfj7vb0v?entry=ttu&g_ep=EgoyMDI2MDkwMi4wIKXMDSoASAFQAw%3D%3D'
2026-09-07 15:50:08,459 | INFO | VERIFY TITLE | input_title='Ti Ni Homestay, Double Room' | actual_title='Khách sạn TÍ NỊ' | input_address='' | actual_address='' | title_score=0.244 | address_score=0.000 | location_score=0.000 | exact_identity=False | input_has_address=False | success=False | reason=TITLE_MISMATCH | url='https://www.google.com/maps/place/Kh%C3%A1ch+s%E1%BA%A1n+T%C3%8D+N%E1%BB%8A/@11.3035547,106.1192586,17z/data=!3m1!4b1!4m9!3m8!1s0x310b6bd59ba63521:0xb7749a55c0953b43!5m2!4m1!1i2!8m2!3d11.3035547!4d106.1192586!16s%2Fg%2F11hfj7vb0v?entry=ttu&g_ep=EgoyMDI2MDkwMi4wIKXMDSoASAFQAw%3D%3D'
2026-09-07 15:50:08,460 | INFO | Google Maps TITLE fallback 2/2: "Ti Ni Homestay, Double Room"
2026-09-07 15:50:13,453 | WARNING | Google Maps NOT_VERIFIED after ADDRESS + TITLE fallback | title='Ti Ni Homestay, Double Room' | address='' | detail_reason=TITLE_MISMATCH
2026-09-07 15:50:13,453 | INFO | EXCEL SEARCH RESULT | success=False | status=MISSING | reason=NOT_VERIFIED | detail_reason=TITLE_MISMATCH | google_maps_url=None | url=None | cleaned_url=''
2026-09-07 15:50:14,710 | INFO | Existing URL check | maps_col=google_maps_url | url_col=URL | maps='' | url='' | reusable=''
2026-09-07 15:50:14,710 | INFO | Google Maps ADDRESS search 1/3: Lodge, Vàm Cỏ Hotel
2026-09-07 15:50:19,475 | INFO | DIRECT PLACE DETECTED DURING HYDRATION | attempt=4/4 | mode=address | title='Vàm Cỏ Hotel' | url='https://www.google.com/maps/place/V%C3%A0m+C%E1%BB%8F+Hotel/@10.4827045,106.6289502,17z/data=!3m1!4b1!4m6!3m5!1s0x3175497e00c44807:0x4bde79691b0761f2!8m2!3d10.4827045!4d106.6289502!16s%2Fg%2F11bwh5b54p?entry=ttu&g_ep=EgoyMDI2MDkwMi4wIKXMDSoASAFQAw%3D%3D'
2026-09-07 15:50:21,290 | INFO | VERIFY ADDRESS | input_title='Vàm Cỏ Hotel' | actual_title='Vàm Cỏ Hotel' | input_address='Lodge' | actual_address='FJMH+3HP, QL50, Khu Dân Cư Phước Đông, Tân Lân, Tây Ninh, Việt Nam' | title_score=1.000 | address_score=0.000 | location_score=0.000 | exact_identity=True | input_has_address=True | success=False | reason=PROVINCE_MISMATCH | url='https://www.google.com/maps/place/V%C3%A0m+C%E1%BB%8F+Hotel/@10.4827045,106.6289502,17z/data=!3m1!4b1!4m6!3m5!1s0x3175497e00c44807:0x4bde79691b0761f2!8m2!3d10.4827045!4d106.6289502!16s%2Fg%2F11bwh5b54p?entry=ttu&g_ep=EgoyMDI2MDkwMi4wIKXMDSoASAFQAw%3D%3D'
2026-09-07 15:50:21,290 | INFO | Google Maps ADDRESS search 2/3: Vàm Cỏ Hotel, Lodge
2026-09-07 15:50:27,041 | INFO | VERIFY ADDRESS | input_title='Vàm Cỏ Hotel' | actual_title='Vàm Cỏ Hotel' | input_address='Lodge' | actual_address='' | title_score=1.000 | address_score=0.000 | location_score=0.000 | exact_identity=True | input_has_address=True | success=False | reason=ADDRESS_UNAVAILABLE | url='https://www.google.com/maps/place/V%C3%A0m+C%E1%BB%8F+Hotel/data=!4m7!3m6!1s0x3175497e00c44807:0x4bde79691b0761f2!8m2!3d10.4827045!4d106.6289502!16s/g/11bwh5b54p!19sChIJB0jEAH5JdTER8mEHG2l53ks?authuser=0&hl=vi&g_ep=EgoyMDI2MDkwMi4wIJJjKgBIAVAD&rclk=1'
2026-09-07 15:50:28,977 | INFO | VERIFY ADDRESS | input_title='Vàm Cỏ Hotel' | actual_title='Hotel Vàm Cỏ' | input_address='Lodge' | actual_address='' | title_score=0.500 | address_score=0.000 | location_score=0.000 | exact_identity=False | input_has_address=True | success=False | reason=ADDRESS_TITLE_MISMATCH | url='https://www.google.com/maps/place/Hotel+V%C3%A0m+C%E1%BB%8F/data=!4m7!3m6!1s0x31754b59087c0d33:0x159e1f9436250f8b!8m2!3d10.5034965!4d106.6026064!16s/g/11v3x8w9mr!19sChIJMw18CFlLdTERiw8lNpQfnhU?authuser=0&hl=vi&g_ep=EgoyMDI2MDkwMi4wIJJjKgBIAVAD&rclk=1'
2026-09-07 15:50:28,977 | INFO | Google Maps ADDRESS search 3/3: Lodge
2026-09-07 15:50:34,803 | INFO | ADDRESS PHASE FAILED -> TITLE FALLBACK | Vàm Cỏ Hotel | Lodge
2026-09-07 15:50:34,803 | INFO | Google Maps TITLE fallback 1/2: Vàm Cỏ Hotel
2026-09-07 15:50:39,170 | INFO | VERIFY TITLE | input_title='Vàm Cỏ Hotel' | actual_title='Vàm Cỏ Hotel' | input_address='Lodge' | actual_address='' | title_score=1.000 | address_score=0.000 | location_score=0.000 | exact_identity=True | input_has_address=True | success=False | reason=ADDRESS_UNAVAILABLE | url='https://www.google.com/maps/place/V%C3%A0m+C%E1%BB%8F+Hotel/data=!4m7!3m6!1s0x3175497e00c44807:0x4bde79691b0761f2!8m2!3d10.4827045!4d106.6289502!16s/g/11bwh5b54p!19sChIJB0jEAH5JdTER8mEHG2l53ks?authuser=0&hl=vi&g_ep=EgoyMDI2MDkwMi4wIJJjKgBIAVAD&rclk=1'
2026-09-07 15:50:39,639 | INFO | VERIFY TITLE | input_title='Vàm Cỏ Hotel' | actual_title='Hotel Vàm Cỏ' | input_address='Lodge' | actual_address='' | title_score=0.500 | address_score=0.000 | location_score=0.000 | exact_identity=False | input_has_address=True | success=False | reason=TITLE_MISMATCH | url='https://www.google.com/maps/place/Hotel+V%C3%A0m+C%E1%BB%8F/data=!4m7!3m6!1s0x31754b59087c0d33:0x159e1f9436250f8b!8m2!3d10.5034965!4d106.6026064!16s/g/11v3x8w9mr!19sChIJMw18CFlLdTERiw8lNpQfnhU?authuser=0&hl=vi&g_ep=EgoyMDI2MDkwMi4wIJJjKgBIAVAD&rclk=1'
2026-09-07 15:50:39,640 | INFO | Google Maps TITLE fallback 2/2: Vàm Cỏ Hotel, lodge
2026-09-07 15:50:46,429 | INFO | VERIFY TITLE | input_title='Vàm Cỏ Hotel' | actual_title='Vàm Cỏ Hotel' | input_address='Lodge' | actual_address='' | title_score=1.000 | address_score=0.000 | location_score=0.000 | exact_identity=True | input_has_address=True | success=False | reason=ADDRESS_UNAVAILABLE | url='https://www.google.com/maps/place/V%C3%A0m+C%E1%BB%8F+Hotel/data=!4m7!3m6!1s0x3175497e00c44807:0x4bde79691b0761f2!8m2!3d10.4827045!4d106.6289502!16s/g/11bwh5b54p!19sChIJB0jEAH5JdTER8mEHG2l53ks?authuser=0&hl=vi&g_ep=EgoyMDI2MDkwMi4wIJJjKgBIAVAD&rclk=1'
2026-09-07 15:50:46,977 | INFO | VERIFY TITLE | input_title='Vàm Cỏ Hotel' | actual_title='Hotel Vàm Cỏ' | input_address='Lodge' | actual_address='' | title_score=0.500 | address_score=0.000 | location_score=0.000 | exact_identity=False | input_has_address=True | success=False | reason=TITLE_MISMATCH | url='https://www.google.com/maps/place/Hotel+V%C3%A0m+C%E1%BB%8F/data=!4m7!3m6!1s0x31754b59087c0d33:0x159e1f9436250f8b!8m2!3d10.5034965!4d106.6026064!16s/g/11v3x8w9mr!19sChIJMw18CFlLdTERiw8lNpQfnhU?authuser=0&hl=vi&g_ep=EgoyMDI2MDkwMi4wIJJjKgBIAVAD&rclk=1'
2026-09-07 15:50:46,977 | WARNING | Google Maps NOT_VERIFIED after ADDRESS + TITLE fallback | title='Vàm Cỏ Hotel' | address='Lodge' | detail_reason=PROVINCE_MISMATCH
2026-09-07 15:50:46,977 | INFO | EXCEL SEARCH RESULT | success=False | status=MISSING | reason=NOT_VERIFIED | detail_reason=PROVINCE_MISMATCH | google_maps_url=None | url=None | cleaned_url=''
2026-09-07 15:50:48,703 | INFO | Existing URL check | maps_col=google_maps_url | url_col=URL | maps='' | url='' | reusable=''
2026-09-07 15:50:48,866 | INFO | Google Maps ADDRESS search 1/3: Hotel, Xuan Trang Hotel
2026-09-07 15:50:54,159 | INFO | DIRECT PLACE DETECTED DURING HYDRATION | attempt=2/4 | mode=address | title='Xuan Trang Hotel' | url='https://www.google.com/maps/place/Kh%C3%A1ch+s%E1%BA%A1n+Xu%C3%A2n+Trang/@11.0965704,106.2683168,17z/data=!3m1!4b1!4m9!3m8!1s0x310b3b448e234bdb:0x549eab60bf282985!5m2!4m1!1i2!8m2!3d11.0965704!4d106.2683168!16s%2Fg%2F11c5_54sgv?entry=ttu&g_ep=EgoyMDI2MDkwMi4wIKXMDSoASAFQAw%3D%3D'
2026-09-07 15:50:57,103 | INFO | VERIFY ADDRESS | input_title='Xuan Trang Hotel' | actual_title='Khách sạn Xuân Trang' | input_address='Hotel' | actual_address='' | title_score=0.556 | address_score=0.000 | location_score=0.000 | exact_identity=False | input_has_address=True | success=False | reason=ADDRESS_TITLE_MISMATCH | url='https://www.google.com/maps/place/Kh%C3%A1ch+s%E1%BA%A1n+Xu%C3%A2n+Trang/@11.0965704,106.2683168,17z/data=!3m1!4b1!4m9!3m8!1s0x310b3b448e234bdb:0x549eab60bf282985!5m2!4m1!1i2!8m2!3d11.0965704!4d106.2683168!16s%2Fg%2F11c5_54sgv?entry=ttu&g_ep=EgoyMDI2MDkwMi4wIKXMDSoASAFQAw%3D%3D'
2026-09-07 15:50:57,104 | INFO | Google Maps ADDRESS search 2/3: Xuan Trang Hotel, Hotel
2026-09-07 15:51:03,611 | INFO | VERIFY ADDRESS | input_title='Xuan Trang Hotel' | actual_title='Xuan An Hotel' | input_address='Hotel' | actual_address='' | title_score=0.897 | address_score=0.000 | location_score=0.000 | exact_identity=False | input_has_address=True | success=False | reason=ADDRESS_UNAVAILABLE | url='https://www.google.com/maps/place/Xuan+An+Hotel/data=!4m10!3m9!1s0x317529372b223339:0x57dcc7ad48eec748!5m2!4m1!1i2!8m2!3d10.7996076!4d106.6587628!16s/g/1vxcsxjm!19sChIJOTMiKzcpdTERSMfuSK3H3Fc?authuser=0&hl=vi&g_ep=EgoyMDI2MDkwMi4wIJJjKgBIAVAD&rclk=1'
2026-09-07 15:51:03,612 | INFO | Google Maps ADDRESS search 3/3: Hotel
2026-09-07 15:51:10,809 | INFO | ADDRESS PHASE FAILED -> TITLE FALLBACK | Xuan Trang Hotel | Hotel
2026-09-07 15:51:10,810 | INFO | Google Maps TITLE fallback 1/2: Xuan Trang Hotel
2026-09-07 15:51:18,826 | INFO | Google Maps TITLE fallback 2/2: Xuan Trang Hotel, hotel
2026-09-07 15:51:26,000 | INFO | VERIFY TITLE | input_title='Xuan Trang Hotel' | actual_title='Xuan An Hotel' | input_address='Hotel' | actual_address='' | title_score=0.897 | address_score=0.000 | location_score=0.000 | exact_identity=False | input_has_address=True | success=False | reason=TITLE_MISMATCH | url='https://www.google.com/maps/place/Xuan+An+Hotel/data=!4m10!3m9!1s0x317529372b223339:0x57dcc7ad48eec748!5m2!4m1!1i2!8m2!3d10.7996076!4d106.6587628!16s/g/1vxcsxjm!19sChIJOTMiKzcpdTERSMfuSK3H3Fc?authuser=0&hl=vi&g_ep=EgoyMDI2MDkwMi4wIJJjKgBIAVAD&rclk=1'
2026-09-07 15:51:26,000 | WARNING | Google Maps NOT_VERIFIED after ADDRESS + TITLE fallback | title='Xuan Trang Hotel' | address='Hotel' | detail_reason=ADDRESS_UNAVAILABLE
2026-09-07 15:51:26,001 | INFO | EXCEL SEARCH RESULT | success=False | status=MISSING | reason=NOT_VERIFIED | detail_reason=ADDRESS_UNAVAILABLE | google_maps_url=None | url=None | cleaned_url=''
2026-09-07 15:51:27,018 | INFO | Existing URL check | maps_col=google_maps_url | url_col=URL | maps='' | url='' | reusable=''
2026-09-07 15:51:27,019 | INFO | Google Maps ADDRESS search 1/3: Free Wi-Fi, 万富酒店 Khách Sạn Vạn Phú
2026-09-07 15:51:39,056 | INFO | VERIFY ADDRESS | input_title='万富酒店 Khách Sạn Vạn Phú' | actual_title='万富酒店 Khách Sạn Vạn Phú' | input_address='Free Wi-Fi' | actual_address='' | title_score=1.000 | address_score=0.000 | location_score=0.000 | exact_identity=True | input_has_address=True | success=False | reason=ADDRESS_UNAVAILABLE | url='https://www.google.com/maps/place/%E4%B8%87%E5%AF%8C%E9%85%92%E5%BA%97+Kh%C3%A1ch+S%E1%BA%A1n+V%E1%BA%A1n+Ph%C3%BA/data=!4m10!3m9!1s0x310ad300321f9429:0x8937f436adf4b033!5m2!4m1!1i2!8m2!3d10.7851113!4d106.4921339!16s/g/11z5_nl7c_!19sChIJKZQfMgDTCjERM7D0rTb0N4k?authuser=0&hl=vi&g_ep=EgoyMDI2MDkwMi4wIJJjKgBIAVAD&rclk=1'
2026-09-07 15:51:40,453 | INFO | VERIFY ADDRESS | input_title='万富酒店 Khách Sạn Vạn Phú' | actual_title='Khách sạn Phú An' | input_address='Free Wi-Fi' | actual_address='' | title_score=0.788 | address_score=0.000 | location_score=0.000 | exact_identity=False | input_has_address=True | success=False | reason=ADDRESS_TITLE_MISMATCH | url='https://www.google.com/maps/place/Kh%C3%A1ch+s%E1%BA%A1n+Ph%C3%BA+An/data=!4m10!3m9!1s0x317528543432a9e5:0x9313bd6a5663be06!5m2!4m1!1i2!8m2!3d10.8310643!4d106.6823898!16s/g/11c5byg839!19sChIJ5akyNFQodTERBr5jVmq9E5M?authuser=0&hl=vi&g_ep=EgoyMDI2MDkwMi4wIJJjKgBIAVAD&rclk=1'
2026-09-07 15:51:40,453 | INFO | Google Maps ADDRESS search 2/3: 万富酒店 Khách Sạn Vạn Phú, Free Wi-Fi
2026-09-07 15:51:46,084 | INFO | DIRECT PLACE DETECTED DURING HYDRATION | attempt=4/4 | mode=address | title='万富酒店 Khách Sạn Vạn Phú' | url='https://www.google.com/maps/place/%E4%B8%87%E5%AF%8C%E9%85%92%E5%BA%97+Kh%C3%A1ch+S%E1%BA%A1n+V%E1%BA%A1n+Ph%C3%BA/@10.7851113,106.4921339,17z/data=!3m1!4b1!4m9!3m8!1s0x310ad300321f9429:0x8937f436adf4b033!5m2!4m1!1i2!8m2!3d10.7851113!4d106.4921339!16s%2Fg%2F11z5_nl7c_?entry=ttu&g_ep=EgoyMDI2MDkwMi4wIKXMDSoASAFQAw%3D%3D'
2026-09-07 15:51:50,272 | INFO | VERIFY ADDRESS | input_title='万富酒店 Khách Sạn Vạn Phú' | actual_title='万富酒店 Khách Sạn Vạn Phú' | input_address='Free Wi-Fi' | actual_address='Đường số 11C Tân Đô, Khu công nghiệp, Đức Hòa, Tây Ninh, Việt Nam' | title_score=1.000 | address_score=0.000 | location_score=0.000 | exact_identity=True | input_has_address=True | success=False | reason=PROVINCE_MISMATCH | url='https://www.google.com/maps/place/%E4%B8%87%E5%AF%8C%E9%85%92%E5%BA%97+Kh%C3%A1ch+S%E1%BA%A1n+V%E1%BA%A1n+Ph%C3%BA/@10.7851113,106.4921339,17z/data=!3m1!4b1!4m9!3m8!1s0x310ad300321f9429:0x8937f436adf4b033!5m2!4m1!1i2!8m2!3d10.7851113!4d106.4921339!16s%2Fg%2F11z5_nl7c_?entry=ttu&g_ep=EgoyMDI2MDkwMi4wIKXMDSoASAFQAw%3D%3D'
2026-09-07 15:51:50,272 | INFO | Google Maps ADDRESS search 3/3: Free Wi-Fi
2026-09-07 15:51:59,119 | INFO | ADDRESS PHASE FAILED -> TITLE FALLBACK | 万富酒店 Khách Sạn Vạn Phú | Free Wi-Fi
2026-09-07 15:51:59,147 | INFO | Google Maps TITLE fallback 1/3: 万富酒店 Khách Sạn Vạn Phú
2026-09-07 15:52:05,084 | INFO | DIRECT PLACE DETECTED DURING HYDRATION | attempt=2/4 | mode=title | title='万富酒店 Khách Sạn Vạn Phú' | url='https://www.google.com/maps/place/%E4%B8%87%E5%AF%8C%E9%85%92%E5%BA%97+Kh%C3%A1ch+S%E1%BA%A1n+V%E1%BA%A1n+Ph%C3%BA/@10.7851113,106.4921339,17z/data=!3m1!4b1!4m9!3m8!1s0x310ad300321f9429:0x8937f436adf4b033!5m2!4m1!1i2!8m2!3d10.7851113!4d106.4921339!16s%2Fg%2F11z5_nl7c_?entry=ttu&g_ep=EgoyMDI2MDkwMi4wIKXMDSoASAFQAw%3D%3D'
2026-09-07 15:52:11,925 | INFO | VERIFY TITLE | input_title='万富酒店 Khách Sạn Vạn Phú' | actual_title='万富酒店 Khách Sạn Vạn Phú' | input_address='Free Wi-Fi' | actual_address='Đường số 11C Tân Đô, Khu công nghiệp, Đức Hòa, Tây Ninh, Việt Nam' | title_score=1.000 | address_score=0.000 | location_score=0.000 | exact_identity=True | input_has_address=True | success=False | reason=PROVINCE_MISMATCH | url='https://www.google.com/maps/place/%E4%B8%87%E5%AF%8C%E9%85%92%E5%BA%97+Kh%C3%A1ch+S%E1%BA%A1n+V%E1%BA%A1n+Ph%C3%BA/@10.7851113,106.4921339,17z/data=!3m1!4b1!4m9!3m8!1s0x310ad300321f9429:0x8937f436adf4b033!5m2!4m1!1i2!8m2!3d10.7851113!4d106.4921339!16s%2Fg%2F11z5_nl7c_?entry=ttu&g_ep=EgoyMDI2MDkwMi4wIKXMDSoASAFQAw%3D%3D'
2026-09-07 15:52:11,925 | INFO | Google Maps TITLE fallback 2/3: 万富酒店 Khách Sạn Vạn Phú, free wi fi
2026-09-07 15:52:22,069 | INFO | DIRECT PLACE DETECTED DURING HYDRATION | attempt=2/4 | mode=title | title='万富酒店 Khách Sạn Vạn Phú' | url='https://www.google.com/maps/place/%E4%B8%87%E5%AF%8C%E9%85%92%E5%BA%97+Kh%C3%A1ch+S%E1%BA%A1n+V%E1%BA%A1n+Ph%C3%BA/@10.7851113,106.4921339,17z/data=!3m1!4b1!4m9!3m8!1s0x310ad300321f9429:0x8937f436adf4b033!5m2!4m1!1i2!8m2!3d10.7851113!4d106.4921339!16s%2Fg%2F11z5_nl7c_?entry=ttu&g_ep=EgoyMDI2MDkwMi4wIKXMDSoASAFQAw%3D%3D'
2026-09-07 15:52:24,178 | INFO | VERIFY TITLE | input_title='万富酒店 Khách Sạn Vạn Phú' | actual_title='万富酒店 Khách Sạn Vạn Phú' | input_address='Free Wi-Fi' | actual_address='Đường số 11C Tân Đô, Khu công nghiệp, Đức Hòa, Tây Ninh, Việt Nam' | title_score=1.000 | address_score=0.000 | location_score=0.000 | exact_identity=True | input_has_address=True | success=False | reason=PROVINCE_MISMATCH | url='https://www.google.com/maps/place/%E4%B8%87%E5%AF%8C%E9%85%92%E5%BA%97+Kh%C3%A1ch+S%E1%BA%A1n+V%E1%BA%A1n+Ph%C3%BA/@10.7851113,106.4921339,17z/data=!3m1!4b1!4m9!3m8!1s0x310ad300321f9429:0x8937f436adf4b033!5m2!4m1!1i2!8m2!3d10.7851113!4d106.4921339!16s%2Fg%2F11z5_nl7c_?entry=ttu&g_ep=EgoyMDI2MDkwMi4wIKXMDSoASAFQAw%3D%3D'
2026-09-07 15:52:24,178 | INFO | Google Maps TITLE fallback 3/3: 万富酒店 Khách Sạn Vạn Phú, Free Wi-Fi
2026-09-07 15:52:29,214 | INFO | DIRECT PLACE DETECTED DURING HYDRATION | attempt=4/4 | mode=title | title='万富酒店 Khách Sạn Vạn Phú' | url='https://www.google.com/maps/place/%E4%B8%87%E5%AF%8C%E9%85%92%E5%BA%97+Kh%C3%A1ch+S%E1%BA%A1n+V%E1%BA%A1n+Ph%C3%BA/@10.7851113,106.4921339,17z/data=!3m1!4b1!4m9!3m8!1s0x310ad300321f9429:0x8937f436adf4b033!5m2!4m1!1i2!8m2!3d10.7851113!4d106.4921339!16s%2Fg%2F11z5_nl7c_?entry=ttu&g_ep=EgoyMDI2MDkwMi4wIKXMDSoASAFQAw%3D%3D'
2026-09-07 15:52:30,723 | INFO | VERIFY TITLE | input_title='万富酒店 Khách Sạn Vạn Phú' | actual_title='万富酒店 Khách Sạn Vạn Phú' | input_address='Free Wi-Fi' | actual_address='' | title_score=1.000 | address_score=0.000 | location_score=0.000 | exact_identity=True | input_has_address=True | success=False | reason=ADDRESS_UNAVAILABLE | url='https://www.google.com/maps/place/%E4%B8%87%E5%AF%8C%E9%85%92%E5%BA%97+Kh%C3%A1ch+S%E1%BA%A1n+V%E1%BA%A1n+Ph%C3%BA/@10.7851113,106.4921339,17z/data=!3m1!4b1!4m9!3m8!1s0x310ad300321f9429:0x8937f436adf4b033!5m2!4m1!1i2!8m2!3d10.7851113!4d106.4921339!16s%2Fg%2F11z5_nl7c_?entry=ttu&g_ep=EgoyMDI2MDkwMi4wIKXMDSoASAFQAw%3D%3D'
2026-09-07 15:52:30,723 | WARNING | Google Maps NOT_VERIFIED after ADDRESS + TITLE fallback | title='万富酒店 Khách Sạn Vạn Phú' | address='Free Wi-Fi' | detail_reason=PROVINCE_MISMATCH
2026-09-07 15:52:30,723 | INFO | EXCEL SEARCH RESULT | success=False | status=MISSING | reason=NOT_VERIFIED | detail_reason=PROVINCE_MISMATCH | google_maps_url=None | url=None | cleaned_url=''
2026-09-07 15:52:32,478 | INFO | Existing URL check | maps_col=google_maps_url | url_col=URL | maps='' | url='' | reusable=''
2026-09-07 15:52:32,479 | INFO | Google Maps ADDRESS search 1/3: Holiday apartment rental, 🏡 HOMESTAY
2026-09-07 15:52:32,481 | WARNING | Cannot create page | error=BrowserContext.new_page: Target page, context or browser has been closed
2026-09-07 15:52:32,483 | INFO | Google Maps ADDRESS search 2/3: 🏡 HOMESTAY, Holiday apartment rental
2026-09-07 15:52:32,485 | WARNING | Cannot create page | error=BrowserContext.new_page: Target page, context or browser has been closed
2026-09-07 15:52:32,486 | INFO | Google Maps ADDRESS search 3/3: Holiday apartment rental
2026-09-07 15:52:32,487 | WARNING | Cannot create page | error=BrowserContext.new_page: Target page, context or browser has been closed
2026-09-07 15:52:32,488 | INFO | ADDRESS PHASE FAILED -> TITLE FALLBACK | 🏡 HOMESTAY | Holiday apartment rental
2026-09-07 15:52:32,488 | INFO | Google Maps TITLE fallback 1/2: 🏡 HOMESTAY
2026-09-07 15:52:32,490 | WARNING | Cannot create page | error=BrowserContext.new_page: Target page, context or browser has been closed
2026-09-07 15:52:32,490 | INFO | Google Maps TITLE fallback 2/2: 🏡 HOMESTAY, holiday apartment rental
2026-09-07 15:52:32,493 | WARNING | Cannot create page | error=BrowserContext.new_page: Target page, context or browser has been closed
2026-09-07 15:52:32,493 | WARNING | Google Maps NOT_VERIFIED after ADDRESS + TITLE fallback | title='🏡 HOMESTAY' | address='Holiday apartment rental' | detail_reason=NAVIGATION_FAILED
2026-09-07 15:52:32,494 | INFO | EXCEL SEARCH RESULT | success=False | status=MISSING | reason=NOT_VERIFIED | detail_reason=NAVIGATION_FAILED | google_maps_url=None | url=None | cleaned_url=''
2026-09-07 15:52:33,588 | INFO | Existing URL check | maps_col=google_maps_url | url_col=URL | maps='' | url='' | reusable=''
2026-09-07 15:52:33,589 | INFO | Google Maps ADDRESS search 1/3: Homestay, 50b Homestay
2026-09-07 15:52:33,590 | WARNING | Cannot create page | error=BrowserContext.new_page: Target page, context or browser has been closed
2026-09-07 15:52:33,590 | INFO | Google Maps ADDRESS search 2/3: 50b Homestay, Homestay
2026-09-07 15:52:33,591 | WARNING | Cannot create page | error=BrowserContext.new_page: Target page, context or browser has been closed
2026-09-07 15:52:33,591 | INFO | Google Maps ADDRESS search 3/3: Homestay
2026-09-07 15:52:33,592 | WARNING | Cannot create page | error=BrowserContext.new_page: Target page, context or browser has been closed
2026-09-07 15:52:33,593 | INFO | ADDRESS PHASE FAILED -> TITLE FALLBACK | 50b Homestay | Homestay
2026-09-07 15:52:33,593 | INFO | Google Maps TITLE fallback 1/2: 50b Homestay
2026-09-07 15:52:33,594 | WARNING | Cannot create page | error=BrowserContext.new_page: Target page, context or browser has been closed
2026-09-07 15:52:33,594 | INFO | Google Maps TITLE fallback 2/2: 50b Homestay, homestay
2026-09-07 15:52:33,595 | WARNING | Cannot create page | error=BrowserContext.new_page: Target page, context or browser has been closed
2026-09-07 15:52:33,595 | WARNING | Google Maps NOT_VERIFIED after ADDRESS + TITLE fallback | title='50b Homestay' | address='Homestay' | detail_reason=NAVIGATION_FAILED
2026-09-07 15:52:33,595 | INFO | EXCEL SEARCH RESULT | success=False | status=MISSING | reason=NOT_VERIFIED | detail_reason=NAVIGATION_FAILED | google_maps_url=None | url=None | cleaned_url=''
