2026-09-06 23:22:14,807 | INFO | JSON lookup loaded: 0 Maps URLs
2026-09-06 23:22:23,587 | INFO | Existing URL check | maps_col=google_maps_url | url_col=URL | maps='' | url='' | reusable=''
2026-09-06 23:23:08,860 | INFO | VERIFY ADDRESS | input_title='nhà gỗ homestay nguyên văn - Double Room' | actual_title='Crown Retreat Resort Quy Nhon' | input_address='Hưng Lương, Quy Nhon Dong, Gia Lai, Vietnam' | actual_address='' | title_score=0.298 | address_score=0.000 | location_score=0.000 | exact_identity=False | input_has_address=True | success=False | reason=ADDRESS_TITLE_MISMATCH | url='https://www.google.com/maps/place/Crown+Retreat+Resort+Quy+Nhon/data=!4m10!3m9!1s0x316f4129366200a1:0x91fd82de0538da25!5m2!4m1!1i2!8m2!3d13.954064!4d109.241083!16s%2Fg%2F11c2ppkchj!19sChIJoQBiNilBbzERJdo4Bd6C_ZE?authuser=0&hl=vi&g_ep=EgoyMDI2MDkwMS4wIJJjKgBIAVAD&rclk=1'
2026-09-06 23:23:08,877 | INFO | Google Maps ADDRESS search 1/3: Hưng Lương, Quy Nhon Dong, Gia Lai, Vietnam, nhà gỗ homestay nguyên văn - Double Room
2026-09-06 23:23:08,916 | WARNING | Cannot create page | error=BrowserContext.new_page: Target page, context or browser has been closed
2026-09-06 23:23:09,041 | INFO | Google Maps ADDRESS search 2/3: nhà gỗ homestay nguyên văn - Double Room, Hưng Lương, Quy Nhon Dong, Gia Lai, Vietnam
2026-09-06 23:23:09,503 | WARNING | Cannot create page | error=BrowserContext.new_page: Target page, context or browser has been closed
2026-09-06 23:23:09,503 | INFO | Google Maps ADDRESS search 3/3: Hưng Lương, Quy Nhon Dong, Gia Lai, Vietnam
2026-09-06 23:23:09,573 | WARNING | Cannot create page | error=BrowserContext.new_page: Target page, context or browser has been closed
2026-09-06 23:23:09,574 | INFO | ADDRESS PHASE FAILED -> TITLE FALLBACK | nhà gỗ homestay nguyên văn - Double Room | Hưng Lương, Quy Nhon Dong, Gia Lai, Vietnam
2026-09-06 23:23:09,574 | INFO | Google Maps TITLE fallback 1/3: nhà gỗ homestay nguyên văn - Double Room
2026-09-06 23:23:09,576 | WARNING | Cannot create page | error=BrowserContext.new_page: Target page, context or browser has been closed
2026-09-06 23:23:09,577 | INFO | Google Maps TITLE fallback 2/3: nhà gỗ homestay nguyên văn - Double Room, quy nhon dong, gia lai
2026-09-06 23:23:09,620 | WARNING | Cannot create page | error=BrowserContext.new_page: Target page, context or browser has been closed
2026-09-06 23:23:09,620 | INFO | Google Maps TITLE fallback 3/3: nhà gỗ homestay nguyên văn - Double Room, Hưng Lương, Quy Nhon Dong, Gia Lai, Vietnam
2026-09-06 23:23:09,632 | WARNING | Cannot create page | error=BrowserContext.new_page: Target page, context or browser has been closed
2026-09-06 23:23:09,632 | WARNING | Google Maps NOT_FOUND after ADDRESS + TITLE fallback | title='nhà gỗ homestay nguyên văn - Double Room' | address='Hưng Lương, Quy Nhon Dong, Gia Lai, Vietnam' | reason=TITLE_NAVIGATION_FAILED
2026-09-06 23:23:09,633 | INFO | EXCEL SEARCH RESULT | success=False | reason=TITLE_NAVIGATION_FAILED | google_maps_url=None | url=None | cleaned_url=''
2026-09-06 23:23:11,245 | INFO | Existing URL check | maps_col=google_maps_url | url_col=URL | maps='' | url='Motel' | reusable=''
2026-09-06 23:23:11,342 | WARNING | Cannot create page | error=BrowserContext.new_page: Target page, context or browser has been closed
2026-09-06 23:23:11,342 | INFO | Google Maps ADDRESS search 1/3: V33FFV3, An Nhơn Nam, Gia Lai, Vietnam, Nhà Nghỉ Thanh Vy
2026-09-06 23:23:11,363 | WARNING | Cannot create page | error=BrowserContext.new_page: Target page, context or browser has been closed
2026-09-06 23:23:11,363 | INFO | Google Maps ADDRESS search 2/3: Nhà Nghỉ Thanh Vy, V33FFV3, An Nhơn Nam, Gia Lai, Vietnam
2026-09-06 23:23:11,387 | WARNING | Cannot create page | error=BrowserContext.new_page: Target page, context or browser has been closed
2026-09-06 23:23:11,387 | INFO | Google Maps ADDRESS search 3/3: V33FFV3, An Nhơn Nam, Gia Lai, Vietnam
2026-09-06 23:23:11,645 | WARNING | Cannot create page | error=BrowserContext.new_page: Target page, context or browser has been closed
2026-09-06 23:23:11,646 | INFO | ADDRESS PHASE FAILED -> TITLE FALLBACK | Nhà Nghỉ Thanh Vy | V33FFV3, An Nhơn Nam, Gia Lai, Vietnam
2026-09-06 23:23:11,646 | INFO | Google Maps TITLE fallback 1/3: Nhà Nghỉ Thanh Vy
2026-09-06 23:23:11,680 | WARNING | Cannot create page | error=BrowserContext.new_page: Target page, context or browser has been closed
2026-09-06 23:23:11,681 | INFO | Google Maps TITLE fallback 2/3: Nhà Nghỉ Thanh Vy, an nhon nam, gia lai
2026-09-06 23:23:11,711 | WARNING | Cannot create page | error=BrowserContext.new_page: Target page, context or browser has been closed
2026-09-06 23:23:11,712 | INFO | Google Maps TITLE fallback 3/3: Nhà Nghỉ Thanh Vy, V33FFV3, An Nhơn Nam, Gia Lai, Vietnam
2026-09-06 23:23:11,724 | WARNING | Cannot create page | error=BrowserContext.new_page: Target page, context or browser has been closed
2026-09-06 23:23:11,724 | WARNING | Google Maps NOT_FOUND after ADDRESS + TITLE fallback | title='Nhà Nghỉ Thanh Vy' | address='V33FFV3, An Nhơn Nam, Gia Lai, Vietnam' | reason=TITLE_NAVIGATION_FAILED
2026-09-06 23:23:11,724 | INFO | EXCEL SEARCH RESULT | success=False | reason=TITLE_NAVIGATION_FAILED | google_maps_url=None | url=None | cleaned_url=''
